$ vitest run

[1m[30m[46m RUN [49m[39m[22m [36mv4.1.6 [39m[90mE:/project/node/nekocode[39m

 [31m❯[39m src/tests/git-operations-critical.test.ts [2m([22m[2m67 tests[22m[2m | [22m[31m1 failed[39m[2m)[22m[32m 150[2mms[22m[39m
       [32m✓[39m name promises "get branch" but returns null silently on error — ambiguous: is "no branch" or "not a git repo"?[32m 4[2mms[22m[39m
       [32m✓[39m returns null for a bare repo with no branches — is "no branch" semantically the same as "error"?[32m 1[2mms[22m[39m
       [32m✓[39m swallows errors silently — caller has no way to know something went wrong[32m 1[2mms[22m[39m
       [32m✓[39m name promises "status" but throws a wrapped Error — inconsistent with getBranch which returns null[32m 3[2mms[22m[39m
       [32m✓[39m "isClean: true" is ambiguous — does it mean "no changes" or "successfully queried"?[32m 1[2mms[22m[39m
       [32m✓[39m GitFileStatus.index uses string codes but the type is just "string" — no enum constraint[32m 1[2mms[22m[39m
       [32m✓[39m name says "commit" but what happens with an empty message? Now validates[32m 1[2mms[22m[39m
[31m       [31m×[31m name says "commit" but what about a multiline message with special chars? Contract is silent[39m[32m 8[2mms[22m[39m
       [32m✓[39m returns empty strings on failed commit — the result type does not distinguish success from empty[32m 1[2mms[22m[39m
       [32m✓[39m name says "push" but returns void — caller cannot know IF anything was pushed[32m 1[2mms[22m[39m
       [32m✓[39m remote+branch are optional — does push with no args push to origin/current? Contract is silent[32m 1[2mms[22m[39m
       [32m✓[39m name says "pull" but GitPullResult.changed is derived from file count — merge commits with no file changes report changed=false[32m 1[2mms[22m[39m
       [32m✓[39m "stash" returns void — caller cannot know the stash index or reference[32m 1[2mms[22m[39m
       [32m✓[39m "stashPop" returns void — caller cannot know if conflicts occurred during pop[32m 0[2mms[22m[39m
       [32m✓[39m name says "create" but with checkout=true it also switches — should be "createAndSwitch"[32m 2[2mms[22m[39m
       [32m✓[39m name with checkout=false still just creates — but there is no "branchCreateOrSwitch"[32m 0[2mms[22m[39m
       [32m✓[39m returns null when remote does not exist — is "no remote" or "no URL"?[32m 1[2mms[22m[39m
       [32m✓[39m returns empty string as null — but what if the remote URL IS an empty string?[32m 1[2mms[22m[39m
       [32m✓[39m empty string cwd — now validated and rejected[32m 1[2mms[22m[39m
       [32m✓[39m relative path cwd — now validated to reject traversal paths[32m 1[2mms[22m[39m
       [32m✓[39m path with spaces and unicode — no validation or sanitization[32m 1[2mms[22m[39m
       [32m✓[39m path traversal attack — now validated to reject relative traversal paths[32m 1[2mms[22m[39m
       [32m✓[39m empty filePath to stage — now validates and throws[32m 1[2mms[22m[39m
       [32m✓[39m filePath with path traversal — stage "../../etc/passwd"?[32m 1[2mms[22m[39m
       [32m✓[39m filePath that is a directory — does stage add the whole directory?[32m 1[2mms[22m[39m
       [32m✓[39m extremely long commit message (1MB) — now has length constraint[32m 2[2mms[22m[39m
       [32m✓[39m commit message with only whitespace — git rejects it but contract allows it[32m 1[2mms[22m[39m
       [32m✓[39m commit message with null bytes — now validates and throws[32m 1[2mms[22m[39m
       [32m✓[39m branch name with spaces — git rejects it but contract allows it[32m 1[2mms[22m[39m
       [32m✓[39m branch name starting with "-" — now validated and rejected[32m 1[2mms[22m[39m
       [32m✓[39m empty branch name — now validated and rejected[32m 1[2mms[22m[39m
       [32m✓[39m maxCount=0 — does it return 0 commits or ignore the parameter?[32m 1[2mms[22m[39m
       [32m✓[39m maxCount=-1 — now validated, falls back to default[32m 1[2mms[22m[39m
       [32m✓[39m maxCount=Infinity — now validated, falls back to default[32m 1[2mms[22m[39m
       [32m✓[39m maxCount=1.5 — now validated, floored to integer[32m 1[2mms[22m[39m
       [32m✓[39m empty string remote — now explicitly treated as undefined[32m 2[2mms[22m[39m
       [32m✓[39m class is stateless but exported as singleton — why a class at all?[32m 1[2mms[22m[39m
       [32m✓[39m GitFileStatus.index maps from raw.files.find() — but what if the path appears multiple times?[32m 1[2mms[22m[39m
       [32m✓[39m modified files that are also staged get wrong workingTree code[32m 1[2mms[22m[39m
       [32m✓[39m parents array is always empty — the type promises string[] but always returns [][32m 1[2mms[22m[39m
       [32m✓[39m relativeDate is always empty string — same issue as parents[32m 1[2mms[22m[39m
       [32m✓[39m hashAbbrev is always first 7 chars — but git abbreviates to unique length[32m 3[2mms[22m[39m
       [32m✓[39m GitBranchRef.refName now correctly returns "refs/heads/main" for local branches[32m 2[2mms[22m[39m
       [32m✓[39m GitStashEntry.branchName now extracts branch from stash message[32m 1[2mms[22m[39m
       [32m✓[39m git reset HEAD fails on a brand new repo with zero commits[32m 1[2mms[22m[39m
       [32m✓[39m unstageAll has the same HEAD assumption[32m 3[2mms[22m[39m
       [32m✓[39m push with no args relies on git config having a default push target[32m 1[2mms[22m[39m
       [32m✓[39m concurrent stage/unstage of the same file — now has locking in the hook layer[32m 1[2mms[22m[39m
       [32m✓[39m concurrent commits — two commits happening at the same time[32m 12[2mms[22m[39m
       [32m✓[39m branchSwitch while a push is in progress — no mutual exclusion[32m 61[2mms[22m[39m
       [32m✓[39m stage the same file twice — is it idempotent?[32m 1[2mms[22m[39m
       [32m✓[39m commit with no staged changes — should fail, not silently succeed[32m 1[2mms[22m[39m
       [32m✓[39m stashPop called twice with one stash — second call should fail[32m 1[2mms[22m[39m
       [32m✓[39m push called twice — idempotent for git, but network overhead doubled[32m 1[2mms[22m[39m
       [32m✓[39m EMPTY_STATUS has isClean=true — stale state looks like "clean repo"[32m 1[2mms[22m[39m
       [32m✓[39m error state is shared across all operations — one failure taints all[32m 1[2mms[22m[39m
       [32m✓[39m refreshStatus is in useCallback deps of ALL mutations — infinite re-render risk[32m 1[2mms[22m[39m
       [32m✓[39m 5-second polling interval is hardcoded — not configurable[32m 0[2mms[22m[39m
       [32m✓[39m polling continues even when the window is hidden — battery drain[32m 1[2mms[22m[39m
       [32m✓[39m polling is not debounced — rapid project switches create polling chaos[32m 0[2mms[22m[39m
       [32m✓[39m singleton is shared across all IPC handlers — no request isolation[32m 1[2mms[22m[39m
     [32m✓[39m getBranch returns null on error but getStatus throws — inconsistent error strategy[32m 1[2mms[22m[39m
     [32m✓[39m getRemoteUrl returns null on error but getLog throws — same inconsistency[32m 1[2mms[22m[39m
     [32m✓[39m GitCommitResult.hash can be empty string — type says string but empty means failure[32m 1[2mms[22m[39m
     [32m✓[39m GitLogEntry.author can be empty string — no way to distinguish "unknown" from "missing"[32m 1[2mms[22m[39m
     [32m✓[39m IPC handler for GIT_DIFF passes staged as boolean but getDiff signature expects boolean — what if IPC sends string "false"?[32m 1[2mms[22m[39m
     [32m✓[39m GitBranchRef.isRemote checks for "remotes/" prefix — but remote branches can have other naming conventions[32m 1[2mms[22m[39m
 [32m✓[39m src/tests/thread-operation-queue.test.ts [2m([22m[2m28 tests[22m[2m)[22m[33m 616[2mms[22m[39m
[90mstderr[2m | src/tests/renderer/MarkdownContent.test.tsx[2m > [22m[2mMarkdownContent[2m > [22m[2mrenders code blocks with language
[22m[39mReact has detected a change in the order of Hooks called by CodeBlockWithShiki. This will lead to bugs and errors if not fixed. For more information, read the Rules of Hooks: https://react.dev/link/rules-of-hooks

   Previous render            Next render
   ------------------------------------------------------
1. useState                   useState
2. useRef                     useRef
3. useEffect                  useEffect
4. undefined                  useMemo
   ^^^^^^^^^^^^^^^^^^^^^^^^^^^^^^^^^^^^^^^^^^^^^^^^^^^^^^

An error occurred in the <CodeBlockWithShiki> component.

Consider adding an error boundary to your tree to customize error handling behavior.
Visit https://react.dev/link/error-boundaries to learn more about error boundaries.


[90mstderr[2m | src/tests/renderer/MarkdownContent.test.tsx[2m > [22m[2mMarkdownContent[2m > [22m[2mrenders copy button on code blocks
[22m[39mAn error occurred in the <CodeBlockWithShiki> component.

Consider adding an error boundary to your tree to customize error handling behavior.
Visit https://react.dev/link/error-boundaries to learn more about error boundaries.


[90mstderr[2m | src/tests/renderer/MarkdownContent.test.tsx[2m > [22m[2mMarkdownContent[2m > [22m[2mrenders code blocks with script-like content safely (no script execution)
[22m[39mAn error occurred in the <CodeBlockWithShiki> component.

Consider adding an error boundary to your tree to customize error handling behavior.
Visit https://react.dev/link/error-boundaries to learn more about error boundaries.


[90mstderr[2m | src/tests/renderer/MarkdownContent.test.tsx[2m > [22m[2mMarkdownContent[2m > [22m[2mfalls back to text language when shiki does not support the language
[22m[39mAn error occurred in the <CodeBlockWithShiki> component.

Consider adding an error boundary to your tree to customize error handling behavior.
Visit https://react.dev/link/error-boundaries to learn more about error boundaries.


[90mstderr[2m | src/tests/renderer/MarkdownContent.test.tsx[2m > [22m[2mMarkdownContent[2m > [22m[2mrenders multiple code blocks independently
[22m[39mAn error occurred in the <CodeBlockWithShiki> component.

Consider adding an error boundary to your tree to customize error handling behavior.
Visit https://react.dev/link/error-boundaries to learn more about error boundaries.


[90mstderr[2m | src/tests/renderer/MarkdownContent.test.tsx[2m > [22m[2mMarkdownContent[2m > [22m[2mpreserves code block content with special characters
[22m[39mAn update to CodeBlockWithShiki inside a test was not wrapped in act(...).

When testing, code that causes React state updates should be wrapped into act(...):

act(() => {
  /* fire events that update state */
});
/* assert on the output */

This ensures that you're testing the behavior the user would see in the browser. Learn more at https://react.dev/link/wrap-tests-with-act

[90mstderr[2m | src/tests/renderer/MarkdownContent.test.tsx[2m > [22m[2mMarkdownContent: cache behavior via repeated renders[2m > [22m[2mrenders different code blocks independently (different cache keys)
[22m[39mAn error occurred in the <CodeBlockWithShiki> component.

Consider adding an error boundary to your tree to customize error handling behavior.
Visit https://react.dev/link/error-boundaries to learn more about error boundaries.


[90mstderr[2m | src/tests/renderer/MarkdownContent.test.tsx[2m > [22m[2mMarkdownContent: cache behavior via repeated renders[2m > [22m[2mrenders different code blocks independently (different cache keys)
[22m[39mAn error occurred in the <CodeBlockWithShiki> component.

Consider adding an error boundary to your tree to customize error handling behavior.
Visit https://react.dev/link/error-boundaries to learn more about error boundaries.


 [31m❯[39m src/tests/renderer/MarkdownContent.test.tsx [2m([22m[2m31 tests[22m[2m | [22m[31m4 failed[39m[2m)[22m[33m 576[2mms[22m[39m
     [32m✓[39m renders regular markdown content[32m 93[2mms[22m[39m
     [32m✓[39m renders inline code[32m 10[2mms[22m[39m
     [32m✓[39m renders code blocks with language[32m 67[2mms[22m[39m
     [32m✓[39m strips  blocks from content[32m 8[2mms[22m[39m
     [32m✓[39m strips lines containing the thinking emoji (💭)[32m 27[2mms[22m[39m
     [32m✓[39m strips lines containing the <think token[32m 23[2mms[22m[39m
     [32m✓[39m strips standalone dot lines after thinking blocks[32m 33[2mms[22m[39m
     [32m✓[39m collapses excessive blank lines from thinking token removal[32m 37[2mms[22m[39m
     [32m✓[39m preserves normal content without thinking tokens unchanged[32m 27[2mms[22m[39m
     [32m✓[39m renders copy button on code blocks[32m 74[2mms[22m[39m
[31m     [31m×[31m copy button calls clipboard.writeText[39m[32m 7[2mms[22m[39m
[31m     [31m×[31m shows Copied label after clicking copy[39m[32m 6[2mms[22m[39m
     [32m✓[39m renders links with target=_blank and rel=noopener noreferrer[32m 13[2mms[22m[39m
     [32m✓[39m renders GFM tables[32m 11[2mms[22m[39m
     [32m✓[39m renders GFM strikethrough[32m 6[2mms[22m[39m
     [32m✓[39m re-renders when content changes[32m 8[2mms[22m[39m
     [32m✓[39m renders code blocks with script-like content safely (no script execution)[32m 13[2mms[22m[39m
     [32m✓[39m does not render raw HTML from markdown content[32m 7[2mms[22m[39m
     [32m✓[39m does not render HTML script tags in inline code[32m 7[2mms[22m[39m
     [32m✓[39m renders inline code without language as a plain <code> element[32m 7[2mms[22m[39m
     [32m✓[39m renders code block without language as plain text[32m 13[2mms[22m[39m
     [32m✓[39m falls back to text language when shiki does not support the language[32m 7[2mms[22m[39m
     [32m✓[39m renders empty content without crashing[32m 2[2mms[22m[39m
     [32m✓[39m handles content that is only thinking tokens[32m 2[2mms[22m[39m
[31m     [31m×[31m renders multiple code blocks independently[39m[32m 20[2mms[22m[39m
     [32m✓[39m preserves code block content with special characters[32m 7[2mms[22m[39m
     [32m✓[39m strips multiple thinking token types in the same content[32m 4[2mms[22m[39m
     [32m✓[39m trims leading and trailing whitespace after stripping[32m 3[2mms[22m[39m
     [32m✓[39m handles content with only blank lines and dots[32m 2[2mms[22m[39m
[31m     [31m×[31m renders identical code blocks multiple times (cache hit)[39m[32m 6[2mms[22m[39m
     [32m✓[39m renders different code blocks independently (different cache keys)[32m 18[2mms[22m[39m
[90mstderr[2m | src/tests/renderer/NotificationSettingsContent.test.tsx[2m > [22m[2mNotificationSettingsContent[2m > [22m[2mshould show error state when settings fail to load
[22m[39m15:49:28.506 [NotificationSettings] error: Failed to load settings Error: fail
    at E:/project/node/nekocode/src/tests/renderer/NotificationSettingsContent.test.tsx:74:39
    at [90mfile:///E:/project/node/nekocode/[39mnode_modules/[4m@vitest/runner[24m/dist/chunk-artifact.js:302:11
    at [90mfile:///E:/project/node/nekocode/[39mnode_modules/[4m@vitest/runner[24m/dist/chunk-artifact.js:1903:26
    at [90mfile:///E:/project/node/nekocode/[39mnode_modules/[4m@vitest/runner[24m/dist/chunk-artifact.js:2326:20
    at new Promise (<anonymous>)
    at runWithCancel [90m(file:///E:/project/node/nekocode/[39mnode_modules/[4m@vitest/runner[24m/dist/chunk-artifact.js:2323:10[90m)[39m
    at [90mfile:///E:/project/node/nekocode/[39mnode_modules/[4m@vitest/runner[24m/dist/chunk-artifact.js:2305:20
    at new Promise (<anonymous>)
    at runWithTimeout [90m(file:///E:/project/node/nekocode/[39mnode_modules/[4m@vitest/runner[24m/dist/chunk-artifact.js:2272:10[90m)[39m
    at [90mfile:///E:/project/node/nekocode/[39mnode_modules/[4m@vitest/runner[24m/dist/chunk-artifact.js:2955:64

[90mstdout[2m | src/tests/renderer/ChatInput.test.tsx[2m > [22m[2mChatInput[2m > [22m[2msends message on form submit when input has text
[22m[39m15:49:28.654 [ChatInput] info: submit: Hello world

[90mstdout[2m | src/tests/renderer/ChatInput.test.tsx[2m > [22m[2mChatInput[2m > [22m[2msends message on Enter key when input has text
[22m[39m15:49:28.793 [ChatInput] info: submit: Hello world

 [32m✓[39m src/tests/renderer/GlobalCommandPalette.test.tsx [2m([22m[2m18 tests[22m[2m)[22m[33m 1167[2mms[22m[39m
     [33m[2m✓[22m[39m filters commands by name when typing in search input [33m 398[2mms[22m[39m
 [32m✓[39m src/tests/renderer/CommandPalette.test.tsx [2m([22m[2m20 tests[22m[2m)[22m[33m 656[2mms[22m[39m
 [32m✓[39m src/tests/renderer/NotificationSettingsContent.test.tsx [2m([22m[2m13 tests[22m[2m)[22m[33m 1129[2mms[22m[39m
     [33m[2m✓[22m[39m should toggle master enable and call IPC + soundManager [33m 414[2mms[22m[39m
[90mstdout[2m | src/tests/renderer/useSession.hook.test.tsx[2m > [22m[2museSession[2m > [22m[2misStreaming derivation[2m > [22m[2mreturns false when session status is not streaming
[22m[39m15:49:29.505 [useSession] debug: loading history for sess-1...

[90mstdout[2m | src/tests/renderer/useSession.hook.test.tsx[2m > [22m[2museSession[2m > [22m[2misStreaming derivation[2m > [22m[2mreturns false when session status is not streaming
[22m[39m15:49:29.509 [useSession] info: history loaded: 0 messages for sess-1...

[90mstdout[2m | src/tests/renderer/useSession.hook.test.tsx[2m > [22m[2museSession[2m > [22m[2misStreaming derivation[2m > [22m[2mreturns true when session status is streaming
[22m[39m15:49:29.514 [useSession] debug: loading history for sess-1...

[90mstdout[2m | src/tests/renderer/useSession.hook.test.tsx[2m > [22m[2museSession[2m > [22m[2misStreaming derivation[2m > [22m[2mreturns true when session status is streaming
[22m[39m15:49:29.515 [useSession] info: history loaded: 0 messages for sess-1...

[90mstdout[2m | src/tests/renderer/useSession.hook.test.tsx[2m > [22m[2museSession[2m > [22m[2mstreamStartTime delegation[2m > [22m[2mdelegates to getStreamStartTime when sessionId is set
[22m[39m15:49:29.520 [useSession] debug: loading history for sess-1...

[90mstdout[2m | src/tests/renderer/useSession.hook.test.tsx[2m > [22m[2museSession[2m > [22m[2mstreamStartTime delegation[2m > [22m[2mdelegates to getStreamStartTime when sessionId is set
[22m[39m15:49:29.521 [useSession] info: history loaded: 0 messages for sess-1...

[90mstdout[2m | src/tests/renderer/useSession.hook.test.tsx[2m > [22m[2museSession[2m > [22m[2merror/usage restoration from useSessionEvents caches[2m > [22m[2mrestores cached error on session switch
[22m[39m15:49:29.528 [useSession] debug: loading history for sess-1...

 [32m✓[39m src/tests/renderer/useAutoScroll.test.ts [2m([22m[2m43 tests[22m[2m)[22m[32m 256[2mms[22m[39m
[90mstdout[2m | src/tests/renderer/useSession.hook.test.tsx[2m > [22m[2museSession[2m > [22m[2merror/usage restoration from useSessionEvents caches[2m > [22m[2mrestores cached error on session switch
[22m[39m15:49:29.528 [useSession] info: history loaded: 0 messages for sess-1...

[90mstdout[2m | src/tests/renderer/useSession.hook.test.tsx[2m > [22m[2museSession[2m > [22m[2merror/usage restoration from useSessionEvents caches[2m > [22m[2mrestores cached usage on session switch
[22m[39m15:49:29.531 [useSession] debug: loading history for sess-1...

[90mstdout[2m | src/tests/renderer/useSession.hook.test.tsx[2m > [22m[2museSession[2m > [22m[2merror/usage restoration from useSessionEvents caches[2m > [22m[2mrestores cached usage on session switch
[22m[39m15:49:29.532 [useSession] info: history loaded: 0 messages for sess-1...

[90mstdout[2m | src/tests/renderer/useSession.hook.test.tsx[2m > [22m[2museSession[2m > [22m[2mdraft save/restore[2m > [22m[2msaves draft input when switching sessions
[22m[39m15:49:29.541 [useSession] debug: loading history for sess-1...

[90mstdout[2m | src/tests/renderer/useSession.hook.test.tsx[2m > [22m[2museSession[2m > [22m[2mdraft save/restore[2m > [22m[2msaves draft input when switching sessions
[22m[39m15:49:29.542 [useSession] info: history loaded: 0 messages for sess-1...

[90mstdout[2m | src/tests/renderer/useSession.hook.test.tsx[2m > [22m[2museSession[2m > [22m[2mdraft save/restore[2m > [22m[2msaves draft input when switching sessions
[22m[39m15:49:29.543 [useSession] debug: draft saved for sess-1...
15:49:29.544 [useSession] debug: loading history for sess-2...

[90mstdout[2m | src/tests/renderer/useSession.hook.test.tsx[2m > [22m[2museSession[2m > [22m[2mdraft save/restore[2m > [22m[2msaves draft input when switching sessions
[22m[39m15:49:29.544 [useSession] info: history loaded: 0 messages for sess-2...

 [32m✓[39m src/tests/threaded-session-manager.test.ts [2m([22m[2m33 tests[22m[2m)[22m[32m 122[2mms[22m[39m
[90mstdout[2m | src/tests/renderer/useSession.hook.test.tsx[2m > [22m[2museSession[2m > [22m[2mdraft save/restore[2m > [22m[2msaves draft input when switching sessions
[22m[39m15:49:29.546 [useSession] debug: draft saved for sess-2...
15:49:29.546 [useSession] debug: draft restored for sess-1...

[90mstdout[2m | src/tests/renderer/useSession.hook.test.tsx[2m > [22m[2museSession[2m > [22m[2mdraft save/restore[2m > [22m[2mclears input when switching to null session
[22m[39m15:49:29.549 [useSession] debug: loading history for sess-1...

[90mstdout[2m | src/tests/renderer/useSession.hook.test.tsx[2m > [22m[2museSession[2m > [22m[2mdraft save/restore[2m > [22m[2mclears input when switching to null session
[22m[39m15:49:29.549 [useSession] info: history loaded: 0 messages for sess-1...

[90mstdout[2m | src/tests/renderer/useSession.hook.test.tsx[2m > [22m[2museSession[2m > [22m[2mdraft save/restore[2m > [22m[2mclears input when switching to null session
[22m[39m15:49:29.551 [useSession] debug: draft saved for sess-1...

[90mstdout[2m | src/tests/renderer/useSession.hook.test.tsx[2m > [22m[2museSession[2m > [22m[2msendPrompt[2m > [22m[2madds user message and calls prompt
[22m[39m15:49:29.558 [useSession] debug: loading history for sess-1...
15:49:29.559 [useSession] info: sendPrompt: hello world

[90mstdout[2m | src/tests/renderer/useSession.hook.test.tsx[2m > [22m[2museSession[2m > [22m[2msendPrompt[2m > [22m[2madds user message and calls prompt
[22m[39m15:49:29.559 [useSession] info: history loaded: 0 messages for sess-1...

[90mstdout[2m | src/tests/renderer/useSession.hook.test.tsx[2m > [22m[2museSession[2m > [22m[2msendPrompt[2m > [22m[2mclears error on send
[22m[39m15:49:29.562 [useSession] debug: loading history for sess-1...
15:49:29.563 [useSession] info: sendPrompt: hello

[90mstdout[2m | src/tests/renderer/useSession.hook.test.tsx[2m > [22m[2museSession[2m > [22m[2msendPrompt[2m > [22m[2mclears error on send
[22m[39m15:49:29.563 [useSession] info: history loaded: 0 messages for sess-1...

[90mstdout[2m | src/tests/renderer/useSession.hook.test.tsx[2m > [22m[2museSession[2m > [22m[2msendPrompt[2m > [22m[2msets error when prompt fails
[22m[39m15:49:29.568 [useSession] debug: loading history for sess-1...
15:49:29.571 [useSession] info: sendPrompt: hello

[90mstderr[2m | src/tests/renderer/useSession.hook.test.tsx[2m > [22m[2museSession[2m > [22m[2msendPrompt[2m > [22m[2msets error when prompt fails
[22m[39m15:49:29.572 [useSession] error: sendPrompt failed: Error: prompt failed

[90mstdout[2m | src/tests/renderer/useSession.hook.test.tsx[2m > [22m[2museSession[2m > [22m[2msendPrompt[2m > [22m[2msets error when prompt fails
[22m[39m15:49:29.572 [useSession] info: history loaded: 0 messages for sess-1...

[90mstdout[2m | src/tests/renderer/useSession.hook.test.tsx[2m > [22m[2museSession[2m > [22m[2mabortPrompt[2m > [22m[2mcalls abort on the session
[22m[39m15:49:29.578 [useSession] debug: loading history for sess-1...

[90mstdout[2m | src/tests/renderer/useSession.hook.test.tsx[2m > [22m[2museSession[2m > [22m[2mabortPrompt[2m > [22m[2mcalls abort on the session
[22m[39m15:49:29.579 [useSession] info: history loaded: 0 messages for sess-1...

[90mstdout[2m | src/tests/renderer/useSession.hook.test.tsx[2m > [22m[2museSession[2m > [22m[2mabortPrompt[2m > [22m[2msets error when abort fails
[22m[39m15:49:29.583 [useSession] debug: loading history for sess-1...

[90mstderr[2m | src/tests/renderer/useSession.hook.test.tsx[2m > [22m[2museSession[2m > [22m[2mabortPrompt[2m > [22m[2msets error when abort fails
[22m[39m15:49:29.585 [useSession] error: abortPrompt failed: Error: abort failed

[90mstdout[2m | src/tests/renderer/useSession.hook.test.tsx[2m > [22m[2museSession[2m > [22m[2mabortPrompt[2m > [22m[2msets error when abort fails
[22m[39m15:49:29.586 [useSession] info: history loaded: 0 messages for sess-1...

[90mstdout[2m | src/tests/renderer/useSession.hook.test.tsx[2m > [22m[2museSession[2m > [22m[2mpreloaded history[2m > [22m[2muses preloaded history when available
[22m[39m15:49:29.590 [useSession] info: using preloaded history: 1 messages for sess-1...
15:49:29.590 [useSession] debug: agent ready — loading full history for sess-1...

[90mstdout[2m | src/tests/renderer/useSession.hook.test.tsx[2m > [22m[2museSession[2m > [22m[2mpreloaded history[2m > [22m[2muses preloaded history when available
[22m[39m15:49:29.590 [useSession] debug: full history: no additional messages for sess-1...

 [32m✓[39m src/tests/renderer/UIDialog.test.tsx [2m([22m[2m21 tests[22m[2m)[22m[33m 595[2mms[22m[39m
[90mstdout[2m | src/tests/renderer/useSession.hook.test.tsx[2m > [22m[2museSession[2m > [22m[2mdelegation to useModelSelection[2m > [22m[2mreturns activeModel from useModelSelection
[22m[39m15:49:29.593 [useSession] debug: loading history for sess-1...

[90mstdout[2m | src/tests/renderer/useSession.hook.test.tsx[2m > [22m[2museSession[2m > [22m[2mdelegation to useModelSelection[2m > [22m[2mreturns activeModel from useModelSelection
[22m[39m15:49:29.594 [useSession] info: history loaded: 0 messages for sess-1...

[90mstdout[2m | src/tests/renderer/useSession.hook.test.tsx[2m > [22m[2museSession[2m > [22m[2mdelegation to useModelSelection[2m > [22m[2mreturns modelList from useModelSelection
[22m[39m15:49:29.612 [useSession] debug: loading history for sess-1...

[90mstdout[2m | src/tests/renderer/useSession.hook.test.tsx[2m > [22m[2museSession[2m > [22m[2mdelegation to useModelSelection[2m > [22m[2mreturns modelList from useModelSelection
[22m[39m15:49:29.613 [useSession] info: history loaded: 0 messages for sess-1...

[90mstdout[2m | src/tests/renderer/useSession.hook.test.tsx[2m > [22m[2museSession[2m > [22m[2mdelegation to useModelSelection[2m > [22m[2mreturns setModel from useModelSelection
[22m[39m15:49:29.617 [useSession] debug: loading history for sess-1...

[90mstdout[2m | src/tests/renderer/ContextMenu.test.tsx[2m > [22m[2mContextMenu[2m > [22m[2mrenders all menu items
[22m[39m15:49:29.563 [ContextMenu] debug: open: 4 items at (100, 200)

[90mstdout[2m | src/tests/renderer/useSession.hook.test.tsx[2m > [22m[2museSession[2m > [22m[2mdelegation to useModelSelection[2m > [22m[2mreturns setModel from useModelSelection
[22m[39m15:49:29.617 [useSession] info: history loaded: 0 messages for sess-1...

 [32m✓[39m src/tests/renderer/NotificationSettingsPanel.test.tsx [2m([22m[2m7 tests[22m[2m)[22m[33m 420[2mms[22m[39m
[90mstdout[2m | src/tests/renderer/useSession.hook.test.tsx[2m > [22m[2museSession[2m > [22m[2mpending session handling[2m > [22m[2mdoes not load history for pending session IDs
[22m[39m15:49:29.620 [useSession] debug: pending session pending-... — skipping history load

[90mstdout[2m | src/tests/renderer/ContextMenu.test.tsx[2m > [22m[2mContextMenu[2m > [22m[2mrenders shortcuts for menu items
[22m[39m15:49:29.665 [ContextMenu] debug: open: 4 items at (100, 200)

[90mstdout[2m | src/tests/renderer/useSession.hook.test.tsx[2m > [22m[2museSession[2m > [22m[2mpending session handling[2m > [22m[2mreturns empty messages for pending session IDs
[22m[39m15:49:29.641 [useSession] debug: pending session pending-... — skipping history load

[90mstdout[2m | src/tests/renderer/ContextMenu.test.tsx[2m > [22m[2mContextMenu[2m > [22m[2mrenders as a portal in document body
[22m[39m15:49:29.675 [ContextMenu] debug: open: 4 items at (100, 200)

[90mstdout[2m | src/tests/renderer/useSession.hook.test.tsx[2m > [22m[2museSession[2m > [22m[2mpending session handling[2m > [22m[2msets isHistoryLoading to false for pending session IDs
[22m[39m15:49:29.643 [useSession] debug: pending session pending-... — skipping history load

[90mstdout[2m | src/tests/renderer/ContextMenu.test.tsx[2m > [22m[2mContextMenu[2m > [22m[2mcalls onClick and onClose when a menu item is clicked
[22m[39m15:49:29.683 [ContextMenu] debug: open: 1 items at (100, 200)

[90mstdout[2m | src/tests/renderer/useSession.hook.test.tsx[2m > [22m[2museSession[2m > [22m[2mpending session handling[2m > [22m[2mloads history normally when session ID transitions from pending to real
[22m[39m15:49:29.644 [useSession] debug: pending session pending-... — skipping history load

[90mstdout[2m | src/tests/renderer/useSession.hook.test.tsx[2m > [22m[2museSession[2m > [22m[2mpending session handling[2m > [22m[2mloads history normally when session ID transitions from pending to real
[22m[39m15:49:29.645 [useSession] debug: draft saved for pending-...
15:49:29.645 [useSession] debug: loading history for real-ses...

[90mstdout[2m | src/tests/renderer/useSession.hook.test.tsx[2m > [22m[2museSession[2m > [22m[2mpending session handling[2m > [22m[2mloads history normally when session ID transitions from pending to real
[22m[39m15:49:29.645 [useSession] info: history loaded: 1 messages for real-ses...

[90mstdout[2m | src/tests/renderer/useSession.hook.test.tsx[2m > [22m[2museSession[2m > [22m[2mpending session handling[2m > [22m[2mpreserves draft input when transitioning from pending to real session
[22m[39m15:49:29.647 [useSession] debug: pending session pending-... — skipping history load

[90mstdout[2m | src/tests/renderer/useSession.hook.test.tsx[2m > [22m[2museSession[2m > [22m[2mpending session handling[2m > [22m[2mpreserves draft input when transitioning from pending to real session
[22m[39m15:49:29.649 [useSession] debug: draft saved for pending-...
15:49:29.649 [useSession] debug: loading history for real-ses...

[90mstdout[2m | src/tests/renderer/useSession.hook.test.tsx[2m > [22m[2museSession[2m > [22m[2mpending session handling[2m > [22m[2mpreserves draft input when transitioning from pending to real session
[22m[39m15:49:29.650 [useSession] info: history loaded: 0 messages for real-ses...

[90mstdout[2m | src/tests/renderer/useSession.hook.test.tsx[2m > [22m[2museSession[2m > [22m[2mpending session handling[2m > [22m[2mhandles multiple pending session formats
[22m[39m15:49:29.653 [useSession] debug: pending session pending-... — skipping history load
15:49:29.654 [useSession] debug: pending session pending-... — skipping history load
15:49:29.656 [useSession] debug: pending session pending-... — skipping history load
15:49:29.658 [useSession] debug: pending session pending-... — skipping history load

 [32m✓[39m src/tests/renderer/useSession.hook.test.tsx [2m([22m[2m33 tests[22m[2m)[22m[32m 214[2mms[22m[39m
 [32m✓[39m src/tests/renderer/MessagesTimeline.test.tsx [2m([22m[2m14 tests[22m[2m)[22m[32m 202[2mms[22m[39m
 [32m✓[39m src/tests/renderer/WelcomeScreen.test.tsx [2m([22m[2m28 tests[22m[2m)[22m[33m 720[2mms[22m[39m
[90mstderr[2m | src/tests/renderer/TreeSidebar.test.tsx[2m > [22m[2mTreeSidebar[2m > [22m[2mpending session handling[2m > [22m[2mdoes not call reconnectSession when clicking on a pending session
[22m[39mAn update to TreeSidebar inside a test was not wrapped in act(...).

When testing, code that causes React state updates should be wrapped into act(...):

act(() => {
  /* fire events that update state */
});
/* assert on the output */

This ensures that you're testing the behavior the user would see in the browser. Learn more at https://react.dev/link/wrap-tests-with-act

[90mstderr[2m | src/tests/renderer/TreeSidebar.test.tsx[2m > [22m[2mTreeSidebar[2m > [22m[2mpending session handling[2m > [22m[2mcalls reconnectSession when clicking on a real session
[22m[39mAn update to TreeSidebar inside a test was not wrapped in act(...).

When testing, code that causes React state updates should be wrapped into act(...):

act(() => {
  /* fire events that update state */
});
/* assert on the output */

This ensures that you're testing the behavior the user would see in the browser. Learn more at https://react.dev/link/wrap-tests-with-act

[90mstderr[2m | src/tests/renderer/TreeSidebar.test.tsx[2m > [22m[2mTreeSidebar[2m > [22m[2mpending session handling[2m > [22m[2mdoes not call preloadSession when hovering over a pending session
[22m[39mAn update to TreeSidebar inside a test was not wrapped in act(...).

When testing, code that causes React state updates should be wrapped into act(...):

act(() => {
  /* fire events that update state */
});
/* assert on the output */

This ensures that you're testing the behavior the user would see in the browser. Learn more at https://react.dev/link/wrap-tests-with-act

[90mstderr[2m | src/tests/renderer/UserMessage.test.tsx[2m > [22m[2mUserMessage[2m > [22m[2mcopies content to clipboard on click
[22m[39mAn update to UserMessage inside a test was not wrapped in act(...).

When testing, code that causes React state updates should be wrapped into act(...):

act(() => {
  /* fire events that update state */
});
/* assert on the output */

This ensures that you're testing the behavior the user would see in the browser. Learn more at https://react.dev/link/wrap-tests-with-act

[90mstderr[2m | src/tests/renderer/TreeSidebar.test.tsx[2m > [22m[2mTreeSidebar[2m > [22m[2mpending session handling[2m > [22m[2mcalls preloadSession when hovering over a real session
[22m[39mAn update to TreeSidebar inside a test was not wrapped in act(...).

When testing, code that causes React state updates should be wrapped into act(...):

act(() => {
  /* fire events that update state */
});
/* assert on the output */

This ensures that you're testing the behavior the user would see in the browser. Learn more at https://react.dev/link/wrap-tests-with-act

[90mstderr[2m | src/tests/renderer/useModelSelection.test.ts[2m > [22m[2museModelSelection[2m > [22m[2msetModel[2m > [22m[2mdoes not crash when setModel rejects (error is logged)
[22m[39m15:49:29.917 [useModelSelection] error: setModel failed: Error: set failed

[90mstdout[2m | src/tests/renderer/ChatInput.test.tsx[2m > [22m[2mChatInput[2m > [22m[2mclears input and resets height after sending
[22m[39m15:49:29.920 [ChatInput] info: submit: Hello world

[90mstderr[2m | src/tests/renderer/TreeSidebar.test.tsx[2m > [22m[2mTreeSidebar[2m > [22m[2mpending session handling[2m > [22m[2mshows spinner for pending session instead of status dot
[22m[39mAn update to TreeSidebar inside a test was not wrapped in act(...).

When testing, code that causes React state updates should be wrapped into act(...):

act(() => {
  /* fire events that update state */
});
/* assert on the output */

This ensures that you're testing the behavior the user would see in the browser. Learn more at https://react.dev/link/wrap-tests-with-act

[90mstderr[2m | src/tests/renderer/TreeSidebar.test.tsx[2m > [22m[2mTreeSidebar[2m > [22m[2mpending session handling[2m > [22m[2mapplies cursor-wait class to pending session
[22m[39mAn update to TreeSidebar inside a test was not wrapped in act(...).

When testing, code that causes React state updates should be wrapped into act(...):

act(() => {
  /* fire events that update state */
});
/* assert on the output */

This ensures that you're testing the behavior the user would see in the browser. Learn more at https://react.dev/link/wrap-tests-with-act

[90mstderr[2m | src/tests/renderer/TreeSidebar.test.tsx[2m > [22m[2mTreeSidebar[2m > [22m[2mpending session handling[2m > [22m[2mapplies opacity-60 class to pending session
[22m[39mAn update to TreeSidebar inside a test was not wrapped in act(...).

When testing, code that causes React state updates should be wrapped into act(...):

act(() => {
  /* fire events that update state */
});
/* assert on the output */

This ensures that you're testing the behavior the user would see in the browser. Learn more at https://react.dev/link/wrap-tests-with-act

 [32m✓[39m src/tests/renderer/SettingsView.test.tsx [2m([22m[2m12 tests[22m[2m)[22m[32m 253[2mms[22m[39m
[90mstderr[2m | src/tests/renderer/TreeSidebar.test.tsx[2m > [22m[2mTreeSidebar[2m > [22m[2mpending session handling[2m > [22m[2mcan click real sessions when a pending session exists
[22m[39mAn update to TreeSidebar inside a test was not wrapped in act(...).

When testing, code that causes React state updates should be wrapped into act(...):

act(() => {
  /* fire events that update state */
});
/* assert on the output */

This ensures that you're testing the behavior the user would see in the browser. Learn more at https://react.dev/link/wrap-tests-with-act

[90mstderr[2m | src/tests/renderer/TreeSidebar.test.tsx[2m > [22m[2mTreeSidebar[2m > [22m[2mmultiple pending sessions[2m > [22m[2mhandles multiple pending sessions correctly
[22m[39mAn update to TreeSidebar inside a test was not wrapped in act(...).

When testing, code that causes React state updates should be wrapped into act(...):

act(() => {
  /* fire events that update state */
});
/* assert on the output */

This ensures that you're testing the behavior the user would see in the browser. Learn more at https://react.dev/link/wrap-tests-with-act

[90mstdout[2m | src/tests/renderer/ContextMenu.test.tsx[2m > [22m[2mContextMenu[2m > [22m[2mcalls onClick and onClose when a menu item is clicked
[22m[39m15:49:30.011 [ContextMenu] debug: click: Edit

[90mstdout[2m | src/tests/renderer/ContextMenu.test.tsx[2m > [22m[2mContextMenu[2m > [22m[2mdoes not call onClick for disabled items
[22m[39m15:49:30.017 [ContextMenu] debug: open: 1 items at (100, 200)

 [32m✓[39m src/tests/renderer/AssistantMessage.test.tsx [2m([22m[2m10 tests[22m[2m)[22m[33m 483[2mms[22m[39m
     [33m[2m✓[22m[39m shows a Copy button when not streaming [33m 312[2mms[22m[39m
[90mstdout[2m | src/tests/renderer/ContextMenu.test.tsx[2m > [22m[2mContextMenu[2m > [22m[2mrenders danger items with danger styling
[22m[39m15:49:30.029 [ContextMenu] debug: open: 1 items at (100, 200)

 [32m✓[39m src/tests/renderer/ThinkingBlock.test.tsx [2m([22m[2m17 tests[22m[2m)[22m[33m 435[2mms[22m[39m
[90mstdout[2m | src/tests/renderer/ContextMenu.test.tsx[2m > [22m[2mContextMenu[2m > [22m[2mrenders separators between items
[22m[39m15:49:30.033 [ContextMenu] debug: open: 4 items at (100, 200)

[90mstderr[2m | src/tests/renderer/TreeSidebar.test.tsx[2m > [22m[2mTreeSidebar[2m > [22m[2mmultiple pending sessions[2m > [22m[2mallows clicking real sessions when multiple pending sessions exist
[22m[39mAn update to TreeSidebar inside a test was not wrapped in act(...).

When testing, code that causes React state updates should be wrapped into act(...):

act(() => {
  /* fire events that update state */
});
/* assert on the output */

This ensures that you're testing the behavior the user would see in the browser. Learn more at https://react.dev/link/wrap-tests-with-act

[90mstderr[2m | src/tests/renderer/useModelSelection.test.ts[2m > [22m[2museModelSelection[2m > [22m[2mintegration[2m > [22m[2mhandles all three IPCs failing gracefully
[22m[39m15:49:30.103 [useModelSelection] error: setModel failed: Error: setModel fail

[90mstdout[2m | src/tests/renderer/ContextMenu.test.tsx[2m > [22m[2mContextMenu[2m > [22m[2mcloses menu on Escape key
[22m[39m15:49:30.046 [ContextMenu] debug: open: 4 items at (100, 200)

[90mstderr[2m | src/tests/renderer/TreeSidebar.test.tsx[2m > [22m[2mTreeSidebar[2m > [22m[2mactive session highlighting with pending session[2m > [22m[2mhighlights pending session when it is the active session
[22m[39mAn update to TreeSidebar inside a test was not wrapped in act(...).

When testing, code that causes React state updates should be wrapped into act(...):

act(() => {
  /* fire events that update state */
});
/* assert on the output */

This ensures that you're testing the behavior the user would see in the browser. Learn more at https://react.dev/link/wrap-tests-with-act

 [32m✓[39m src/tests/renderer/WorkflowStepProgress.test.tsx [2m([22m[2m14 tests[22m[2m)[22m[33m 377[2mms[22m[39m
[90mstdout[2m | src/tests/renderer/ContextMenu.test.tsx[2m > [22m[2mContextMenu[2m > [22m[2mpositions menu at the specified coordinates
[22m[39m15:49:30.084 [ContextMenu] debug: open: 4 items at (50, 75)

 [32m✓[39m src/tests/renderer/UserMessage.test.tsx [2m([22m[2m9 tests[22m[2m)[22m[33m 636[2mms[22m[39m
     [33m[2m✓[22m[39m renders a copy button [33m 313[2mms[22m[39m
 [32m✓[39m src/tests/renderer/ChatInput.test.tsx [2m([22m[2m24 tests[22m[2m)[22m[33m 2329[2mms[22m[39m
[90mstderr[2m | src/tests/renderer/TreeSidebar.test.tsx[2m > [22m[2mTreeSidebar[2m > [22m[2mactive session highlighting with pending session[2m > [22m[2mhighlights other session correctly when pending session is not active
[22m[39mAn update to TreeSidebar inside a test was not wrapped in act(...).

When testing, code that causes React state updates should be wrapped into act(...):

act(() => {
  /* fire events that update state */
});
/* assert on the output */

This ensures that you're testing the behavior the user would see in the browser. Learn more at https://react.dev/link/wrap-tests-with-act

 [32m✓[39m src/tests/renderer/useModelSelection.test.ts [2m([22m[2m25 tests[22m[2m)[22m[33m 664[2mms[22m[39m
 [32m✓[39m src/tests/renderer/ContextMenu.test.tsx [2m([22m[2m9 tests[22m[2m)[22m[33m 553[2mms[22m[39m
     [33m[2m✓[22m[39m calls onClick and onClose when a menu item is clicked [33m 336[2mms[22m[39m
 [32m✓[39m src/tests/renderer/TreeSidebar.test.tsx [2m([22m[2m12 tests[22m[2m)[22m[33m 380[2mms[22m[39m
 [32m✓[39m src/tests/renderer/useCommands.test.ts [2m([22m[2m15 tests[22m[2m)[22m[33m 1158[2mms[22m[39m
[90mstdout[2m | src/tests/renderer/ChatView.test.tsx[2m > [22m[2mChatView[2m > [22m[2mshows placeholder UI when no session is active
[22m[39m15:49:30.140 [ChatView] debug: messageGroups: 0 groups (0 tool-groups, 0 thinking-groups), total messages: 0

[90mstdout[2m | src/tests/renderer/ChatView.test.tsx[2m > [22m[2mChatView[2m > [22m[2mshows keyboard shortcuts when no session is active
[22m[39m15:49:30.272 [ChatView] debug: messageGroups: 0 groups (0 tool-groups, 0 thinking-groups), total messages: 0

[90mstdout[2m | src/tests/renderer/ChatView.test.tsx[2m > [22m[2mChatView[2m > [22m[2mshows loading indicator when history is loading with no messages
[22m[39m15:49:30.343 [ChatView] debug: messageGroups: 0 groups (0 tool-groups, 0 thinking-groups), total messages: 0
15:49:30.354 [ChatView] info: session changed: test-ses...

[90mstdout[2m | src/tests/renderer/ChatView.test.tsx[2m > [22m[2mChatView[2m > [22m[2mshows connecting indicator when agent is not ready
[22m[39m15:49:30.367 [ChatView] debug: messageGroups: 0 groups (0 tool-groups, 0 thinking-groups), total messages: 0
15:49:30.379 [ChatView] info: session changed: test-ses...

[90mstdout[2m | src/tests/renderer/ChatView.test.tsx[2m > [22m[2mChatView[2m > [22m[2mshows welcome screen when session has no messages and not loading
[22m[39m15:49:30.395 [ChatView] debug: messageGroups: 0 groups (0 tool-groups, 0 thinking-groups), total messages: 0
15:49:30.427 [ChatView] info: session changed: test-ses...

[90mstdout[2m | src/tests/renderer/ChatView.test.tsx[2m > [22m[2mChatView[2m > [22m[2mdisplays error message when session has an error
[22m[39m15:49:30.463 [ChatView] debug: messageGroups: 0 groups (0 tool-groups, 0 thinking-groups), total messages: 0
15:49:30.482 [ChatView] info: session changed: test-ses...

[90mstderr[2m | src/tests/renderer/ChatView.test.tsx[2m > [22m[2mChatView[2m > [22m[2mdisplays error message when session has an error
[22m[39m15:49:30.482 [ChatView] warn: error: Something went wrong

[90mstdout[2m | src/tests/renderer/SessionView.test.tsx[2m > [22m[2mSessionView[2m > [22m[2mcalls onDisposeSession then onCreateSession when New Session is clicked
[22m[39m15:49:30.497 [SessionView] info: new session requested

[90mstdout[2m | src/tests/renderer/ChatView.test.tsx[2m > [22m[2mChatView[2m > [22m[2mcan dismiss error message
[22m[39m15:49:30.502 [ChatView] debug: messageGroups: 0 groups (0 tool-groups, 0 thinking-groups), total messages: 0
15:49:30.523 [ChatView] info: session changed: test-ses...

[90mstderr[2m | src/tests/renderer/ChatView.test.tsx[2m > [22m[2mChatView[2m > [22m[2mcan dismiss error message
[22m[39m15:49:30.523 [ChatView] warn: error: Something went wrong

[90mstdout[2m | src/tests/renderer/useSessionOrchestration.test.ts[2m > [22m[2museSessionOrchestration[2m > [22m[2mreconnectSession[2m > [22m[2mdispatches SET_ACTIVE_SESSION and SET_AGENT_CONNECTING
[22m[39m15:49:30.986 [useSessionOrchestration] info: reconnectSession OK: sess-abc...

[90mstdout[2m | src/tests/renderer/useSessionOrchestration.test.ts[2m > [22m[2museSessionOrchestration[2m > [22m[2mreconnectSession[2m > [22m[2mcalls logExtensionLoadWarnings with mode=reconnect
[22m[39m15:49:30.993 [useSessionOrchestration] info: reconnectSession OK: sess-abc...

[90mstdout[2m | src/tests/renderer/useSessionOrchestration.test.ts[2m > [22m[2museSessionOrchestration[2m > [22m[2mreconnectSession[2m > [22m[2mdispatches SET_SESSION_MESSAGE_COUNT with history length
[22m[39m15:49:30.995 [useSessionOrchestration] info: reconnectSession OK: sess-abc...

[90mstdout[2m | src/tests/renderer/useSessionOrchestration.test.ts[2m > [22m[2museSessionOrchestration[2m > [22m[2mreconnectSession[2m > [22m[2mdispatches SET_AGENT_READY on success
[22m[39m15:49:30.996 [useSessionOrchestration] info: reconnectSession OK: sess-abc...

[90mstdout[2m | src/tests/renderer/useSessionOrchestration.test.ts[2m > [22m[2museSessionOrchestration[2m > [22m[2mreconnectSession[2m > [22m[2mremoves draft session when history has messages
[22m[39m15:49:30.997 [useSessionOrchestration] info: reconnectSession OK: sess-abc...

[90mstdout[2m | src/tests/renderer/useSessionOrchestration.test.ts[2m > [22m[2museSessionOrchestration[2m > [22m[2mreconnectSession[2m > [22m[2mkeeps draft session when history is empty and was runtime draft
[22m[39m15:49:30.998 [useSessionOrchestration] info: reconnectSession OK: sess-abc...

[90mstdout[2m | src/tests/renderer/useSessionOrchestration.test.ts[2m > [22m[2museSessionOrchestration[2m > [22m[2mreconnectSession[2m > [22m[2mdoes NOT set draft when history is empty but was NOT a runtime draft
[22m[39m15:49:30.999 [useSessionOrchestration] info: reconnectSession OK: sess-abc...

[90mstderr[2m | src/tests/renderer/useSessionOrchestration.test.ts[2m > [22m[2museSessionOrchestration[2m > [22m[2mreconnectSession[2m > [22m[2mdispatches UPDATE_SESSION_STATUS error and SET_AGENT_READY on failure
[22m[39m15:49:31.000 [useSessionOrchestration] error: reconnectSession failed: Error: reconnect failed
    at E:/project/node/nekocode/src/tests/renderer/useSessionOrchestration.test.ts:165:46
    at [90mfile:///E:/project/node/nekocode/[39mnode_modules/[4m@vitest/runner[24m/dist/chunk-artifact.js:302:11
    at [90mfile:///E:/project/node/nekocode/[39mnode_modules/[4m@vitest/runner[24m/dist/chunk-artifact.js:1903:26
    at [90mfile:///E:/project/node/nekocode/[39mnode_modules/[4m@vitest/runner[24m/dist/chunk-artifact.js:2326:20
    at new Promise (<anonymous>)
    at runWithCancel [90m(file:///E:/project/node/nekocode/[39mnode_modules/[4m@vitest/runner[24m/dist/chunk-artifact.js:2323:10[90m)[39m
    at [90mfile:///E:/project/node/nekocode/[39mnode_modules/[4m@vitest/runner[24m/dist/chunk-artifact.js:2305:20
    at new Promise (<anonymous>)
    at runWithTimeout [90m(file:///E:/project/node/nekocode/[39mnode_modules/[4m@vitest/runner[24m/dist/chunk-artifact.js:2272:10[90m)[39m
    at [90mfile:///E:/project/node/nekocode/[39mnode_modules/[4m@vitest/runner[24m/dist/chunk-artifact.js:2955:64

[90mstdout[2m | src/tests/renderer/useSessionOrchestration.test.ts[2m > [22m[2museSessionOrchestration[2m > [22m[2mreconnectSession[2m > [22m[2monError callback from logExtensionLoadWarnings dispatches UPDATE_SESSION_STATUS
[22m[39m15:49:31.008 [useSessionOrchestration] info: reconnectSession OK: sess-abc...

[90mstdout[2m | src/tests/renderer/useSessionOrchestration.test.ts[2m > [22m[2museSessionOrchestration[2m > [22m[2mcreateSession[2m > [22m[2mskips creation if already in flight for same projectPath
[22m[39m15:49:31.010 [useSessionOrchestration] debug: createSession skipped: already in flight for cwd=/test/project
15:49:31.011 [useSessionOrchestration] info: createSession OK: sess-abc... cwd=/test/project

[90mstdout[2m | src/tests/renderer/useSessionOrchestration.test.ts[2m > [22m[2museSessionOrchestration[2m > [22m[2mcreateSession[2m > [22m[2mcreates a new session via window.nekocode.session.create
[22m[39m15:49:31.012 [useSessionOrchestration] info: createSession OK: sess-abc... cwd=/test/project

[90mstdout[2m | src/tests/renderer/ChatView.test.tsx[2m > [22m[2mChatView[2m > [22m[2mrenders ChatInput with session id
[22m[39m15:49:30.988 [ChatView] debug: messageGroups: 0 groups (0 tool-groups, 0 thinking-groups), total messages: 0
15:49:31.012 [ChatView] info: session changed: test-ses...

[90mstdout[2m | src/tests/renderer/useSessionOrchestration.test.ts[2m > [22m[2museSessionOrchestration[2m > [22m[2mcreateSession[2m > [22m[2mdispatches SET_AGENT_CONNECTING immediately for optimistic UI
[22m[39m15:49:31.012 [useSessionOrchestration] info: createSession OK: sess-abc... cwd=/test/project

[90mstdout[2m | src/tests/renderer/useSessionOrchestration.test.ts[2m > [22m[2museSessionOrchestration[2m > [22m[2mcreateSession[2m > [22m[2mdispatches SET_ACTIVE_SESSION with pending session immediately, then REPLACE_PENDING_SESSION
[22m[39m15:49:31.013 [useSessionOrchestration] info: createSession OK: sess-abc... cwd=/test/project

[90mstdout[2m | src/tests/renderer/useSessionOrchestration.test.ts[2m > [22m[2museSessionOrchestration[2m > [22m[2mcreateSession[2m > [22m[2mdispatches SET_AGENT_READY with real session ID after creation
[22m[39m15:49:31.016 [useSessionOrchestration] info: createSession OK: sess-abc... cwd=/test/project

[90mstdout[2m | src/tests/renderer/useSessionOrchestration.test.ts[2m > [22m[2museSessionOrchestration[2m > [22m[2mcreateSession[2m > [22m[2mtracks the new session as a draft
[22m[39m15:49:31.017 [useSessionOrchestration] info: createSession OK: sess-abc... cwd=/test/project

[90mstdout[2m | src/tests/renderer/useSessionOrchestration.test.ts[2m > [22m[2museSessionOrchestration[2m > [22m[2mcreateSession[2m > [22m[2mcalls logExtensionLoadWarnings with mode=create
[22m[39m15:49:31.018 [useSessionOrchestration] info: createSession OK: sess-abc... cwd=/test/project

[90mstdout[2m | src/tests/renderer/useSessionOrchestration.test.ts[2m > [22m[2museSessionOrchestration[2m > [22m[2mcreateSession[2m > [22m[2mremoves projectPath from in-flight set in finally block on success
[22m[39m15:49:31.019 [useSessionOrchestration] info: createSession OK: sess-abc... cwd=/test/project

[90mstdout[2m | src/tests/renderer/useSessionOrchestration.test.ts[2m > [22m[2museSessionOrchestration[2m > [22m[2mcreateSession[2m > [22m[2mremoves projectPath from in-flight set in finally block on success
[22m[39m15:49:31.019 [useSessionOrchestration] info: createSession OK: sess-abc... cwd=/test/project

[90mstderr[2m | src/tests/renderer/useSessionOrchestration.test.ts[2m > [22m[2museSessionOrchestration[2m > [22m[2mcreateSession[2m > [22m[2mremoves projectPath from in-flight set in finally block on failure
[22m[39m15:49:31.020 [useSessionOrchestration] error: createSession failed: Error: create failed
    at E:/project/node/nekocode/src/tests/renderer/useSessionOrchestration.test.ts:298:43
    at [90mfile:///E:/project/node/nekocode/[39mnode_modules/[4m@vitest/runner[24m/dist/chunk-artifact.js:302:11
    at [90mfile:///E:/project/node/nekocode/[39mnode_modules/[4m@vitest/runner[24m/dist/chunk-artifact.js:1903:26
    at [90mfile:///E:/project/node/nekocode/[39mnode_modules/[4m@vitest/runner[24m/dist/chunk-artifact.js:2326:20
    at new Promise (<anonymous>)
    at runWithCancel [90m(file:///E:/project/node/nekocode/[39mnode_modules/[4m@vitest/runner[24m/dist/chunk-artifact.js:2323:10[90m)[39m
    at [90mfile:///E:/project/node/nekocode/[39mnode_modules/[4m@vitest/runner[24m/dist/chunk-artifact.js:2305:20
    at new Promise (<anonymous>)
    at runWithTimeout [90m(file:///E:/project/node/nekocode/[39mnode_modules/[4m@vitest/runner[24m/dist/chunk-artifact.js:2272:10[90m)[39m
    at [90mfile:///E:/project/node/nekocode/[39mnode_modules/[4m@vitest/runner[24m/dist/chunk-artifact.js:2955:64

[90mstdout[2m | src/tests/renderer/useSessionOrchestration.test.ts[2m > [22m[2museSessionOrchestration[2m > [22m[2mcreateSession[2m > [22m[2mremoves projectPath from in-flight set in finally block on failure
[22m[39m15:49:31.021 [useSessionOrchestration] info: createSession OK: sess-abc... cwd=/test/project

[90mstdout[2m | src/tests/renderer/useSessionOrchestration.test.ts[2m > [22m[2museSessionOrchestration[2m > [22m[2mcreateSession[2m > [22m[2mactive draft reuse[2m > [22m[2mreuses active draft when activeSessionId matches projectPath and draft ref matches
[22m[39m15:49:31.022 [useSessionOrchestration] info: createSession: reusing active empty draft sess-abc... cwd=/test/project

[90mstdout[2m | src/tests/renderer/useSessionOrchestration.test.ts[2m > [22m[2museSessionOrchestration[2m > [22m[2mcreateSession[2m > [22m[2mactive draft reuse[2m > [22m[2mcreates fresh session when active draft has history
[22m[39m15:49:31.023 [useSessionOrchestration] info: createSession: active draft sess-abc... has 1 message(s), creating fresh session

[90mstdout[2m | src/tests/renderer/useSessionOrchestration.test.ts[2m > [22m[2museSessionOrchestration[2m > [22m[2mcreateSession[2m > [22m[2mactive draft reuse[2m > [22m[2mcreates fresh session when active draft has history
[22m[39m15:49:31.023 [useSessionOrchestration] info: createSession OK: sess-abc... cwd=/test/project

[90mstderr[2m | src/tests/renderer/useSessionOrchestration.test.ts[2m > [22m[2museSessionOrchestration[2m > [22m[2mcreateSession[2m > [22m[2mactive draft reuse[2m > [22m[2mcreates fresh session when loadHistory throws
[22m[39m15:49:31.025 [useSessionOrchestration] warn: createSession: failed to verify draft history for sess-abc..., creating fresh session Error: load failed
    at E:/project/node/nekocode/src/tests/renderer/useSessionOrchestration.test.ts:339:50
    at [90mfile:///E:/project/node/nekocode/[39mnode_modules/[4m@vitest/runner[24m/dist/chunk-artifact.js:302:11
    at [90mfile:///E:/project/node/nekocode/[39mnode_modules/[4m@vitest/runner[24m/dist/chunk-artifact.js:1903:26
    at [90mfile:///E:/project/node/nekocode/[39mnode_modules/[4m@vitest/runner[24m/dist/chunk-artifact.js:2326:20
    at new Promise (<anonymous>)
    at runWithCancel [90m(file:///E:/project/node/nekocode/[39mnode_modules/[4m@vitest/runner[24m/dist/chunk-artifact.js:2323:10[90m)[39m
    at [90mfile:///E:/project/node/nekocode/[39mnode_modules/[4m@vitest/runner[24m/dist/chunk-artifact.js:2305:20
    at new Promise (<anonymous>)
    at runWithTimeout [90m(file:///E:/project/node/nekocode/[39mnode_modules/[4m@vitest/runner[24m/dist/chunk-artifact.js:2272:10[90m)[39m
    at [90mfile:///E:/project/node/nekocode/[39mnode_modules/[4m@vitest/runner[24m/dist/chunk-artifact.js:2955:64

[90mstdout[2m | src/tests/renderer/useSessionOrchestration.test.ts[2m > [22m[2museSessionOrchestration[2m > [22m[2mcreateSession[2m > [22m[2mactive draft reuse[2m > [22m[2mcreates fresh session when loadHistory throws
[22m[39m15:49:31.025 [useSessionOrchestration] info: createSession OK: sess-abc... cwd=/test/project

[90mstdout[2m | src/tests/renderer/useSessionOrchestration.test.ts[2m > [22m[2museSessionOrchestration[2m > [22m[2mcreateSession[2m > [22m[2mactive draft reuse[2m > [22m[2mdoes NOT attempt draft reuse when activeSessionId is null
[22m[39m15:49:31.026 [useSessionOrchestration] info: createSession OK: sess-abc... cwd=/test/project

[90mstdout[2m | src/tests/renderer/useSessionOrchestration.test.ts[2m > [22m[2museSessionOrchestration[2m > [22m[2mcreateSession[2m > [22m[2mactive draft reuse[2m > [22m[2mdoes NOT attempt draft reuse when activeProjectPath differs
[22m[39m15:49:31.027 [useSessionOrchestration] info: createSession OK: sess-abc... cwd=/test/project

[90mstdout[2m | src/tests/renderer/useSessionOrchestration.test.ts[2m > [22m[2museSessionOrchestration[2m > [22m[2mcreateSession[2m > [22m[2mactive draft reuse[2m > [22m[2mdoes NOT attempt draft reuse when draftSessionsRef doesn't match
[22m[39m15:49:31.028 [useSessionOrchestration] info: createSession OK: sess-abc... cwd=/test/project

[90mstderr[2m | src/tests/renderer/useSessionOrchestration.test.ts[2m > [22m[2museSessionOrchestration[2m > [22m[2minitReconnect[2m > [22m[2mdispatches UPDATE_SESSION_STATUS error and SET_AGENT_READY on failure
[22m[39m15:49:31.033 [useSessionOrchestration] error: Failed to reconnect restored session Error: init reconnect failed
    at E:/project/node/nekocode/src/tests/renderer/useSessionOrchestration.test.ts:464:46
    at [90mfile:///E:/project/node/nekocode/[39mnode_modules/[4m@vitest/runner[24m/dist/chunk-artifact.js:302:11
    at [90mfile:///E:/project/node/nekocode/[39mnode_modules/[4m@vitest/runner[24m/dist/chunk-artifact.js:1903:26
    at [90mfile:///E:/project/node/nekocode/[39mnode_modules/[4m@vitest/runner[24m/dist/chunk-artifact.js:2326:20
    at new Promise (<anonymous>)
    at runWithCancel [90m(file:///E:/project/node/nekocode/[39mnode_modules/[4m@vitest/runner[24m/dist/chunk-artifact.js:2323:10[90m)[39m
    at [90mfile:///E:/project/node/nekocode/[39mnode_modules/[4m@vitest/runner[24m/dist/chunk-artifact.js:2305:20
    at new Promise (<anonymous>)
    at runWithTimeout [90m(file:///E:/project/node/nekocode/[39mnode_modules/[4m@vitest/runner[24m/dist/chunk-artifact.js:2272:10[90m)[39m
    at [90mfile:///E:/project/node/nekocode/[39mnode_modules/[4m@vitest/runner[24m/dist/chunk-artifact.js:2955:64

[90mstdout[2m | src/tests/renderer/useSessionOrchestration.test.ts[2m > [22m[2museSessionOrchestration - STRESS TESTS[2m > [22m[2mhandles rapid createSession calls (debounce)
[22m[39m15:49:31.036 [useSessionOrchestration] debug: createSession skipped: already in flight for cwd=/test/project
15:49:31.036 [useSessionOrchestration] debug: createSession skipped: already in flight for cwd=/test/project
15:49:31.036 [useSessionOrchestration] info: createSession OK: s1... cwd=/test/project

[90mstdout[2m | src/tests/renderer/useSessionOrchestration.test.ts[2m > [22m[2museSessionOrchestration - STRESS TESTS[2m > [22m[2mhandles createSession timeout
[22m[39m15:49:31.060 [useSessionOrchestration] info: createSession OK: s-late... cwd=/test/project

[90mstdout[2m | src/tests/renderer/useSessionOrchestration.test.ts[2m > [22m[2museSessionOrchestration - STRESS TESTS[2m > [22m[2mhandles reconnectSession with extension errors
[22m[39m15:49:31.064 [useSessionOrchestration] info: reconnectSession OK: sess-abc...

[90mstderr[2m | src/tests/renderer/useSessionOrchestration.test.ts[2m > [22m[2museSessionOrchestration - STRESS TESTS[2m > [22m[2mhandles createSession with empty project path
[22m[39m15:49:31.066 [useSessionOrchestration] error: createSession failed: Error: no project path
    at E:/project/node/nekocode/src/tests/renderer/useSessionOrchestration.test.ts:554:41
    at [90mfile:///E:/project/node/nekocode/[39mnode_modules/[4m@vitest/runner[24m/dist/chunk-artifact.js:302:11
    at [90mfile:///E:/project/node/nekocode/[39mnode_modules/[4m@vitest/runner[24m/dist/chunk-artifact.js:1903:26
    at [90mfile:///E:/project/node/nekocode/[39mnode_modules/[4m@vitest/runner[24m/dist/chunk-artifact.js:2326:20
    at new Promise (<anonymous>)
    at runWithCancel [90m(file:///E:/project/node/nekocode/[39mnode_modules/[4m@vitest/runner[24m/dist/chunk-artifact.js:2323:10[90m)[39m
    at [90mfile:///E:/project/node/nekocode/[39mnode_modules/[4m@vitest/runner[24m/dist/chunk-artifact.js:2305:20
    at new Promise (<anonymous>)
    at runWithTimeout [90m(file:///E:/project/node/nekocode/[39mnode_modules/[4m@vitest/runner[24m/dist/chunk-artifact.js:2272:10[90m)[39m
    at [90mfile:///E:/project/node/nekocode/[39mnode_modules/[4m@vitest/runner[24m/dist/chunk-artifact.js:2955:64

[90mstdout[2m | src/tests/renderer/useSessionOrchestration.test.ts[2m > [22m[2museSessionOrchestration - STRESS TESTS[2m > [22m[2mhandles concurrent reconnect and create
[22m[39m15:49:31.068 [useSessionOrchestration] info: createSession OK: s-new... cwd=/project1
15:49:31.068 [useSessionOrchestration] info: reconnectSession OK: existing...

[90mstdout[2m | src/tests/renderer/useSessionOrchestration.test.ts[2m > [22m[2museSessionOrchestration - STRESS TESTS[2m > [22m[2mhandles session ID collision (pending ID matches real ID)
[22m[39m15:49:31.069 [useSessionOrchestration] info: createSession OK: pending-... cwd=/test/project

[90mstderr[2m | src/tests/renderer/useSessionOrchestration.test.ts[2m > [22m[2museSessionOrchestration - STRESS TESTS[2m > [22m[2mhandles create failure cleans up pending session
[22m[39m15:49:31.071 [useSessionOrchestration] error: createSession failed: Error: create failed
    at E:/project/node/nekocode/src/tests/renderer/useSessionOrchestration.test.ts:614:41
    at [90mfile:///E:/project/node/nekocode/[39mnode_modules/[4m@vitest/runner[24m/dist/chunk-artifact.js:302:11
    at [90mfile:///E:/project/node/nekocode/[39mnode_modules/[4m@vitest/runner[24m/dist/chunk-artifact.js:1903:26
    at [90mfile:///E:/project/node/nekocode/[39mnode_modules/[4m@vitest/runner[24m/dist/chunk-artifact.js:2326:20
    at new Promise (<anonymous>)
    at runWithCancel [90m(file:///E:/project/node/nekocode/[39mnode_modules/[4m@vitest/runner[24m/dist/chunk-artifact.js:2323:10[90m)[39m
    at [90mfile:///E:/project/node/nekocode/[39mnode_modules/[4m@vitest/runner[24m/dist/chunk-artifact.js:2305:20
    at new Promise (<anonymous>)
    at runWithTimeout [90m(file:///E:/project/node/nekocode/[39mnode_modules/[4m@vitest/runner[24m/dist/chunk-artifact.js:2272:10[90m)[39m
    at [90mfile:///E:/project/node/nekocode/[39mnode_modules/[4m@vitest/runner[24m/dist/chunk-artifact.js:2955:64

[90mstdout[2m | src/tests/renderer/useSessionOrchestration.test.ts[2m > [22m[2museSessionOrchestration - STRESS TESTS[2m > [22m[2mhandles draft session reuse after user message
[22m[39m15:49:31.074 [useSessionOrchestration] info: createSession OK: s-draft... cwd=/test/project

[90mstdout[2m | src/tests/renderer/useSessionOrchestration.test.ts[2m > [22m[2museSessionOrchestration - STRESS TESTS[2m > [22m[2mhandles draft session reuse after user message
[22m[39m15:49:31.076 [useSessionOrchestration] info: createSession: active draft s-draft... has 1 message(s), creating fresh session

[90mstdout[2m | src/tests/renderer/useSessionOrchestration.test.ts[2m > [22m[2museSessionOrchestration - STRESS TESTS[2m > [22m[2mhandles draft session reuse after user message
[22m[39m15:49:31.076 [useSessionOrchestration] info: createSession OK: s-draft... cwd=/test/project

[90mstdout[2m | src/tests/renderer/useSessionOrchestration.test.ts[2m > [22m[2museSessionOrchestration - STRESS TESTS[2m > [22m[2mhandles rapid session switch during reconnect
[22m[39m15:49:31.077 [useSessionOrchestration] info: reconnectSession OK: s1...

[90mstdout[2m | src/tests/renderer/useSessionOrchestration.test.ts[2m > [22m[2museSessionOrchestration - STRESS TESTS[2m > [22m[2mhandles 10 concurrent createSession calls for different projects
[22m[39m15:49:31.078 [useSessionOrchestration] info: createSession OK: s-multi... cwd=/project-0
15:49:31.082 [useSessionOrchestration] info: createSession OK: s-multi... cwd=/project-1
15:49:31.082 [useSessionOrchestration] info: createSession OK: s-multi... cwd=/project-2
15:49:31.082 [useSessionOrchestration] info: createSession OK: s-multi... cwd=/project-3
15:49:31.082 [useSessionOrchestration] info: createSession OK: s-multi... cwd=/project-4
15:49:31.083 [useSessionOrchestration] info: createSession OK: s-multi... cwd=/project-5
15:49:31.083 [useSessionOrchestration] info: createSession OK: s-multi... cwd=/project-6
15:49:31.083 [useSessionOrchestration] info: createSession OK: s-multi... cwd=/project-7
15:49:31.083 [useSessionOrchestration] info: createSession OK: s-multi... cwd=/project-8
15:49:31.083 [useSessionOrchestration] info: createSession OK: s-multi... cwd=/project-9

 [32m✓[39m src/tests/renderer/useSessionOrchestration.test.ts [2m([22m[2m41 tests[22m[2m)[22m[32m 104[2mms[22m[39m
[90mstdout[2m | src/tests/renderer/ChatView.test.tsx[2m > [22m[2mChatView[2m > [22m[2mopens global command palette on Ctrl+Shift+P
[22m[39m15:49:31.023 [ChatView] debug: messageGroups: 0 groups (0 tool-groups, 0 thinking-groups), total messages: 0
15:49:31.065 [ChatView] info: session changed: test-ses...
15:49:31.069 [ChatView] debug: messageGroups: 0 groups (0 tool-groups, 0 thinking-groups), total messages: 0

[90mstdout[2m | src/tests/renderer/ChatView.test.tsx[2m > [22m[2mChatView[2m > [22m[2mopens global command palette on Ctrl+Shift+P
[22m[39m15:49:31.096 [ChatView] debug: messageGroups: 0 groups (0 tool-groups, 0 thinking-groups), total messages: 0

[90mstderr[2m | src/tests/renderer/NavBar.test.tsx[2m > [22m[2mNavBar[2m > [22m[2mshows Restore label when window is maximized
[22m[39mAn update to NavBar inside a test was not wrapped in act(...).

When testing, code that causes React state updates should be wrapped into act(...):

act(() => {
  /* fire events that update state */
});
/* assert on the output */

This ensures that you're testing the behavior the user would see in the browser. Learn more at https://react.dev/link/wrap-tests-with-act

[90mstdout[2m | src/tests/renderer/ChatView.test.tsx[2m > [22m[2mChatView[2m > [22m[2mshows switching session overlay when messages are stale
[22m[39m15:49:31.144 [ChatView] debug: messageGroups: 1 groups (0 tool-groups, 0 thinking-groups), total messages: 1
15:49:31.211 [ChatView] info: session changed: test-ses...

 [32m✓[39m src/tests/renderer/NavBar.test.tsx [2m([22m[2m16 tests[22m[2m)[22m[33m 1862[2mms[22m[39m
     [33m[2m✓[22m[39m renders window control buttons [33m 459[2mms[22m[39m
[90mstdout[2m | src/tests/renderer/ChatView.test.tsx[2m > [22m[2mChatView[2m > [22m[2mshows status indicator when messages are present
[22m[39m15:49:31.231 [ChatView] debug: messageGroups: 1 groups (0 tool-groups, 0 thinking-groups), total messages: 1
15:49:31.277 [ChatView] info: session changed: test-ses...

[90mstdout[2m | src/tests/renderer/ChatView.test.tsx[2m > [22m[2mChatView[2m > [22m[2mshows Working status when streaming
[22m[39m15:49:31.286 [ChatView] debug: messageGroups: 1 groups (0 tool-groups, 0 thinking-groups), total messages: 1
15:49:31.317 [ChatView] info: session changed: test-ses...

[90mstdout[2m | src/tests/renderer/ChatView.test.tsx[2m > [22m[2mChatView[2m > [22m[2mrenders tool_call messages without crashing
[22m[39m15:49:31.327 [ChatView] debug: messageGroups: 3 groups (1 tool-groups, 0 thinking-groups), total messages: 4
15:49:31.338 [ChatView] info: session changed: test-ses...

[90mstdout[2m | src/tests/renderer/ChatView.test.tsx[2m > [22m[2mChatView[2m > [22m[2mrenders single tool_call message without crashing
[22m[39m15:49:31.362 [ChatView] debug: messageGroups: 2 groups (1 tool-groups, 0 thinking-groups), total messages: 2
15:49:31.383 [ChatView] info: session changed: test-ses...

[90mstdout[2m | src/tests/renderer/ChatView.test.tsx[2m > [22m[2mChatView[2m > [22m[2mrenders thinking messages without crashing
[22m[39m15:49:31.397 [ChatView] debug: messageGroups: 3 groups (0 tool-groups, 1 thinking-groups), total messages: 4
15:49:31.412 [ChatView] info: session changed: test-ses...

 [32m✓[39m src/tests/renderer/SessionView.test.tsx [2m([22m[2m21 tests[22m[2m)[22m[33m 1967[2mms[22m[39m
     [33m[2m✓[22m[39m renders New Session button [33m 511[2mms[22m[39m
     [33m[2m✓[22m[39m calls onDisposeSession then onCreateSession when New Session is clicked [33m 332[2mms[22m[39m
[90mstdout[2m | src/tests/renderer/ChatView.test.tsx[2m > [22m[2mChatView[2m > [22m[2mrenders single thinking message without crashing
[22m[39m15:49:31.426 [ChatView] debug: messageGroups: 3 groups (0 tool-groups, 1 thinking-groups), total messages: 3
15:49:31.446 [ChatView] info: session changed: test-ses...

[90mstdout[2m | src/tests/renderer/ChatView.test.tsx[2m > [22m[2mChatView[2m > [22m[2mrenders user and assistant messages without crashing
[22m[39m15:49:31.467 [ChatView] debug: messageGroups: 2 groups (0 tool-groups, 0 thinking-groups), total messages: 2
15:49:31.481 [ChatView] info: session changed: test-ses...

[90mstdout[2m | src/tests/renderer/useSessionEvents.test.ts[2m > [22m[2museSessionEvents[2m > [22m[2msubscription[2m > [22m[2msubscribes to session events when sessionId is provided
[22m[39m15:49:31.493 [useSessionEvents] debug: subscribing to events for sess-abc...

 [32m✓[39m src/tests/scaffold.test.ts [2m([22m[2m1 test[22m[2m)[22m[32m 53[2mms[22m[39m
[90mstdout[2m | src/tests/renderer/useSessionEvents.test.ts[2m > [22m[2museSessionEvents[2m > [22m[2msubscription[2m > [22m[2munsubscribes on cleanup
[22m[39m15:49:31.498 [useSessionEvents] debug: subscribing to events for sess-abc...
15:49:31.498 [useSessionEvents] debug: unsubscribing from events for sess-abc...

[90mstdout[2m | src/tests/renderer/ChatView.test.tsx[2m > [22m[2mChatView[2m > [22m[2mrenders interleaved tool_call and text messages without crashing
[22m[39m15:49:31.489 [ChatView] debug: messageGroups: 3 groups (2 tool-groups, 0 thinking-groups), total messages: 3
15:49:31.502 [ChatView] info: session changed: test-ses...

[90mstdout[2m | src/tests/renderer/useSessionEvents.test.ts[2m > [22m[2museSessionEvents[2m > [22m[2mevent filtering[2m > [22m[2mignores events for other sessions
[22m[39m15:49:31.499 [useSessionEvents] debug: subscribing to events for sess-abc...

[90mstdout[2m | src/tests/renderer/useSessionEvents.test.ts[2m > [22m[2museSessionEvents[2m > [22m[2mevent filtering[2m > [22m[2mprocesses events for the subscribed session
[22m[39m15:49:31.500 [useSessionEvents] debug: subscribing to events for sess-abc...

[90mstdout[2m | src/tests/renderer/useSessionEvents.test.ts[2m > [22m[2museSessionEvents[2m > [22m[2mtext_delta event[2m > [22m[2mcalls onMessages with an updater function
[22m[39m15:49:31.501 [useSessionEvents] debug: subscribing to events for sess-abc...

[90mstdout[2m | src/tests/renderer/useSessionEvents.test.ts[2m > [22m[2museSessionEvents[2m > [22m[2mtool_call event[2m > [22m[2mcalls onMessages with an updater function
[22m[39m15:49:31.502 [useSessionEvents] debug: subscribing to events for sess-abc...
15:49:31.502 [useSessionEvents] debug: tool_call event: name=read_file, id=tc-1

[90mstdout[2m | src/tests/renderer/useSessionEvents.test.ts[2m > [22m[2museSessionEvents[2m > [22m[2mtool_result event[2m > [22m[2mcalls onMessages with an updater function
[22m[39m15:49:31.503 [useSessionEvents] debug: subscribing to events for sess-abc...
15:49:31.503 [useSessionEvents] debug: tool_result event: name=read_file, id=tc-1, isError=false

[90mstdout[2m | src/tests/renderer/useSessionEvents.test.ts[2m > [22m[2museSessionEvents[2m > [22m[2magent_start event[2m > [22m[2mclears error via onError(null)
[22m[39m15:49:31.504 [useSessionEvents] debug: subscribing to events for sess-abc...
15:49:31.504 [useSessionEvents] info: agent_start received — streaming state from global store

[90mstdout[2m | src/tests/renderer/useSessionEvents.test.ts[2m > [22m[2museSessionEvents[2m > [22m[2magent_start event[2m > [22m[2msets stream start time if not already set
[22m[39m15:49:31.506 [useSessionEvents] debug: subscribing to events for sess-abc...
15:49:31.506 [useSessionEvents] info: agent_start received — streaming state from global store

[90mstdout[2m | src/tests/renderer/useSessionEvents.test.ts[2m > [22m[2museSessionEvents[2m > [22m[2magent_start event[2m > [22m[2mpreserves existing non-zero stream start time
[22m[39m15:49:31.507 [useSessionEvents] debug: subscribing to events for sess-abc...
15:49:31.507 [useSessionEvents] info: agent_start received — streaming state from global store
15:49:31.507 [useSessionEvents] info: agent_start received — streaming state from global store

[90mstdout[2m | src/tests/renderer/useSessionEvents.test.ts[2m > [22m[2museSessionEvents[2m > [22m[2magent_start event[2m > [22m[2msets stream start time if it was 0 (from previous done)
[22m[39m15:49:31.509 [useSessionEvents] debug: subscribing to events for sess-abc...
15:49:31.509 [useSessionEvents] info: agent_start received — streaming state from global store
15:49:31.509 [useSessionEvents] info: done event received — streaming complete
15:49:31.519 [useSessionEvents] info: agent_start received — streaming state from global store

[90mstdout[2m | src/tests/renderer/useSessionEvents.test.ts[2m > [22m[2museSessionEvents[2m > [22m[2merror event[2m > [22m[2mcalls onError with the error message
[22m[39m15:49:31.513 [useSessionEvents] debug: subscribing to events for sess-abc...

[90mstderr[2m | src/tests/renderer/useSessionEvents.test.ts[2m > [22m[2museSessionEvents[2m > [22m[2merror event[2m > [22m[2mcalls onError with the error message
[22m[39m15:49:31.513 [useSessionEvents] error: session error: Something broke

[90mstdout[2m | src/tests/renderer/useSessionEvents.test.ts[2m > [22m[2museSessionEvents[2m > [22m[2merror event[2m > [22m[2mcaches the error for getCachedError
[22m[39m15:49:31.515 [useSessionEvents] debug: subscribing to events for sess-abc...

[90mstderr[2m | src/tests/renderer/useSessionEvents.test.ts[2m > [22m[2museSessionEvents[2m > [22m[2merror event[2m > [22m[2mcaches the error for getCachedError
[22m[39m15:49:31.515 [useSessionEvents] error: session error: oops

[90mstdout[2m | src/tests/renderer/useSessionEvents.test.ts[2m > [22m[2museSessionEvents[2m > [22m[2mdone event[2m > [22m[2mresets stream start time to 0
[22m[39m15:49:31.515 [useSessionEvents] debug: subscribing to events for sess-abc...
15:49:31.515 [useSessionEvents] info: agent_start received — streaming state from global store
15:49:31.516 [useSessionEvents] info: done event received — streaming complete

[90mstdout[2m | src/tests/renderer/useSessionEvents.test.ts[2m > [22m[2museSessionEvents[2m > [22m[2musage_update event[2m > [22m[2mcalls onUsage with the usage data
[22m[39m15:49:31.516 [useSessionEvents] debug: subscribing to events for sess-abc...

[90mstdout[2m | src/tests/renderer/useSessionEvents.test.ts[2m > [22m[2museSessionEvents[2m > [22m[2musage_update event[2m > [22m[2mcaches the usage for getCachedUsage
[22m[39m15:49:31.518 [useSessionEvents] debug: subscribing to events for sess-abc...

[90mstdout[2m | src/tests/renderer/useSessionEvents.test.ts[2m > [22m[2museSessionEvents[2m > [22m[2mgetters for unknown sessions[2m > [22m[2mgetStreamStartTime returns 0 for unknown session
[22m[39m15:49:31.518 [useSessionEvents] debug: subscribing to events for sess-abc...

[90mstdout[2m | src/tests/renderer/ChatView.test.tsx[2m > [22m[2mChatView[2m > [22m[2mrenders UI dialog without crashing when activeRequest is present
[22m[39m15:49:31.509 [ChatView] debug: messageGroups: 1 groups (0 tool-groups, 0 thinking-groups), total messages: 1
15:49:31.518 [ChatView] info: session changed: test-ses...

[90mstdout[2m | src/tests/renderer/useSessionEvents.test.ts[2m > [22m[2museSessionEvents[2m > [22m[2mgetters for unknown sessions[2m > [22m[2mgetCachedError returns null for unknown session
[22m[39m15:49:31.519 [useSessionEvents] debug: subscribing to events for sess-abc...

[90mstdout[2m | src/tests/renderer/useSessionEvents.test.ts[2m > [22m[2museSessionEvents[2m > [22m[2mgetters for unknown sessions[2m > [22m[2mgetCachedUsage returns default usage for unknown session
[22m[39m15:49:31.520 [useSessionEvents] debug: subscribing to events for sess-abc...

[90mstdout[2m | src/tests/renderer/useSessionEvents.test.ts[2m > [22m[2museSessionEvents[2m > [22m[2magent_start clears cached error[2m > [22m[2mgetCachedError returns null after agent_start
[22m[39m15:49:31.521 [useSessionEvents] debug: subscribing to events for sess-abc...
15:49:31.522 [useSessionEvents] info: agent_start received — streaming state from global store

[90mstderr[2m | src/tests/renderer/useSessionEvents.test.ts[2m > [22m[2museSessionEvents[2m > [22m[2magent_start clears cached error[2m > [22m[2mgetCachedError returns null after agent_start
[22m[39m15:49:31.521 [useSessionEvents] error: session error: err

[90mstdout[2m | src/tests/renderer/useSessionEvents.test.ts[2m > [22m[2museSessionEvents - STRESS TESTS[2m > [22m[2mhandles 100 rapid events without memory leak
[22m[39m15:49:31.522 [useSessionEvents] debug: subscribing to events for stress-s...

[90mstdout[2m | src/tests/renderer/useSessionEvents.test.ts[2m > [22m[2museSessionEvents - STRESS TESTS[2m > [22m[2mhandles events for different sessions (filters correctly)
[22m[39m15:49:31.523 [useSessionEvents] debug: subscribing to events for stress-s...

[90mstdout[2m | src/tests/renderer/useSessionEvents.test.ts[2m > [22m[2museSessionEvents - STRESS TESTS[2m > [22m[2mhandles error during streaming
[22m[39m15:49:31.524 [useSessionEvents] debug: subscribing to events for stress-s...
15:49:31.524 [useSessionEvents] info: agent_start received — streaming state from global store
15:49:31.524 [useSessionEvents] info: done event received — streaming complete

[90mstderr[2m | src/tests/renderer/useSessionEvents.test.ts[2m > [22m[2museSessionEvents - STRESS TESTS[2m > [22m[2mhandles error during streaming
[22m[39m15:49:31.524 [useSessionEvents] error: session error: stream error

[90mstdout[2m | src/tests/renderer/useSessionEvents.test.ts[2m > [22m[2museSessionEvents - STRESS TESTS[2m > [22m[2mhandles concurrent agent_start and error events
[22m[39m15:49:31.525 [useSessionEvents] debug: subscribing to events for stress-s...
15:49:31.525 [useSessionEvents] info: agent_start received — streaming state from global store

[90mstderr[2m | src/tests/renderer/useSessionEvents.test.ts[2m > [22m[2museSessionEvents - STRESS TESTS[2m > [22m[2mhandles concurrent agent_start and error events
[22m[39m15:49:31.525 [useSessionEvents] error: session error: concurrent error

[90mstdout[2m | src/tests/renderer/useSessionEvents.test.ts[2m > [22m[2museSessionEvents - STRESS TESTS[2m > [22m[2mhandles multiple usage updates
[22m[39m15:49:31.526 [useSessionEvents] debug: subscribing to events for stress-s...

[90mstdout[2m | src/tests/renderer/useSessionEvents.test.ts[2m > [22m[2museSessionEvents - STRESS TESTS[2m > [22m[2mhandles tool_call and tool_result for unknown tool (no match)
[22m[39m15:49:31.526 [useSessionEvents] debug: subscribing to events for stress-s...
15:49:31.526 [useSessionEvents] debug: tool_call event: name=unknown, id=tc-999
15:49:31.526 [useSessionEvents] debug: tool_result event: name=unknown, id=tc-999, isError=false

[90mstdout[2m | src/tests/renderer/useSessionEvents.test.ts[2m > [22m[2museSessionEvents - STRESS TESTS[2m > [22m[2mhandles done event without prior agent_start
[22m[39m15:49:31.527 [useSessionEvents] debug: subscribing to events for stress-s...
15:49:31.527 [useSessionEvents] info: done event received — streaming complete

[90mstdout[2m | src/tests/renderer/useSessionEvents.test.ts[2m > [22m[2museSessionEvents - STRESS TESTS[2m > [22m[2mcache is NOT shared across hook instances (each hook has its own cache)
[22m[39m15:49:31.527 [useSessionEvents] debug: subscribing to events for stress-s...
15:49:31.528 [useSessionEvents] debug: subscribing to events for stress-s...

[90mstderr[2m | src/tests/renderer/useSessionEvents.test.ts[2m > [22m[2museSessionEvents - STRESS TESTS[2m > [22m[2mcache is NOT shared across hook instances (each hook has its own cache)
[22m[39m15:49:31.528 [useSessionEvents] error: session error: cached error

[90mstdout[2m | src/tests/renderer/useSessionEvents.test.ts[2m > [22m[2museSessionEvents - STRESS TESTS[2m > [22m[2mhandles empty text delta
[22m[39m15:49:31.528 [useSessionEvents] debug: subscribing to events for stress-s...

[90mstdout[2m | src/tests/renderer/useSessionEvents.test.ts[2m > [22m[2museSessionEvents - STRESS TESTS[2m > [22m[2mhandles very long text delta (1MB)
[22m[39m15:49:31.529 [useSessionEvents] debug: subscribing to events for stress-s...

 [32m✓[39m src/tests/renderer/useSessionEvents.test.ts [2m([22m[2m32 tests[22m[2m)[22m[32m 42[2mms[22m[39m
[90mstdout[2m | src/tests/renderer/ChatView.test.tsx[2m > [22m[2mChatView[2m > [22m[2mrenders workflow step progress without crashing when workflows are tracked
[22m[39m15:49:31.530 [ChatView] debug: messageGroups: 1 groups (0 tool-groups, 0 thinking-groups), total messages: 1
15:49:31.544 [ChatView] info: session changed: test-ses...

[90mstdout[2m | src/tests/renderer/ChatView.test.tsx[2m > [22m[2mChatView[2m > [22m[2mshows connecting state when agent is not ready and session has no messages
[22m[39m15:49:31.555 [ChatView] debug: messageGroups: 0 groups (0 tool-groups, 0 thinking-groups), total messages: 0
15:49:31.573 [ChatView] info: session changed: test-ses...

[90mstdout[2m | src/tests/renderer/ChatView.test.tsx[2m > [22m[2mChatView[2m > [22m[2magent ready state shows WelcomeScreen without connecting text
[22m[39m15:49:31.586 [ChatView] debug: messageGroups: 0 groups (0 tool-groups, 0 thinking-groups), total messages: 0
15:49:31.599 [ChatView] info: session changed: test-ses...

[90mstdout[2m | src/tests/renderer/ChatView.test.tsx[2m > [22m[2mChatView[2m > [22m[2mdoes not show scroll-to-bottom button when no messages
[22m[39m15:49:31.611 [ChatView] debug: messageGroups: 0 groups (0 tool-groups, 0 thinking-groups), total messages: 0
15:49:31.620 [ChatView] info: session changed: test-ses...

[90mstdout[2m | src/tests/renderer/ChatView.test.tsx[2m > [22m[2mChatView[2m > [22m[2mshows error bar alongside messages
[22m[39m15:49:31.672 [ChatView] debug: messageGroups: 1 groups (0 tool-groups, 0 thinking-groups), total messages: 1
15:49:31.692 [ChatView] info: session changed: test-ses...

[90mstderr[2m | src/tests/renderer/ChatView.test.tsx[2m > [22m[2mChatView[2m > [22m[2mshows error bar alongside messages
[22m[39m15:49:31.692 [ChatView] warn: error: API rate limit

[90mstdout[2m | src/tests/renderer/ChatView.test.tsx[2m > [22m[2mChatView[2m > [22m[2mshows action chips when no session is active
[22m[39m15:49:31.737 [ChatView] debug: messageGroups: 0 groups (0 tool-groups, 0 thinking-groups), total messages: 0

[90mstdout[2m | src/tests/renderer/ChatView.test.tsx[2m > [22m[2mChatView[2m > [22m[2mshows navigate shortcuts when no session is active
[22m[39m15:49:31.771 [ChatView] debug: messageGroups: 0 groups (0 tool-groups, 0 thinking-groups), total messages: 0

[90mstdout[2m | src/tests/renderer/ChatView.test.tsx[2m > [22m[2mChatView[2m > [22m[2mopens and closes global command palette
[22m[39m15:49:31.791 [ChatView] debug: messageGroups: 0 groups (0 tool-groups, 0 thinking-groups), total messages: 0
15:49:31.831 [ChatView] info: session changed: test-ses...
15:49:31.831 [ChatView] debug: messageGroups: 0 groups (0 tool-groups, 0 thinking-groups), total messages: 0

[90mstdout[2m | src/tests/renderer/ChatView.test.tsx[2m > [22m[2mChatView[2m > [22m[2mopens and closes global command palette
[22m[39m15:49:31.853 [ChatView] debug: messageGroups: 0 groups (0 tool-groups, 0 thinking-groups), total messages: 0

[90mstdout[2m | src/tests/renderer/ChatView.test.tsx[2m > [22m[2mChatView[2m > [22m[2mopens and closes global command palette
[22m[39m15:49:31.878 [ChatView] debug: messageGroups: 0 groups (0 tool-groups, 0 thinking-groups), total messages: 0

[90mstdout[2m | src/tests/renderer/ChatView.test.tsx[2m > [22m[2mChatView[2m > [22m[2mstale overlay renders without crashing
[22m[39m15:49:31.915 [ChatView] debug: messageGroups: 1 groups (0 tool-groups, 0 thinking-groups), total messages: 1
15:49:31.927 [ChatView] info: session changed: test-ses...

 [32m✓[39m src/tests/renderer/ChatView.test.tsx [2m([22m[2m28 tests[22m[2m)[22m[33m 1814[2mms[22m[39m
     [33m[2m✓[22m[39m can dismiss error message [33m 490[2mms[22m[39m
 [32m✓[39m src/tests/threaded-project-manager.test.ts [2m([22m[2m24 tests[22m[2m)[22m[32m 29[2mms[22m[39m
 [32m✓[39m src/tests/renderer/message-transforms.test.ts [2m([22m[2m57 tests[22m[2m)[22m[32m 24[2mms[22m[39m
 [32m✓[39m src/tests/renderer/project-store.test.tsx [2m([22m[2m56 tests[22m[2m)[22m[32m 33[2mms[22m[39m
 [32m✓[39m src/tests/notification-service.test.ts [2m([22m[2m20 tests[22m[2m)[22m[32m 21[2mms[22m[39m
 [32m✓[39m src/tests/shared/ipc-channels.test.ts [2m([22m[2m16 tests[22m[2m)[22m[32m 19[2mms[22m[39m
 [32m✓[39m src/tests/preload/index.test.ts [2m([22m[2m25 tests[22m[2m)[22m[32m 16[2mms[22m[39m
 [32m✓[39m src/tests/renderer/extension-logging.test.ts [2m([22m[2m15 tests[22m[2m)[22m[32m 17[2mms[22m[39m
 [32m✓[39m src/tests/renderer/shell-stress.test.tsx [2m([22m[2m15 tests[22m[2m)[22m[32m 17[2mms[22m[39m
 [32m✓[39m src/tests/renderer/project-helpers.test.ts [2m([22m[2m23 tests[22m[2m)[22m[32m 18[2mms[22m[39m
 [32m✓[39m src/tests/shared/chat-utils.test.ts [2m([22m[2m13 tests[22m[2m)[22m[32m 16[2mms[22m[39m
 [32m✓[39m src/tests/renderer/StatusIndicator.test.tsx [2m([22m[2m15 tests[22m[2m)[22m[32m 170[2mms[22m[39m
 [32m✓[39m src/tests/main/worker-bootstrap.test.ts [2m([22m[2m13 tests[22m[2m)[22m[32m 18[2mms[22m[39m
 [32m✓[39m src/tests/shared/tool-summary.test.ts [2m([22m[2m32 tests[22m[2m)[22m[32m 13[2mms[22m[39m
 [32m✓[39m src/tests/renderer/useSession.test.ts [2m([22m[2m14 tests[22m[2m)[22m[32m 14[2mms[22m[39m
 [32m✓[39m src/tests/renderer/useCommandHistory.test.ts [2m([22m[2m25 tests[22m[2m)[22m[32m 113[2mms[22m[39m
 [32m✓[39m src/tests/renderer/useUIRequests.test.ts [2m([22m[2m20 tests[22m[2m)[22m[32m 92[2mms[22m[39m
 [32m✓[39m src/tests/renderer/ToolCallSection.test.tsx [2m([22m[2m13 tests[22m[2m)[22m[32m 175[2mms[22m[39m
 [32m✓[39m src/tests/renderer/messages-timeline.test.ts [2m([22m[2m4 tests[22m[2m)[22m[32m 96[2mms[22m[39m
 [32m✓[39m src/tests/renderer/useZoom.test.ts [2m([22m[2m13 tests[22m[2m)[22m[32m 75[2mms[22m[39m
 [32m✓[39m src/tests/renderer/useWorkflowSteps.test.ts [2m([22m[2m22 tests[22m[2m)[22m[32m 82[2mms[22m[39m
 [32m✓[39m src/tests/main/shell-stress.test.ts [2m([22m[2m15 tests[22m[2m)[22m[32m 6[2mms[22m[39m
 [32m✓[39m src/tests/text-extractor.test.ts [2m([22m[2m8 tests[22m[2m)[22m[32m 5[2mms[22m[39m
 [32m✓[39m src/tests/renderer/useClickOutside.test.ts [2m([22m[2m8 tests[22m[2m)[22m[32m 50[2mms[22m[39m
[90mstdout[2m | src/tests/renderer/logger.test.ts[2m > [22m[2mcreateLogger[2m > [22m[2mlogger methods do not throw errors
[22m[39m15:49:35.859 [safe-test] info: test info [33m1[39m [33m2[39m [33m3[39m
15:49:35.859 [safe-test] debug: test debug

[90mstderr[2m | src/tests/renderer/logger.test.ts[2m > [22m[2mcreateLogger[2m > [22m[2mlogger methods do not throw errors
[22m[39m15:49:35.858 [safe-test] error: test error { code: [33m500[39m }
15:49:35.859 [safe-test] warn: test warn extra

[90mstderr[2m | src/tests/renderer/logger.test.ts[2m > [22m[2mcreateLogger[2m > [22m[2mhandles undefined/null message gracefully
[22m[39m15:49:35.860 [edge-test] error: undefined
15:49:35.860 [edge-test] warn: null

 [32m✓[39m src/tests/renderer/logger.test.ts [2m([22m[2m7 tests[22m[2m)[22m[32m 12[2mms[22m[39m
[90mstdout[2m | src/tests/renderer/sound-manager.test.ts[2m > [22m[2mSoundManager[2m > [22m[2minit[2m > [22m[2mshould create an AudioContext on init
[22m[39m15:49:36.080 [sound-manager] info: Notification settings loaded
15:49:36.080 [sound-manager] info: SoundManager initialized

[90mstdout[2m | src/tests/renderer/sound-manager.test.ts[2m > [22m[2mSoundManager[2m > [22m[2minit[2m > [22m[2mshould be idempotent — only create AudioContext once
[22m[39m15:49:36.081 [sound-manager] info: Notification settings loaded
15:49:36.081 [sound-manager] info: SoundManager initialized

[90mstdout[2m | src/tests/renderer/sound-manager.test.ts[2m > [22m[2mSoundManager[2m > [22m[2minit[2m > [22m[2mshould load settings from IPC on init
[22m[39m15:49:36.082 [sound-manager] info: Notification settings loaded
15:49:36.082 [sound-manager] info: SoundManager initialized

[90mstdout[2m | src/tests/renderer/sound-manager.test.ts[2m > [22m[2mSoundManager[2m > [22m[2minit[2m > [22m[2mshould register IPC listener for onPlaySound
[22m[39m15:49:36.083 [sound-manager] info: Notification settings loaded
15:49:36.083 [sound-manager] info: SoundManager initialized

[90mstdout[2m | src/tests/renderer/sound-manager.test.ts[2m > [22m[2mSoundManager[2m > [22m[2minit[2m > [22m[2mshould not throw when IPC getSettings fails
[22m[39m15:49:36.086 [sound-manager] info: SoundManager initialized

[90mstderr[2m | src/tests/renderer/sound-manager.test.ts[2m > [22m[2mSoundManager[2m > [22m[2minit[2m > [22m[2mshould not throw when IPC getSettings fails
[22m[39m15:49:36.083 [sound-manager] warn: Failed to load notification settings, using defaults Error: fail
    at E:/project/node/nekocode/src/tests/renderer/sound-manager.test.ts:120:143
    at [90mfile:///E:/project/node/nekocode/[39mnode_modules/[4m@vitest/runner[24m/dist/chunk-artifact.js:302:11
    at [90mfile:///E:/project/node/nekocode/[39mnode_modules/[4m@vitest/runner[24m/dist/chunk-artifact.js:1903:26
    at [90mfile:///E:/project/node/nekocode/[39mnode_modules/[4m@vitest/runner[24m/dist/chunk-artifact.js:2326:20
    at new Promise (<anonymous>)
    at runWithCancel [90m(file:///E:/project/node/nekocode/[39mnode_modules/[4m@vitest/runner[24m/dist/chunk-artifact.js:2323:10[90m)[39m
    at [90mfile:///E:/project/node/nekocode/[39mnode_modules/[4m@vitest/runner[24m/dist/chunk-artifact.js:2305:20
    at new Promise (<anonymous>)
    at runWithTimeout [90m(file:///E:/project/node/nekocode/[39mnode_modules/[4m@vitest/runner[24m/dist/chunk-artifact.js:2272:10[90m)[39m
    at [90mfile:///E:/project/node/nekocode/[39mnode_modules/[4m@vitest/runner[24m/dist/chunk-artifact.js:2955:64

[90mstdout[2m | src/tests/renderer/sound-manager.test.ts[2m > [22m[2mSoundManager[2m > [22m[2mdispose[2m > [22m[2mshould close AudioContext and clean up IPC listener
[22m[39m15:49:36.087 [sound-manager] info: Notification settings loaded
15:49:36.087 [sound-manager] info: SoundManager initialized

[90mstdout[2m | src/tests/renderer/sound-manager.test.ts[2m > [22m[2mSoundManager[2m > [22m[2mdispose[2m > [22m[2mshould allow re-init after dispose
[22m[39m15:49:36.087 [sound-manager] info: Notification settings loaded
15:49:36.087 [sound-manager] info: SoundManager initialized

[90mstdout[2m | src/tests/renderer/sound-manager.test.ts[2m > [22m[2mSoundManager[2m > [22m[2mdispose[2m > [22m[2mshould allow re-init after dispose
[22m[39m15:49:36.087 [sound-manager] info: Notification settings loaded
15:49:36.087 [sound-manager] info: SoundManager initialized

[90mstdout[2m | src/tests/renderer/sound-manager.test.ts[2m > [22m[2mSoundManager[2m > [22m[2mupdateSettings[2m > [22m[2mshould update internal settings without error
[22m[39m15:49:36.088 [sound-manager] info: Notification settings loaded
15:49:36.088 [sound-manager] info: SoundManager initialized

[90mstdout[2m | src/tests/renderer/sound-manager.test.ts[2m > [22m[2mSoundManager[2m > [22m[2mplayPreview[2m > [22m[2mshould resume suspended AudioContext before playing
[22m[39m15:49:36.089 [sound-manager] info: Notification settings loaded
15:49:36.089 [sound-manager] info: SoundManager initialized

[90mstdout[2m | src/tests/renderer/sound-manager.test.ts[2m > [22m[2mSoundManager[2m > [22m[2mplayPreview[2m > [22m[2mshould create oscillators for task-complete sound
[22m[39m15:49:36.090 [sound-manager] info: Notification settings loaded
15:49:36.090 [sound-manager] info: SoundManager initialized

[90mstdout[2m | src/tests/renderer/sound-manager.test.ts[2m > [22m[2mSoundManager[2m > [22m[2mplayPreview[2m > [22m[2mshould create oscillator for success sound
[22m[39m15:49:36.090 [sound-manager] info: Notification settings loaded
15:49:36.090 [sound-manager] info: SoundManager initialized

[90mstdout[2m | src/tests/renderer/sound-manager.test.ts[2m > [22m[2mSoundManager[2m > [22m[2mplayPreview[2m > [22m[2mshould create oscillator for error sound
[22m[39m15:49:36.091 [sound-manager] info: Notification settings loaded
15:49:36.091 [sound-manager] info: SoundManager initialized

[90mstdout[2m | src/tests/renderer/sound-manager.test.ts[2m > [22m[2mSoundManager[2m > [22m[2mplayPreview[2m > [22m[2mshould create oscillator for warning sound
[22m[39m15:49:36.091 [sound-manager] info: Notification settings loaded
15:49:36.091 [sound-manager] info: SoundManager initialized

 [32m✓[39m src/tests/renderer/sound-manager.test.ts [2m([22m[2m14 tests[22m[2m)[22m[32m 14[2mms[22m[39m


[90mstdout[2m | src/tests/slash-commands-critical.test.ts
[22m[39mDownloading Electron binary...

[90mstdout[2m | src/tests/slash-commands-critical.test.ts[2m > [22m[2mContract Audit: ElectronUIContext.select(title, options, opts?)[2m > [22m[2mempty options array creates a select dialog with no choices — is this valid?
[22m[39m2026-05-27 22:54:44 [ElectronUIContext] [34mdebug[39m: ElectronUIContext: sent select request ui-test-ses-1-1779897284284 for session test-session

[90mstdout[2m | src/tests/slash-commands-critical.test.ts[2m > [22m[2mContract Audit: ElectronUIContext.select(title, options, opts?)[2m > [22m[2mtitle can be empty string — the dialog has no heading
[22m[39m2026-05-27 22:54:44 [ElectronUIContext] [34mdebug[39m: ElectronUIContext: sent select request ui-test-ses-1-1779897284289 for session test-session

[90mstdout[2m | src/tests/slash-commands-critical.test.ts[2m > [22m[2mContract Audit: ElectronUIContext.select(title, options, opts?)[2m > [22m[2mtimeout of 0 is treated as "no timeout" (falsy check)
[22m[39m2026-05-27 22:54:44 [ElectronUIContext] [34mdebug[39m: ElectronUIContext: sent select request ui-test-ses-1-1779897284290 for session test-session

[90mstdout[2m | src/tests/slash-commands-critical.test.ts[2m > [22m[2mContract Audit: ElectronUIContext.select(title, options, opts?)[2m > [22m[2mnegative timeout is silently ignored — is this intentional?
[22m[39m2026-05-27 22:54:44 [ElectronUIContext] [34mdebug[39m: ElectronUIContext: sent select request ui-test-ses-1-1779897284291 for session test-session

[90mstdout[2m | src/tests/slash-commands-critical.test.ts[2m > [22m[2mContract Audit: ElectronUIContext.select(title, options, opts?)[2m > [22m[2mAbortSignal abort resolves with undefined, not rejection
[22m[39m2026-05-27 22:54:44 [ElectronUIContext] [34mdebug[39m: ElectronUIContext: sent select request ui-test-ses-1-1779897284292 for session test-session

[90mstdout[2m | src/tests/slash-commands-critical.test.ts[2m > [22m[2mContract Audit: ElectronUIContext.select(title, options, opts?)[2m > [22m[2mmultiple simultaneous select() calls create independent pending requests
[22m[39m2026-05-27 22:54:44 [ElectronUIContext] [34mdebug[39m: ElectronUIContext: sent select request ui-test-ses-1-1779897284294 for session test-session
2026-05-27 22:54:44 [ElectronUIContext] [34mdebug[39m: ElectronUIContext: sent select request ui-test-ses-2-1779897284294 for session test-session

[90mstdout[2m | src/tests/slash-commands-critical.test.ts[2m > [22m[2mContract Audit: ElectronUIContext.select(title, options, opts?)[2m > [22m[2moptions with duplicate labels are not deduplicated — each becomes a separate UISelectOption
[22m[39m2026-05-27 22:54:44 [ElectronUIContext] [34mdebug[39m: ElectronUIContext: sent select request ui-test-ses-1-1779897284296 for session test-session

[90mstdout[2m | src/tests/slash-commands-critical.test.ts[2m > [22m[2mContract Audit: ElectronUIContext.select(title, options, opts?)[2m > [22m[2mresponse with selectedValue not in original options is still accepted
[22m[39m2026-05-27 22:54:44 [ElectronUIContext] [34mdebug[39m: ElectronUIContext: sent select request ui-test-ses-1-1779897284297 for session test-session
2026-05-27 22:54:44 [ElectronUIContext] [32minfo[39m: handleResponse: resolving request ui-test-ses-1-1779897284297 for session test-session, confirmed=true

[90mstdout[2m | src/tests/slash-commands-critical.test.ts[2m > [22m[2mContract Audit: ElectronUIContext.select(title, options, opts?)[2m > [22m[2mrequest is sent BEFORE timeout is set up — no race condition
[22m[39m2026-05-27 22:54:44 [ElectronUIContext] [34mdebug[39m: ElectronUIContext: sent select request ui-test-ses-1-1779897284300 for session test-session
2026-05-27 22:54:49 [ElectronUIContext] [32minfo[39m: handleResponse: resolving request ui-test-ses-1-1779897284300 for session test-session, confirmed=true

[90mstdout[2m | src/tests/slash-commands-critical.test.ts[2m > [22m[2mContract Audit: ElectronUIContext.confirm(title, message, opts?)[2m > [22m[2mCRITICAL: return type is Promise<boolean> but cancel resolves undefined
[22m[39m2026-05-27 22:54:44 [ElectronUIContext] [34mdebug[39m: ElectronUIContext: sent confirm request ui-test-ses-1-1779897284306 for session test-session
2026-05-27 22:54:44 [ElectronUIContext] [32minfo[39m: handleResponse: resolving request ui-test-ses-1-1779897284306 for session test-session, confirmed=false

[90mstdout[2m | src/tests/slash-commands-critical.test.ts[2m > [22m[2mContract Audit: ElectronUIContext.confirm(title, message, opts?)[2m > [22m[2mconfirmed response resolves to true, not to the user's choice
[22m[39m2026-05-27 22:54:44 [ElectronUIContext] [34mdebug[39m: ElectronUIContext: sent confirm request ui-test-ses-1-1779897284307 for session test-session
2026-05-27 22:54:44 [ElectronUIContext] [32minfo[39m: handleResponse: resolving request ui-test-ses-1-1779897284307 for session test-session, confirmed=true

[90mstdout[2m | src/tests/slash-commands-critical.test.ts[2m > [22m[2mContract Audit: ElectronUIContext.confirm(title, message, opts?)[2m > [22m[2mempty title and message are accepted — no validation
[22m[39m2026-05-27 22:54:44 [ElectronUIContext] [34mdebug[39m: ElectronUIContext: sent confirm request ui-test-ses-1-1779897284308 for session test-session

[90mstdout[2m | src/tests/slash-commands-critical.test.ts[2m > [22m[2mContract Audit: ElectronUIContext.confirm(title, message, opts?)[2m > [22m[2mconfirm with timeout resolves undefined on timeout
[22m[39m2026-05-27 22:54:44 [ElectronUIContext] [34mdebug[39m: ElectronUIContext: sent confirm request ui-test-ses-1-1779897284309 for session test-session

[90mstdout[2m | src/tests/slash-commands-critical.test.ts[2m > [22m[2mContract Audit: ElectronUIContext.confirm(title, message, opts?)[2m > [22m[2mconfirm with AbortSignal resolves undefined on abort
[22m[39m2026-05-27 22:54:44 [ElectronUIContext] [34mdebug[39m: ElectronUIContext: sent confirm request ui-test-ses-1-1779897284311 for session test-session

[90mstdout[2m | src/tests/slash-commands-critical.test.ts[2m > [22m[2mContract Audit: ElectronUIContext.input(title, placeholder?, opts?)[2m > [22m[2mCRITICAL: empty string input vs cancellation are distinguishable
[22m[39m2026-05-27 22:54:44 [ElectronUIContext] [34mdebug[39m: ElectronUIContext: sent input request ui-test-ses-1-1779897284312 for session test-session
2026-05-27 22:54:44 [ElectronUIContext] [32minfo[39m: handleResponse: resolving request ui-test-ses-1-1779897284312 for session test-session, confirmed=true

[90mstdout[2m | src/tests/slash-commands-critical.test.ts[2m > [22m[2mContract Audit: ElectronUIContext.input(title, placeholder?, opts?)[2m > [22m[2mcancel resolves undefined — distinguishable from empty string
[22m[39m2026-05-27 22:54:44 [ElectronUIContext] [34mdebug[39m: ElectronUIContext: sent input request ui-test-ses-1-1779897284314 for session test-session
2026-05-27 22:54:44 [ElectronUIContext] [32minfo[39m: handleResponse: resolving request ui-test-ses-1-1779897284314 for session test-session, confirmed=false

[90mstdout[2m | src/tests/slash-commands-critical.test.ts[2m > [22m[2mContract Audit: ElectronUIContext.input(title, placeholder?, opts?)[2m > [22m[2mplaceholder is optional and undefined placeholder creates no placeholder
[22m[39m2026-05-27 22:54:44 [ElectronUIContext] [34mdebug[39m: ElectronUIContext: sent input request ui-test-ses-1-1779897284315 for session test-session

[90mstdout[2m | src/tests/slash-commands-critical.test.ts[2m > [22m[2mContract Audit: ElectronUIContext.input(title, placeholder?, opts?)[2m > [22m[2mCRITICAL: response with inputValue AND selectedValue — selectedValue wins
[22m[39m2026-05-27 22:54:44 [ElectronUIContext] [34mdebug[39m: ElectronUIContext: sent input request ui-test-ses-1-1779897284315 for session test-session
2026-05-27 22:54:44 [ElectronUIContext] [32minfo[39m: handleResponse: resolving request ui-test-ses-1-1779897284315 for session test-session, confirmed=true

[90mstdout[2m | src/tests/slash-commands-critical.test.ts[2m > [22m[2mContract Audit: ElectronUIContext.input(title, placeholder?, opts?)[2m > [22m[2mCRITICAL: confirmed=true with no values resolves true — TYPE MISMATCH for input
[22m[39m2026-05-27 22:54:44 [ElectronUIContext] [34mdebug[39m: ElectronUIContext: sent input request ui-test-ses-1-1779897284316 for session test-session
2026-05-27 22:54:44 [ElectronUIContext] [32minfo[39m: handleResponse: resolving request ui-test-ses-1-1779897284316 for session test-session, confirmed=true

[90mstdout[2m | src/tests/slash-commands-critical.test.ts[2m > [22m[2mContract Audit: ElectronUIContext.input(title, placeholder?, opts?)[2m > [22m[2minput with timeout resolves undefined on timeout
[22m[39m2026-05-27 22:54:44 [ElectronUIContext] [34mdebug[39m: ElectronUIContext: sent input request ui-test-ses-1-1779897284317 for session test-session

[90mstdout[2m | src/tests/slash-commands-critical.test.ts[2m > [22m[2mContract Audit: ElectronUIContext.handleResponse[2m > [22m[2mdouble-response to same requestId — second response is silently ignored
[22m[39m2026-05-27 22:54:44 [ElectronUIContext] [34mdebug[39m: ElectronUIContext: sent select request ui-test-ses-1-1779897284318 for session test-session
2026-05-27 22:54:44 [ElectronUIContext] [32minfo[39m: handleResponse: resolving request ui-test-ses-1-1779897284318 for session test-session, confirmed=true

[90mstdout[2m | src/tests/slash-commands-critical.test.ts[2m > [22m[2mContract Audit: ElectronUIContext.handleResponse[2m > [22m[2mdouble-response to same requestId — second response is silently ignored
[22m[39m2026-05-27 22:54:44 [ElectronUIContext] [33mwarn[39m: handleResponse: no pending request for ID ui-test-ses-1-1779897284318 (session test-session). This could indicate a stale or duplicate response.

[90mstdout[2m | src/tests/slash-commands-critical.test.ts[2m > [22m[2mContract Audit: ElectronUIContext.handleResponse[2m > [22m[2mresponse for unknown requestId — silently ignored with warning
[22m[39m2026-05-27 22:54:44 [ElectronUIContext] [33mwarn[39m: handleResponse: no pending request for ID nonexistent-request-id (session test-session). This could indicate a stale or duplicate response.

[90mstdout[2m | src/tests/slash-commands-critical.test.ts[2m > [22m[2mContract Audit: ElectronUIContext.handleResponse[2m > [22m[2mCRITICAL: response with wrong sessionId but correct requestId — still resolves
[22m[39m2026-05-27 22:54:44 [ElectronUIContext] [34mdebug[39m: ElectronUIContext: sent select request ui-test-ses-1-1779897284321 for session test-session
2026-05-27 22:54:44 [ElectronUIContext] [32minfo[39m: handleResponse: resolving request ui-test-ses-1-1779897284321 for session test-session, confirmed=true

[90mstdout[2m | src/tests/slash-commands-critical.test.ts[2m > [22m[2mContract Audit: ElectronUIContext.handleResponse[2m > [22m[2mtimeout and manual response race — first one wins
[22m[39m2026-05-27 22:54:44 [ElectronUIContext] [34mdebug[39m: ElectronUIContext: sent select request ui-test-ses-1-1779897284321 for session test-session

[90mstdout[2m | src/tests/slash-commands-critical.test.ts[2m > [22m[2mContract Audit: ElectronUIContext.handleResponse[2m > [22m[2mtimeout and manual response race — first one wins
[22m[39m2026-05-27 22:54:45 [ElectronUIContext] [33mwarn[39m: handleResponse: no pending request for ID ui-test-ses-1-1779897284321 (session test-session). This could indicate a stale or duplicate response.

[90mstdout[2m | src/tests/slash-commands-critical.test.ts[2m > [22m[2mContract Audit: ElectronUIContext.handleResponse[2m > [22m[2mresponse arriving just before timeout — response wins
[22m[39m2026-05-27 22:54:44 [ElectronUIContext] [34mdebug[39m: ElectronUIContext: sent select request ui-test-ses-1-1779897284322 for session test-session
2026-05-27 22:54:44 [ElectronUIContext] [32minfo[39m: handleResponse: resolving request ui-test-ses-1-1779897284322 for session test-session, confirmed=true

[90mstdout[2m | src/tests/slash-commands-critical.test.ts[2m > [22m[2mContract Audit: ElectronUIContext.handleResponse[2m > [22m[2mdispose() resolves all pending requests with undefined
[22m[39m2026-05-27 22:54:44 [ElectronUIContext] [34mdebug[39m: ElectronUIContext: sent select request ui-test-ses-1-1779897284323 for session test-session
2026-05-27 22:54:44 [ElectronUIContext] [34mdebug[39m: ElectronUIContext: sent confirm request ui-test-ses-2-1779897284323 for session test-session
2026-05-27 22:54:44 [ElectronUIContext] [34mdebug[39m: ElectronUIContext: sent input request ui-test-ses-3-1779897284323 for session test-session

[90mstdout[2m | src/tests/slash-commands-critical.test.ts[2m > [22m[2mContract Audit: ElectronUIContext.handleResponse[2m > [22m[2mconfirmed=false always resolves undefined regardless of selectedValue/inputValue
[22m[39m2026-05-27 22:54:44 [ElectronUIContext] [34mdebug[39m: ElectronUIContext: sent select request ui-test-ses-1-1779897284324 for session test-session
2026-05-27 22:54:44 [ElectronUIContext] [32minfo[39m: handleResponse: resolving request ui-test-ses-1-1779897284324 for session test-session, confirmed=false

[90mstdout[2m | src/tests/slash-commands-critical.test.ts[2m > [22m[2mContract Audit: ElectronUIContext.handleResponse[2m > [22m[2mresponse with inputValue for a select request — inputValue is used
[22m[39m2026-05-27 22:54:44 [ElectronUIContext] [34mdebug[39m: ElectronUIContext: sent select request ui-test-ses-1-1779897284324 for session test-session
2026-05-27 22:54:44 [ElectronUIContext] [32minfo[39m: handleResponse: resolving request ui-test-ses-1-1779897284324 for session test-session, confirmed=true

[90mstdout[2m | src/tests/slash-commands-critical.test.ts[2m > [22m[2mContract Audit: ElectronUIContext — Concurrency and State Pollution[2m > [22m[2mrequest IDs are unique within a session context
[22m[39m2026-05-27 22:54:44 [ElectronUIContext] [34mdebug[39m: ElectronUIContext: sent select request ui-test-ses-1-1779897284325 for session test-session
2026-05-27 22:54:44 [ElectronUIContext] [34mdebug[39m: ElectronUIContext: sent select request ui-test-ses-2-1779897284325 for session test-session
2026-05-27 22:54:44 [ElectronUIContext] [34mdebug[39m: ElectronUIContext: sent select request ui-test-ses-3-1779897284326 for session test-session
2026-05-27 22:54:44 [ElectronUIContext] [34mdebug[39m: ElectronUIContext: sent select request ui-test-ses-4-1779897284326 for session test-session
2026-05-27 22:54:44 [ElectronUIContext] [34mdebug[39m: ElectronUIContext: sent select request ui-test-ses-5-1779897284326 for session test-session
2026-05-27 22:54:44 [ElectronUIContext] [34mdebug[39m: ElectronUIContext: sent select request ui-test-ses-6-1779897284326 for session test-session
2026-05-27 22:54:44 [ElectronUIContext] [34mdebug[39m: ElectronUIContext: sent select request ui-test-ses-7-1779897284326 for session test-session
2026-05-27 22:54:44 [ElectronUIContext] [34mdebug[39m: ElectronUIContext: sent select request ui-test-ses-8-1779897284333 for session test-session
2026-05-27 22:54:44 [ElectronUIContext] [34mdebug[39m: ElectronUIContext: sent select request ui-test-ses-9-1779897284334 for session test-session
2026-05-27 22:54:44 [ElectronUIContext] [34mdebug[39m: ElectronUIContext: sent select request ui-test-ses-10-1779897284334 for session test-session
2026-05-27 22:54:44 [ElectronUIContext] [34mdebug[39m: ElectronUIContext: sent select request ui-test-ses-11-1779897284334 for session test-session
2026-05-27 22:54:44 [ElectronUIContext] [34mdebug[39m: ElectronUIContext: sent select request ui-test-ses-12-1779897284334 for session test-session
2026-05-27 22:54:44 [ElectronUIContext] [34mdebug[39m: ElectronUIContext: sent select request ui-test-ses-13-1779897284334 for session test-session
2026-05-27 22:54:44 [ElectronUIContext] [34mdebug[39m: ElectronUIContext: sent select request ui-test-ses-14-1779897284334 for session test-session
2026-05-27 22:54:44 [ElectronUIContext] [34mdebug[39m: ElectronUIContext: sent select request ui-test-ses-15-1779897284334 for session test-session
2026-05-27 22:54:44 [ElectronUIContext] [34mdebug[39m: ElectronUIContext: sent select request ui-test-ses-16-1779897284334 for session test-session
2026-05-27 22:54:44 [ElectronUIContext] [34mdebug[39m: ElectronUIContext: sent select request ui-test-ses-17-1779897284334 for session test-session
2026-05-27 22:54:44 [ElectronUIContext] [34mdebug[39m: ElectronUIContext: sent select request ui-test-ses-18-1779897284334 for session test-session
2026-05-27 22:54:44 [ElectronUIContext] [34mdebug[39m: ElectronUIContext: sent select request ui-test-ses-19-1779897284335 for session test-session
2026-05-27 22:54:44 [ElectronUIContext] [34mdebug[39m: ElectronUIContext: sent select request ui-test-ses-20-1779897284335 for session test-session
2026-05-27 22:54:44 [ElectronUIContext] [34mdebug[39m: ElectronUIContext: sent select request ui-test-ses-21-1779897284335 for session test-session
2026-05-27 22:54:44 [ElectronUIContext] [34mdebug[39m: ElectronUIContext: sent select request ui-test-ses-22-1779897284335 for session test-session
2026-05-27 22:54:44 [ElectronUIContext] [34mdebug[39m: ElectronUIContext: sent select request ui-test-ses-23-1779897284335 for session test-session
2026-05-27 22:54:44 [ElectronUIContext] [34mdebug[39m: ElectronUIContext: sent select request ui-test-ses-24-1779897284335 for session test-session
2026-05-27 22:54:44 [ElectronUIContext] [34mdebug[39m: ElectronUIContext: sent select request ui-test-ses-25-1779897284335 for session test-session
2026-05-27 22:54:44 [ElectronUIContext] [34mdebug[39m: ElectronUIContext: sent select request ui-test-ses-26-1779897284335 for session test-session
2026-05-27 22:54:44 [ElectronUIContext] [34mdebug[39m: ElectronUIContext: sent select request ui-test-ses-27-1779897284336 for session test-session
2026-05-27 22:54:44 [ElectronUIContext] [34mdebug[39m: ElectronUIContext: sent select request ui-test-ses-28-1779897284336 for session test-session
2026-05-27 22:54:44 [ElectronUIContext] [34mdebug[39m: ElectronUIContext: sent select request ui-test-ses-29-1779897284336 for session test-session
2026-05-27 22:54:44 [ElectronUIContext] [34mdebug[39m: ElectronUIContext: sent select request ui-test-ses-30-1779897284336 for session test-session
2026-05-27 22:54:44 [ElectronUIContext] [34mdebug[39m: ElectronUIContext: sent select request ui-test-ses-31-1779897284336 for session test-session
2026-05-27 22:54:44 [ElectronUIContext] [34mdebug[39m: ElectronUIContext: sent select request ui-test-ses-32-1779897284336 for session test-session
2026-05-27 22:54:44 [ElectronUIContext] [34mdebug[39m: ElectronUIContext: sent select request ui-test-ses-33-1779897284336 for session test-session
2026-05-27 22:54:44 [ElectronUIContext] [34mdebug[39m: ElectronUIContext: sent select request ui-test-ses-34-1779897284336 for session test-session
2026-05-27 22:54:44 [ElectronUIContext] [34mdebug[39m: ElectronUIContext: sent select request ui-test-ses-35-1779897284336 for session test-session
2026-05-27 22:54:44 [ElectronUIContext] [34mdebug[39m: ElectronUIContext: sent select request ui-test-ses-36-1779897284337 for session test-session
2026-05-27 22:54:44 [ElectronUIContext] [34mdebug[39m: ElectronUIContext: sent select request ui-test-ses-37-1779897284337 for session test-session
2026-05-27 22:54:44 [ElectronUIContext] [34mdebug[39m: ElectronUIContext: sent select request ui-test-ses-38-1779897284337 for session test-session
2026-05-27 22:54:44 [ElectronUIContext] [34mdebug[39m: ElectronUIContext: sent select request ui-test-ses-39-1779897284337 for session test-session
2026-05-27 22:54:44 [ElectronUIContext] [34mdebug[39m: ElectronUIContext: sent select request ui-test-ses-40-1779897284337 for session test-session
2026-05-27 22:54:44 [ElectronUIContext] [34mdebug[39m: ElectronUIContext: sent select request ui-test-ses-41-1779897284337 for session test-session
2026-05-27 22:54:44 [ElectronUIContext] [34mdebug[39m: ElectronUIContext: sent select request ui-test-ses-42-1779897284337 for session test-session
2026-05-27 22:54:44 [ElectronUIContext] [34mdebug[39m: ElectronUIContext: sent select request ui-test-ses-43-1779897284337 for session test-session
2026-05-27 22:54:44 [ElectronUIContext] [34mdebug[39m: ElectronUIContext: sent select request ui-test-ses-44-1779897284337 for session test-session
2026-05-27 22:54:44 [ElectronUIContext] [34mdebug[39m: ElectronUIContext: sent select request ui-test-ses-45-1779897284337 for session test-session
2026-05-27 22:54:44 [ElectronUIContext] [34mdebug[39m: ElectronUIContext: sent select request ui-test-ses-46-1779897284337 for session test-session
2026-05-27 22:54:44 [ElectronUIContext] [34mdebug[39m: ElectronUIContext: sent select request ui-test-ses-47-1779897284337 for session test-session
2026-05-27 22:54:44 [ElectronUIContext] [34mdebug[39m: ElectronUIContext: sent select request ui-test-ses-48-1779897284337 for session test-session
2026-05-27 22:54:44 [ElectronUIContext] [34mdebug[39m: ElectronUIContext: sent select request ui-test-ses-49-1779897284337 for session test-session
2026-05-27 22:54:44 [ElectronUIContext] [34mdebug[39m: ElectronUIContext: sent select request ui-test-ses-50-1779897284337 for session test-session
2026-05-27 22:54:44 [ElectronUIContext] [34mdebug[39m: ElectronUIContext: sent select request ui-test-ses-51-1779897284337 for session test-session
2026-05-27 22:54:44 [ElectronUIContext] [34mdebug[39m: ElectronUIContext: sent select request ui-test-ses-52-1779897284337 for session test-session
2026-05-27 22:54:44 [ElectronUIContext] [34mdebug[39m: ElectronUIContext: sent select request ui-test-ses-53-1779897284337 for session test-session
2026-05-27 22:54:44 [ElectronUIContext] [34mdebug[39m: ElectronUIContext: sent select request ui-test-ses-54-1779897284337 for session test-session
2026-05-27 22:54:44 [ElectronUIContext] [34mdebug[39m: ElectronUIContext: sent select request ui-test-ses-55-1779897284337 for session test-session
2026-05-27 22:54:44 [ElectronUIContext] [34mdebug[39m: ElectronUIContext: sent select request ui-test-ses-56-1779897284337 for session test-session
2026-05-27 22:54:44 [ElectronUIContext] [34mdebug[39m: ElectronUIContext: sent select request ui-test-ses-57-1779897284337 for session test-session
2026-05-27 22:54:44 [ElectronUIContext] [34mdebug[39m: ElectronUIContext: sent select request ui-test-ses-58-1779897284337 for session test-session
2026-05-27 22:54:44 [ElectronUIContext] [34mdebug[39m: ElectronUIContext: sent select request ui-test-ses-59-1779897284337 for session test-session
2026-05-27 22:54:44 [ElectronUIContext] [34mdebug[39m: ElectronUIContext: sent select request ui-test-ses-60-1779897284337 for session test-session
2026-05-27 22:54:44 [ElectronUIContext] [34mdebug[39m: ElectronUIContext: sent select request ui-test-ses-61-1779897284337 for session test-session
2026-05-27 22:54:44 [ElectronUIContext] [34mdebug[39m: ElectronUIContext: sent select request ui-test-ses-62-1779897284337 for session test-session
2026-05-27 22:54:44 [ElectronUIContext] [34mdebug[39m: ElectronUIContext: sent select request ui-test-ses-63-1779897284337 for session test-session
2026-05-27 22:54:44 [ElectronUIContext] [34mdebug[39m: ElectronUIContext: sent select request ui-test-ses-64-1779897284338 for session test-session
2026-05-27 22:54:44 [ElectronUIContext] [34mdebug[39m: ElectronUIContext: sent select request ui-test-ses-65-1779897284338 for session test-session
2026-05-27 22:54:44 [ElectronUIContext] [34mdebug[39m: ElectronUIContext: sent select request ui-test-ses-66-1779897284338 for session test-session
2026-05-27 22:54:44 [ElectronUIContext] [34mdebug[39m: ElectronUIContext: sent select request ui-test-ses-67-1779897284338 for session test-session
2026-05-27 22:54:44 [ElectronUIContext] [34mdebug[39m: ElectronUIContext: sent select request ui-test-ses-68-1779897284338 for session test-session
2026-05-27 22:54:44 [ElectronUIContext] [34mdebug[39m: ElectronUIContext: sent select request ui-test-ses-69-1779897284338 for session test-session
2026-05-27 22:54:44 [ElectronUIContext] [34mdebug[39m: ElectronUIContext: sent select request ui-test-ses-70-1779897284339 for session test-session
2026-05-27 22:54:44 [ElectronUIContext] [34mdebug[39m: ElectronUIContext: sent select request ui-test-ses-71-1779897284339 for session test-session
2026-05-27 22:54:44 [ElectronUIContext] [34mdebug[39m: ElectronUIContext: sent select request ui-test-ses-72-1779897284339 for session test-session
2026-05-27 22:54:44 [ElectronUIContext] [34mdebug[39m: ElectronUIContext: sent select request ui-test-ses-73-1779897284339 for session test-session
2026-05-27 22:54:44 [ElectronUIContext] [34mdebug[39m: ElectronUIContext: sent select request ui-test-ses-74-1779897284339 for session test-session
2026-05-27 22:54:44 [ElectronUIContext] [34mdebug[39m: ElectronUIContext: sent select request ui-test-ses-75-1779897284339 for session test-session
2026-05-27 22:54:44 [ElectronUIContext] [34mdebug[39m: ElectronUIContext: sent select request ui-test-ses-76-1779897284339 for session test-session
2026-05-27 22:54:44 [ElectronUIContext] [34mdebug[39m: ElectronUIContext: sent select request ui-test-ses-77-1779897284339 for session test-session
2026-05-27 22:54:44 [ElectronUIContext] [34mdebug[39m: ElectronUIContext: sent select request ui-test-ses-78-1779897284339 for session test-session
2026-05-27 22:54:44 [ElectronUIContext] [34mdebug[39m: ElectronUIContext: sent select request ui-test-ses-79-1779897284340 for session test-session
2026-05-27 22:54:44 [ElectronUIContext] [34mdebug[39m: ElectronUIContext: sent select request ui-test-ses-80-1779897284340 for session test-session
2026-05-27 22:54:44 [ElectronUIContext] [34mdebug[39m: ElectronUIContext: sent select request ui-test-ses-81-1779897284340 for session test-session
2026-05-27 22:54:44 [ElectronUIContext] [34mdebug[39m: ElectronUIContext: sent select request ui-test-ses-82-1779897284340 for session test-session
2026-05-27 22:54:44 [ElectronUIContext] [34mdebug[39m: ElectronUIContext: sent select request ui-test-ses-83-1779897284340 for session test-session
2026-05-27 22:54:44 [ElectronUIContext] [34mdebug[39m: ElectronUIContext: sent select request ui-test-ses-84-1779897284340 for session test-session
2026-05-27 22:54:44 [ElectronUIContext] [34mdebug[39m: ElectronUIContext: sent select request ui-test-ses-85-1779897284340 for session test-session
2026-05-27 22:54:44 [ElectronUIContext] [34mdebug[39m: ElectronUIContext: sent select request ui-test-ses-86-1779897284341 for session test-session
2026-05-27 22:54:44 [ElectronUIContext] [34mdebug[39m: ElectronUIContext: sent select request ui-test-ses-87-1779897284341 for session test-session
2026-05-27 22:54:44 [ElectronUIContext] [34mdebug[39m: ElectronUIContext: sent select request ui-test-ses-88-1779897284341 for session test-session
2026-05-27 22:54:44 [ElectronUIContext] [34mdebug[39m: ElectronUIContext: sent select request ui-test-ses-89-1779897284341 for session test-session
2026-05-27 22:54:44 [ElectronUIContext] [34mdebug[39m: ElectronUIContext: sent select request ui-test-ses-90-1779897284341 for session test-session
2026-05-27 22:54:44 [ElectronUIContext] [34mdebug[39m: ElectronUIContext: sent select request ui-test-ses-91-1779897284341 for session test-session
2026-05-27 22:54:44 [ElectronUIContext] [34mdebug[39m: ElectronUIContext: sent select request ui-test-ses-92-1779897284341 for session test-session
2026-05-27 22:54:44 [ElectronUIContext] [34mdebug[39m: ElectronUIContext: sent select request ui-test-ses-93-1779897284341 for session test-session
2026-05-27 22:54:44 [ElectronUIContext] [34mdebug[39m: ElectronUIContext: sent select request ui-test-ses-94-1779897284341 for session test-session
2026-05-27 22:54:44 [ElectronUIContext] [34mdebug[39m: ElectronUIContext: sent select request ui-test-ses-95-1779897284341 for session test-session
2026-05-27 22:54:44 [ElectronUIContext] [34mdebug[39m: ElectronUIContext: sent select request ui-test-ses-96-1779897284341 for session test-session
2026-05-27 22:54:44 [ElectronUIContext] [34mdebug[39m: ElectronUIContext: sent select request ui-test-ses-97-1779897284341 for session test-session
2026-05-27 22:54:44 [ElectronUIContext] [34mdebug[39m: ElectronUIContext: sent select request ui-test-ses-98-1779897284342 for session test-session
2026-05-27 22:54:44 [ElectronUIContext] [34mdebug[39m: ElectronUIContext: sent select request ui-test-ses-99-1779897284342 for session test-session
2026-05-27 22:54:44 [ElectronUIContext] [34mdebug[39m: ElectronUIContext: sent select request ui-test-ses-100-1779897284342 for session test-session

[90mstdout[2m | src/tests/slash-commands-critical.test.ts[2m > [22m[2mContract Audit: ElectronUIContext — Concurrency and State Pollution[2m > [22m[2mdisposed context still accepts new requests (potential leak)
[22m[39m2026-05-27 22:54:44 [ElectronUIContext] [34mdebug[39m: ElectronUIContext: sent select request ui-test-ses-1-1779897284343 for session test-session

[90mstdout[2m | src/tests/slash-commands-critical.test.ts[2m > [22m[2mContract Audit: ElectronUIContext — Concurrency and State Pollution[2m > [22m[2msame select() called 100 times creates 100 independent requests
[22m[39m2026-05-27 22:54:44 [ElectronUIContext] [34mdebug[39m: ElectronUIContext: sent select request ui-test-ses-1-1779897284344 for session test-session
2026-05-27 22:54:44 [ElectronUIContext] [34mdebug[39m: ElectronUIContext: sent select request ui-test-ses-2-1779897284344 for session test-session
2026-05-27 22:54:44 [ElectronUIContext] [34mdebug[39m: ElectronUIContext: sent select request ui-test-ses-3-1779897284344 for session test-session
2026-05-27 22:54:44 [ElectronUIContext] [34mdebug[39m: ElectronUIContext: sent select request ui-test-ses-4-1779897284344 for session test-session
2026-05-27 22:54:44 [ElectronUIContext] [34mdebug[39m: ElectronUIContext: sent select request ui-test-ses-5-1779897284344 for session test-session
2026-05-27 22:54:44 [ElectronUIContext] [34mdebug[39m: ElectronUIContext: sent select request ui-test-ses-6-1779897284344 for session test-session
2026-05-27 22:54:44 [ElectronUIContext] [34mdebug[39m: ElectronUIContext: sent select request ui-test-ses-7-1779897284344 for session test-session
2026-05-27 22:54:44 [ElectronUIContext] [34mdebug[39m: ElectronUIContext: sent select request ui-test-ses-8-1779897284344 for session test-session
2026-05-27 22:54:44 [ElectronUIContext] [34mdebug[39m: ElectronUIContext: sent select request ui-test-ses-9-1779897284344 for session test-session
2026-05-27 22:54:44 [ElectronUIContext] [34mdebug[39m: ElectronUIContext: sent select request ui-test-ses-10-1779897284344 for session test-session
2026-05-27 22:54:44 [ElectronUIContext] [34mdebug[39m: ElectronUIContext: sent select request ui-test-ses-11-1779897284344 for session test-session
2026-05-27 22:54:44 [ElectronUIContext] [34mdebug[39m: ElectronUIContext: sent select request ui-test-ses-12-1779897284344 for session test-session
2026-05-27 22:54:44 [ElectronUIContext] [34mdebug[39m: ElectronUIContext: sent select request ui-test-ses-13-1779897284344 for session test-session
2026-05-27 22:54:44 [ElectronUIContext] [34mdebug[39m: ElectronUIContext: sent select request ui-test-ses-14-1779897284345 for session test-session
2026-05-27 22:54:44 [ElectronUIContext] [34mdebug[39m: ElectronUIContext: sent select request ui-test-ses-15-1779897284345 for session test-session
2026-05-27 22:54:44 [ElectronUIContext] [34mdebug[39m: ElectronUIContext: sent select request ui-test-ses-16-1779897284345 for session test-session
2026-05-27 22:54:44 [ElectronUIContext] [34mdebug[39m: ElectronUIContext: sent select request ui-test-ses-17-1779897284345 for session test-session
2026-05-27 22:54:44 [ElectronUIContext] [34mdebug[39m: ElectronUIContext: sent select request ui-test-ses-18-1779897284345 for session test-session
2026-05-27 22:54:44 [ElectronUIContext] [34mdebug[39m: ElectronUIContext: sent select request ui-test-ses-19-1779897284345 for session test-session
2026-05-27 22:54:44 [ElectronUIContext] [34mdebug[39m: ElectronUIContext: sent select request ui-test-ses-20-1779897284345 for session test-session
2026-05-27 22:54:44 [ElectronUIContext] [34mdebug[39m: ElectronUIContext: sent select request ui-test-ses-21-1779897284345 for session test-session
2026-05-27 22:54:44 [ElectronUIContext] [34mdebug[39m: ElectronUIContext: sent select request ui-test-ses-22-1779897284345 for session test-session
2026-05-27 22:54:44 [ElectronUIContext] [34mdebug[39m: ElectronUIContext: sent select request ui-test-ses-23-1779897284345 for session test-session
2026-05-27 22:54:44 [ElectronUIContext] [34mdebug[39m: ElectronUIContext: sent select request ui-test-ses-24-1779897284345 for session test-session
2026-05-27 22:54:44 [ElectronUIContext] [34mdebug[39m: ElectronUIContext: sent select request ui-test-ses-25-1779897284345 for session test-session
2026-05-27 22:54:44 [ElectronUIContext] [34mdebug[39m: ElectronUIContext: sent select request ui-test-ses-26-1779897284345 for session test-session
2026-05-27 22:54:44 [ElectronUIContext] [34mdebug[39m: ElectronUIContext: sent select request ui-test-ses-27-1779897284345 for session test-session
2026-05-27 22:54:44 [ElectronUIContext] [34mdebug[39m: ElectronUIContext: sent select request ui-test-ses-28-1779897284345 for session test-session
2026-05-27 22:54:44 [ElectronUIContext] [34mdebug[39m: ElectronUIContext: sent select request ui-test-ses-29-1779897284345 for session test-session
2026-05-27 22:54:44 [ElectronUIContext] [34mdebug[39m: ElectronUIContext: sent select request ui-test-ses-30-1779897284345 for session test-session
2026-05-27 22:54:44 [ElectronUIContext] [34mdebug[39m: ElectronUIContext: sent select request ui-test-ses-31-1779897284345 for session test-session
2026-05-27 22:54:44 [ElectronUIContext] [34mdebug[39m: ElectronUIContext: sent select request ui-test-ses-32-1779897284346 for session test-session
2026-05-27 22:54:44 [ElectronUIContext] [34mdebug[39m: ElectronUIContext: sent select request ui-test-ses-33-1779897284346 for session test-session
2026-05-27 22:54:44 [ElectronUIContext] [34mdebug[39m: ElectronUIContext: sent select request ui-test-ses-34-1779897284346 for session test-session
2026-05-27 22:54:44 [ElectronUIContext] [34mdebug[39m: ElectronUIContext: sent select request ui-test-ses-35-1779897284346 for session test-session
2026-05-27 22:54:44 [ElectronUIContext] [34mdebug[39m: ElectronUIContext: sent select request ui-test-ses-36-1779897284346 for session test-session
2026-05-27 22:54:44 [ElectronUIContext] [34mdebug[39m: ElectronUIContext: sent select request ui-test-ses-37-1779897284346 for session test-session
2026-05-27 22:54:44 [ElectronUIContext] [34mdebug[39m: ElectronUIContext: sent select request ui-test-ses-38-1779897284346 for session test-session
2026-05-27 22:54:44 [ElectronUIContext] [34mdebug[39m: ElectronUIContext: sent select request ui-test-ses-39-1779897284346 for session test-session
2026-05-27 22:54:44 [ElectronUIContext] [34mdebug[39m: ElectronUIContext: sent select request ui-test-ses-40-1779897284346 for session test-session
2026-05-27 22:54:44 [ElectronUIContext] [34mdebug[39m: ElectronUIContext: sent select request ui-test-ses-41-1779897284346 for session test-session
2026-05-27 22:54:44 [ElectronUIContext] [34mdebug[39m: ElectronUIContext: sent select request ui-test-ses-42-1779897284346 for session test-session
2026-05-27 22:54:44 [ElectronUIContext] [34mdebug[39m: ElectronUIContext: sent select request ui-test-ses-43-1779897284346 for session test-session
2026-05-27 22:54:44 [ElectronUIContext] [34mdebug[39m: ElectronUIContext: sent select request ui-test-ses-44-1779897284346 for session test-session
2026-05-27 22:54:44 [ElectronUIContext] [34mdebug[39m: ElectronUIContext: sent select request ui-test-ses-45-1779897284346 for session test-session
2026-05-27 22:54:44 [ElectronUIContext] [34mdebug[39m: ElectronUIContext: sent select request ui-test-ses-46-1779897284346 for session test-session
2026-05-27 22:54:44 [ElectronUIContext] [34mdebug[39m: ElectronUIContext: sent select request ui-test-ses-47-1779897284346 for session test-session
2026-05-27 22:54:44 [ElectronUIContext] [34mdebug[39m: ElectronUIContext: sent select request ui-test-ses-48-1779897284346 for session test-session
2026-05-27 22:54:44 [ElectronUIContext] [34mdebug[39m: ElectronUIContext: sent select request ui-test-ses-49-1779897284346 for session test-session
2026-05-27 22:54:44 [ElectronUIContext] [34mdebug[39m: ElectronUIContext: sent select request ui-test-ses-50-1779897284346 for session test-session
2026-05-27 22:54:44 [ElectronUIContext] [34mdebug[39m: ElectronUIContext: sent select request ui-test-ses-51-1779897284347 for session test-session
2026-05-27 22:54:44 [ElectronUIContext] [34mdebug[39m: ElectronUIContext: sent select request ui-test-ses-52-1779897284347 for session test-session
2026-05-27 22:54:44 [ElectronUIContext] [34mdebug[39m: ElectronUIContext: sent select request ui-test-ses-53-1779897284347 for session test-session
2026-05-27 22:54:44 [ElectronUIContext] [34mdebug[39m: ElectronUIContext: sent select request ui-test-ses-54-1779897284347 for session test-session
2026-05-27 22:54:44 [ElectronUIContext] [34mdebug[39m: ElectronUIContext: sent select request ui-test-ses-55-1779897284347 for session test-session
2026-05-27 22:54:44 [ElectronUIContext] [34mdebug[39m: ElectronUIContext: sent select request ui-test-ses-56-1779897284347 for session test-session
2026-05-27 22:54:44 [ElectronUIContext] [34mdebug[39m: ElectronUIContext: sent select request ui-test-ses-57-1779897284347 for session test-session
2026-05-27 22:54:44 [ElectronUIContext] [34mdebug[39m: ElectronUIContext: sent select request ui-test-ses-58-1779897284347 for session test-session
2026-05-27 22:54:44 [ElectronUIContext] [34mdebug[39m: ElectronUIContext: sent select request ui-test-ses-59-1779897284347 for session test-session
2026-05-27 22:54:44 [ElectronUIContext] [34mdebug[39m: ElectronUIContext: sent select request ui-test-ses-60-1779897284347 for session test-session
2026-05-27 22:54:44 [ElectronUIContext] [34mdebug[39m: ElectronUIContext: sent select request ui-test-ses-61-1779897284347 for session test-session
2026-05-27 22:54:44 [ElectronUIContext] [34mdebug[39m: ElectronUIContext: sent select request ui-test-ses-62-1779897284347 for session test-session
2026-05-27 22:54:44 [ElectronUIContext] [34mdebug[39m: ElectronUIContext: sent select request ui-test-ses-63-1779897284347 for session test-session
2026-05-27 22:54:44 [ElectronUIContext] [34mdebug[39m: ElectronUIContext: sent select request ui-test-ses-64-1779897284347 for session test-session
2026-05-27 22:54:44 [ElectronUIContext] [34mdebug[39m: ElectronUIContext: sent select request ui-test-ses-65-1779897284347 for session test-session
2026-05-27 22:54:44 [ElectronUIContext] [34mdebug[39m: ElectronUIContext: sent select request ui-test-ses-66-1779897284347 for session test-session
2026-05-27 22:54:44 [ElectronUIContext] [34mdebug[39m: ElectronUIContext: sent select request ui-test-ses-67-1779897284347 for session test-session
2026-05-27 22:54:44 [ElectronUIContext] [34mdebug[39m: ElectronUIContext: sent select request ui-test-ses-68-1779897284347 for session test-session
2026-05-27 22:54:44 [ElectronUIContext] [34mdebug[39m: ElectronUIContext: sent select request ui-test-ses-69-1779897284347 for session test-session
2026-05-27 22:54:44 [ElectronUIContext] [34mdebug[39m: ElectronUIContext: sent select request ui-test-ses-70-1779897284348 for session test-session
2026-05-27 22:54:44 [ElectronUIContext] [34mdebug[39m: ElectronUIContext: sent select request ui-test-ses-71-1779897284348 for session test-session
2026-05-27 22:54:44 [ElectronUIContext] [34mdebug[39m: ElectronUIContext: sent select request ui-test-ses-72-1779897284348 for session test-session
2026-05-27 22:54:44 [ElectronUIContext] [34mdebug[39m: ElectronUIContext: sent select request ui-test-ses-73-1779897284348 for session test-session
2026-05-27 22:54:44 [ElectronUIContext] [34mdebug[39m: ElectronUIContext: sent select request ui-test-ses-74-1779897284348 for session test-session
2026-05-27 22:54:44 [ElectronUIContext] [34mdebug[39m: ElectronUIContext: sent select request ui-test-ses-75-1779897284348 for session test-session
2026-05-27 22:54:44 [ElectronUIContext] [34mdebug[39m: ElectronUIContext: sent select request ui-test-ses-76-1779897284348 for session test-session
2026-05-27 22:54:44 [ElectronUIContext] [34mdebug[39m: ElectronUIContext: sent select request ui-test-ses-77-1779897284348 for session test-session
2026-05-27 22:54:44 [ElectronUIContext] [34mdebug[39m: ElectronUIContext: sent select request ui-test-ses-78-1779897284348 for session test-session
2026-05-27 22:54:44 [ElectronUIContext] [34mdebug[39m: ElectronUIContext: sent select request ui-test-ses-79-1779897284348 for session test-session
2026-05-27 22:54:44 [ElectronUIContext] [34mdebug[39m: ElectronUIContext: sent select request ui-test-ses-80-1779897284348 for session test-session
2026-05-27 22:54:44 [ElectronUIContext] [34mdebug[39m: ElectronUIContext: sent select request ui-test-ses-81-1779897284348 for session test-session
2026-05-27 22:54:44 [ElectronUIContext] [34mdebug[39m: ElectronUIContext: sent select request ui-test-ses-82-1779897284348 for session test-session
2026-05-27 22:54:44 [ElectronUIContext] [34mdebug[39m: ElectronUIContext: sent select request ui-test-ses-83-1779897284348 for session test-session
2026-05-27 22:54:44 [ElectronUIContext] [34mdebug[39m: ElectronUIContext: sent select request ui-test-ses-84-1779897284348 for session test-session
2026-05-27 22:54:44 [ElectronUIContext] [34mdebug[39m: ElectronUIContext: sent select request ui-test-ses-85-1779897284348 for session test-session
2026-05-27 22:54:44 [ElectronUIContext] [34mdebug[39m: ElectronUIContext: sent select request ui-test-ses-86-1779897284348 for session test-session
2026-05-27 22:54:44 [ElectronUIContext] [34mdebug[39m: ElectronUIContext: sent select request ui-test-ses-87-1779897284348 for session test-session
2026-05-27 22:54:44 [ElectronUIContext] [34mdebug[39m: ElectronUIContext: sent select request ui-test-ses-88-1779897284349 for session test-session
2026-05-27 22:54:44 [ElectronUIContext] [34mdebug[39m: ElectronUIContext: sent select request ui-test-ses-89-1779897284349 for session test-session
2026-05-27 22:54:44 [ElectronUIContext] [34mdebug[39m: ElectronUIContext: sent select request ui-test-ses-90-1779897284349 for session test-session
2026-05-27 22:54:44 [ElectronUIContext] [34mdebug[39m: ElectronUIContext: sent select request ui-test-ses-91-1779897284349 for session test-session
2026-05-27 22:54:44 [ElectronUIContext] [34mdebug[39m: ElectronUIContext: sent select request ui-test-ses-92-1779897284349 for session test-session
2026-05-27 22:54:44 [ElectronUIContext] [34mdebug[39m: ElectronUIContext: sent select request ui-test-ses-93-1779897284349 for session test-session
2026-05-27 22:54:44 [ElectronUIContext] [34mdebug[39m: ElectronUIContext: sent select request ui-test-ses-94-1779897284349 for session test-session
2026-05-27 22:54:44 [ElectronUIContext] [34mdebug[39m: ElectronUIContext: sent select request ui-test-ses-95-1779897284349 for session test-session
2026-05-27 22:54:44 [ElectronUIContext] [34mdebug[39m: ElectronUIContext: sent select request ui-test-ses-96-1779897284349 for session test-session
2026-05-27 22:54:44 [ElectronUIContext] [34mdebug[39m: ElectronUIContext: sent select request ui-test-ses-97-1779897284349 for session test-session
2026-05-27 22:54:44 [ElectronUIContext] [34mdebug[39m: ElectronUIContext: sent select request ui-test-ses-98-1779897284349 for session test-session
2026-05-27 22:54:44 [ElectronUIContext] [34mdebug[39m: ElectronUIContext: sent select request ui-test-ses-99-1779897284349 for session test-session
2026-05-27 22:54:44 [ElectronUIContext] [34mdebug[39m: ElectronUIContext: sent select request ui-test-ses-100-1779897284349 for session test-session
2026-05-27 22:54:44 [ElectronUIContext] [32minfo[39m: handleResponse: resolving request ui-test-ses-1-1779897284344 for session test-session, confirmed=true
2026-05-27 22:54:44 [ElectronUIContext] [32minfo[39m: handleResponse: resolving request ui-test-ses-2-1779897284344 for session test-session, confirmed=true
2026-05-27 22:54:44 [ElectronUIContext] [32minfo[39m: handleResponse: resolving request ui-test-ses-3-1779897284344 for session test-session, confirmed=true
2026-05-27 22:54:44 [ElectronUIContext] [32minfo[39m: handleResponse: resolving request ui-test-ses-4-1779897284344 for session test-session, confirmed=true
2026-05-27 22:54:44 [ElectronUIContext] [32minfo[39m: handleResponse: resolving request ui-test-ses-5-1779897284344 for session test-session, confirmed=true
2026-05-27 22:54:44 [ElectronUIContext] [32minfo[39m: handleResponse: resolving request ui-test-ses-6-1779897284344 for session test-session, confirmed=true
2026-05-27 22:54:44 [ElectronUIContext] [32minfo[39m: handleResponse: resolving request ui-test-ses-7-1779897284344 for session test-session, confirmed=true
2026-05-27 22:54:44 [ElectronUIContext] [32minfo[39m: handleResponse: resolving request ui-test-ses-8-1779897284344 for session test-session, confirmed=true
2026-05-27 22:54:44 [ElectronUIContext] [32minfo[39m: handleResponse: resolving request ui-test-ses-9-1779897284344 for session test-session, confirmed=true
2026-05-27 22:54:44 [ElectronUIContext] [32minfo[39m: handleResponse: resolving request ui-test-ses-10-1779897284344 for session test-session, confirmed=true
2026-05-27 22:54:44 [ElectronUIContext] [32minfo[39m: handleResponse: resolving request ui-test-ses-11-1779897284344 for session test-session, confirmed=true
2026-05-27 22:54:44 [ElectronUIContext] [32minfo[39m: handleResponse: resolving request ui-test-ses-12-1779897284344 for session test-session, confirmed=true
2026-05-27 22:54:44 [ElectronUIContext] [32minfo[39m: handleResponse: resolving request ui-test-ses-13-1779897284344 for session test-session, confirmed=true
2026-05-27 22:54:44 [ElectronUIContext] [32minfo[39m: handleResponse: resolving request ui-test-ses-14-1779897284345 for session test-session, confirmed=true
2026-05-27 22:54:44 [ElectronUIContext] [32minfo[39m: handleResponse: resolving request ui-test-ses-15-1779897284345 for session test-session, confirmed=true
2026-05-27 22:54:44 [ElectronUIContext] [32minfo[39m: handleResponse: resolving request ui-test-ses-16-1779897284345 for session test-session, confirmed=true
2026-05-27 22:54:44 [ElectronUIContext] [32minfo[39m: handleResponse: resolving request ui-test-ses-17-1779897284345 for session test-session, confirmed=true
2026-05-27 22:54:44 [ElectronUIContext] [32minfo[39m: handleResponse: resolving request ui-test-ses-18-1779897284345 for session test-session, confirmed=true
2026-05-27 22:54:44 [ElectronUIContext] [32minfo[39m: handleResponse: resolving request ui-test-ses-19-1779897284345 for session test-session, confirmed=true
2026-05-27 22:54:44 [ElectronUIContext] [32minfo[39m: handleResponse: resolving request ui-test-ses-20-1779897284345 for session test-session, confirmed=true
2026-05-27 22:54:44 [ElectronUIContext] [32minfo[39m: handleResponse: resolving request ui-test-ses-21-1779897284345 for session test-session, confirmed=true
2026-05-27 22:54:44 [ElectronUIContext] [32minfo[39m: handleResponse: resolving request ui-test-ses-22-1779897284345 for session test-session, confirmed=true
2026-05-27 22:54:44 [ElectronUIContext] [32minfo[39m: handleResponse: resolving request ui-test-ses-23-1779897284345 for session test-session, confirmed=true
2026-05-27 22:54:44 [ElectronUIContext] [32minfo[39m: handleResponse: resolving request ui-test-ses-24-1779897284345 for session test-session, confirmed=true
2026-05-27 22:54:44 [ElectronUIContext] [32minfo[39m: handleResponse: resolving request ui-test-ses-25-1779897284345 for session test-session, confirmed=true
2026-05-27 22:54:44 [ElectronUIContext] [32minfo[39m: handleResponse: resolving request ui-test-ses-26-1779897284345 for session test-session, confirmed=true
2026-05-27 22:54:44 [ElectronUIContext] [32minfo[39m: handleResponse: resolving request ui-test-ses-27-1779897284345 for session test-session, confirmed=true
2026-05-27 22:54:44 [ElectronUIContext] [32minfo[39m: handleResponse: resolving request ui-test-ses-28-1779897284345 for session test-session, confirmed=true
2026-05-27 22:54:44 [ElectronUIContext] [32minfo[39m: handleResponse: resolving request ui-test-ses-29-1779897284345 for session test-session, confirmed=true
2026-05-27 22:54:44 [ElectronUIContext] [32minfo[39m: handleResponse: resolving request ui-test-ses-30-1779897284345 for session test-session, confirmed=true
2026-05-27 22:54:44 [ElectronUIContext] [32minfo[39m: handleResponse: resolving request ui-test-ses-31-1779897284345 for session test-session, confirmed=true
2026-05-27 22:54:44 [ElectronUIContext] [32minfo[39m: handleResponse: resolving request ui-test-ses-32-1779897284346 for session test-session, confirmed=true
2026-05-27 22:54:44 [ElectronUIContext] [32minfo[39m: handleResponse: resolving request ui-test-ses-33-1779897284346 for session test-session, confirmed=true
2026-05-27 22:54:44 [ElectronUIContext] [32minfo[39m: handleResponse: resolving request ui-test-ses-34-1779897284346 for session test-session, confirmed=true
2026-05-27 22:54:44 [ElectronUIContext] [32minfo[39m: handleResponse: resolving request ui-test-ses-35-1779897284346 for session test-session, confirmed=true
2026-05-27 22:54:44 [ElectronUIContext] [32minfo[39m: handleResponse: resolving request ui-test-ses-36-1779897284346 for session test-session, confirmed=true
2026-05-27 22:54:44 [ElectronUIContext] [32minfo[39m: handleResponse: resolving request ui-test-ses-37-1779897284346 for session test-session, confirmed=true
2026-05-27 22:54:44 [ElectronUIContext] [32minfo[39m: handleResponse: resolving request ui-test-ses-38-1779897284346 for session test-session, confirmed=true
2026-05-27 22:54:44 [ElectronUIContext] [32minfo[39m: handleResponse: resolving request ui-test-ses-39-1779897284346 for session test-session, confirmed=true
2026-05-27 22:54:44 [ElectronUIContext] [32minfo[39m: handleResponse: resolving request ui-test-ses-40-1779897284346 for session test-session, confirmed=true
2026-05-27 22:54:44 [ElectronUIContext] [32minfo[39m: handleResponse: resolving request ui-test-ses-41-1779897284346 for session test-session, confirmed=true
2026-05-27 22:54:44 [ElectronUIContext] [32minfo[39m: handleResponse: resolving request ui-test-ses-42-1779897284346 for session test-session, confirmed=true
2026-05-27 22:54:44 [ElectronUIContext] [32minfo[39m: handleResponse: resolving request ui-test-ses-43-1779897284346 for session test-session, confirmed=true
2026-05-27 22:54:44 [ElectronUIContext] [32minfo[39m: handleResponse: resolving request ui-test-ses-44-1779897284346 for session test-session, confirmed=true
2026-05-27 22:54:44 [ElectronUIContext] [32minfo[39m: handleResponse: resolving request ui-test-ses-45-1779897284346 for session test-session, confirmed=true
2026-05-27 22:54:44 [ElectronUIContext] [32minfo[39m: handleResponse: resolving request ui-test-ses-46-1779897284346 for session test-session, confirmed=true
2026-05-27 22:54:44 [ElectronUIContext] [32minfo[39m: handleResponse: resolving request ui-test-ses-47-1779897284346 for session test-session, confirmed=true
2026-05-27 22:54:44 [ElectronUIContext] [32minfo[39m: handleResponse: resolving request ui-test-ses-48-1779897284346 for session test-session, confirmed=true
2026-05-27 22:54:44 [ElectronUIContext] [32minfo[39m: handleResponse: resolving request ui-test-ses-49-1779897284346 for session test-session, confirmed=true
2026-05-27 22:54:44 [ElectronUIContext] [32minfo[39m: handleResponse: resolving request ui-test-ses-50-1779897284346 for session test-session, confirmed=true
2026-05-27 22:54:44 [ElectronUIContext] [32minfo[39m: handleResponse: resolving request ui-test-ses-51-1779897284347 for session test-session, confirmed=true
2026-05-27 22:54:44 [ElectronUIContext] [32minfo[39m: handleResponse: resolving request ui-test-ses-52-1779897284347 for session test-session, confirmed=true
2026-05-27 22:54:44 [ElectronUIContext] [32minfo[39m: handleResponse: resolving request ui-test-ses-53-1779897284347 for session test-session, confirmed=true
2026-05-27 22:54:44 [ElectronUIContext] [32minfo[39m: handleResponse: resolving request ui-test-ses-54-1779897284347 for session test-session, confirmed=true
2026-05-27 22:54:44 [ElectronUIContext] [32minfo[39m: handleResponse: resolving request ui-test-ses-55-1779897284347 for session test-session, confirmed=true
2026-05-27 22:54:44 [ElectronUIContext] [32minfo[39m: handleResponse: resolving request ui-test-ses-56-1779897284347 for session test-session, confirmed=true
2026-05-27 22:54:44 [ElectronUIContext] [32minfo[39m: handleResponse: resolving request ui-test-ses-57-1779897284347 for session test-session, confirmed=true
2026-05-27 22:54:44 [ElectronUIContext] [32minfo[39m: handleResponse: resolving request ui-test-ses-58-1779897284347 for session test-session, confirmed=true
2026-05-27 22:54:44 [ElectronUIContext] [32minfo[39m: handleResponse: resolving request ui-test-ses-59-1779897284347 for session test-session, confirmed=true
2026-05-27 22:54:44 [ElectronUIContext] [32minfo[39m: handleResponse: resolving request ui-test-ses-60-1779897284347 for session test-session, confirmed=true
2026-05-27 22:54:44 [ElectronUIContext] [32minfo[39m: handleResponse: resolving request ui-test-ses-61-1779897284347 for session test-session, confirmed=true
2026-05-27 22:54:44 [ElectronUIContext] [32minfo[39m: handleResponse: resolving request ui-test-ses-62-1779897284347 for session test-session, confirmed=true
2026-05-27 22:54:44 [ElectronUIContext] [32minfo[39m: handleResponse: resolving request ui-test-ses-63-1779897284347 for session test-session, confirmed=true
2026-05-27 22:54:44 [ElectronUIContext] [32minfo[39m: handleResponse: resolving request ui-test-ses-64-1779897284347 for session test-session, confirmed=true
2026-05-27 22:54:44 [ElectronUIContext] [32minfo[39m: handleResponse: resolving request ui-test-ses-65-1779897284347 for session test-session, confirmed=true
2026-05-27 22:54:44 [ElectronUIContext] [32minfo[39m: handleResponse: resolving request ui-test-ses-66-1779897284347 for session test-session, confirmed=true
2026-05-27 22:54:44 [ElectronUIContext] [32minfo[39m: handleResponse: resolving request ui-test-ses-67-1779897284347 for session test-session, confirmed=true
2026-05-27 22:54:44 [ElectronUIContext] [32minfo[39m: handleResponse: resolving request ui-test-ses-68-1779897284347 for session test-session, confirmed=true
2026-05-27 22:54:44 [ElectronUIContext] [32minfo[39m: handleResponse: resolving request ui-test-ses-69-1779897284347 for session test-session, confirmed=true
2026-05-27 22:54:44 [ElectronUIContext] [32minfo[39m: handleResponse: resolving request ui-test-ses-70-1779897284348 for session test-session, confirmed=true
2026-05-27 22:54:44 [ElectronUIContext] [32minfo[39m: handleResponse: resolving request ui-test-ses-71-1779897284348 for session test-session, confirmed=true
2026-05-27 22:54:44 [ElectronUIContext] [32minfo[39m: handleResponse: resolving request ui-test-ses-72-1779897284348 for session test-session, confirmed=true
2026-05-27 22:54:44 [ElectronUIContext] [32minfo[39m: handleResponse: resolving request ui-test-ses-73-1779897284348 for session test-session, confirmed=true
2026-05-27 22:54:44 [ElectronUIContext] [32minfo[39m: handleResponse: resolving request ui-test-ses-74-1779897284348 for session test-session, confirmed=true
2026-05-27 22:54:44 [ElectronUIContext] [32minfo[39m: handleResponse: resolving request ui-test-ses-75-1779897284348 for session test-session, confirmed=true
2026-05-27 22:54:44 [ElectronUIContext] [32minfo[39m: handleResponse: resolving request ui-test-ses-76-1779897284348 for session test-session, confirmed=true
2026-05-27 22:54:44 [ElectronUIContext] [32minfo[39m: handleResponse: resolving request ui-test-ses-77-1779897284348 for session test-session, confirmed=true
2026-05-27 22:54:44 [ElectronUIContext] [32minfo[39m: handleResponse: resolving request ui-test-ses-78-1779897284348 for session test-session, confirmed=true
2026-05-27 22:54:44 [ElectronUIContext] [32minfo[39m: handleResponse: resolving request ui-test-ses-79-1779897284348 for session test-session, confirmed=true
2026-05-27 22:54:44 [ElectronUIContext] [32minfo[39m: handleResponse: resolving request ui-test-ses-80-1779897284348 for session test-session, confirmed=true
2026-05-27 22:54:44 [ElectronUIContext] [32minfo[39m: handleResponse: resolving request ui-test-ses-81-1779897284348 for session test-session, confirmed=true
2026-05-27 22:54:44 [ElectronUIContext] [32minfo[39m: handleResponse: resolving request ui-test-ses-82-1779897284348 for session test-session, confirmed=true
2026-05-27 22:54:44 [ElectronUIContext] [32minfo[39m: handleResponse: resolving request ui-test-ses-83-1779897284348 for session test-session, confirmed=true
2026-05-27 22:54:44 [ElectronUIContext] [32minfo[39m: handleResponse: resolving request ui-test-ses-84-1779897284348 for session test-session, confirmed=true
2026-05-27 22:54:44 [ElectronUIContext] [32minfo[39m: handleResponse: resolving request ui-test-ses-85-1779897284348 for session test-session, confirmed=true
2026-05-27 22:54:44 [ElectronUIContext] [32minfo[39m: handleResponse: resolving request ui-test-ses-86-1779897284348 for session test-session, confirmed=true
2026-05-27 22:54:44 [ElectronUIContext] [32minfo[39m: handleResponse: resolving request ui-test-ses-87-1779897284348 for session test-session, confirmed=true
2026-05-27 22:54:44 [ElectronUIContext] [32minfo[39m: handleResponse: resolving request ui-test-ses-88-1779897284349 for session test-session, confirmed=true
2026-05-27 22:54:44 [ElectronUIContext] [32minfo[39m: handleResponse: resolving request ui-test-ses-89-1779897284349 for session test-session, confirmed=true
2026-05-27 22:54:44 [ElectronUIContext] [32minfo[39m: handleResponse: resolving request ui-test-ses-90-1779897284349 for session test-session, confirmed=true
2026-05-27 22:54:44 [ElectronUIContext] [32minfo[39m: handleResponse: resolving request ui-test-ses-91-1779897284349 for session test-session, confirmed=true
2026-05-27 22:54:44 [ElectronUIContext] [32minfo[39m: handleResponse: resolving request ui-test-ses-92-1779897284349 for session test-session, confirmed=true
2026-05-27 22:54:44 [ElectronUIContext] [32minfo[39m: handleResponse: resolving request ui-test-ses-93-1779897284349 for session test-session, confirmed=true
2026-05-27 22:54:44 [ElectronUIContext] [32minfo[39m: handleResponse: resolving request ui-test-ses-94-1779897284349 for session test-session, confirmed=true
2026-05-27 22:54:44 [ElectronUIContext] [32minfo[39m: handleResponse: resolving request ui-test-ses-95-1779897284349 for session test-session, confirmed=true
2026-05-27 22:54:44 [ElectronUIContext] [32minfo[39m: handleResponse: resolving request ui-test-ses-96-1779897284349 for session test-session, confirmed=true
2026-05-27 22:54:44 [ElectronUIContext] [32minfo[39m: handleResponse: resolving request ui-test-ses-97-1779897284349 for session test-session, confirmed=true
2026-05-27 22:54:44 [ElectronUIContext] [32minfo[39m: handleResponse: resolving request ui-test-ses-98-1779897284349 for session test-session, confirmed=true
2026-05-27 22:54:44 [ElectronUIContext] [32minfo[39m: handleResponse: resolving request ui-test-ses-99-1779897284349 for session test-session, confirmed=true
2026-05-27 22:54:44 [ElectronUIContext] [32minfo[39m: handleResponse: resolving request ui-test-ses-100-1779897284349 for session test-session, confirmed=true

[90mstdout[2m | src/tests/slash-commands-critical.test.ts[2m > [22m[2mContract Audit: ElectronUIContext — Concurrency and State Pollution[2m > [22m[2mmixed select/confirm/input requests can all be in-flight simultaneously
[22m[39m2026-05-27 22:54:44 [ElectronUIContext] [34mdebug[39m: ElectronUIContext: sent select request ui-test-ses-1-1779897284362 for session test-session
2026-05-27 22:54:44 [ElectronUIContext] [34mdebug[39m: ElectronUIContext: sent confirm request ui-test-ses-2-1779897284362 for session test-session
2026-05-27 22:54:44 [ElectronUIContext] [34mdebug[39m: ElectronUIContext: sent input request ui-test-ses-3-1779897284362 for session test-session
2026-05-27 22:54:44 [ElectronUIContext] [32minfo[39m: handleResponse: resolving request ui-test-ses-1-1779897284362 for session test-session, confirmed=true
2026-05-27 22:54:44 [ElectronUIContext] [32minfo[39m: handleResponse: resolving request ui-test-ses-2-1779897284362 for session test-session, confirmed=true
2026-05-27 22:54:44 [ElectronUIContext] [32minfo[39m: handleResponse: resolving request ui-test-ses-3-1779897284362 for session test-session, confirmed=true

[90mstdout[2m | src/tests/slash-commands-critical.test.ts[2m > [22m[2mContract Audit: UIRequest type completeness[2m > [22m[2mselect request with options that have no explicit value — selectedValue falls through
[22m[39m2026-05-27 22:54:44 [ElectronUIContext] [34mdebug[39m: ElectronUIContext: sent select request ui-test-ses-1-1779897284366 for session test-session

[90mstdout[2m | src/tests/slash-commands-critical.test.ts[2m > [22m[2mContract Audit: UIRequest type completeness[2m > [22m[2minput request with defaultValue — the type defines it but input() never sets it
[22m[39m2026-05-27 22:54:44 [ElectronUIContext] [34mdebug[39m: ElectronUIContext: sent input request ui-test-ses-1-1779897284366 for session test-session

[90mstdout[2m | src/tests/slash-commands-critical.test.ts[2m > [22m[2mContract Audit: UIRequest type completeness[2m > [22m[2mdangerous field for confirm — exists in type but confirm() never sets it
[22m[39m2026-05-27 22:54:44 [ElectronUIContext] [34mdebug[39m: ElectronUIContext: sent confirm request ui-test-ses-1-1779897284367 for session test-session

[90mstdout[2m | src/tests/slash-commands-critical.test.ts[2m > [22m[2mContract Audit: End-to-end select→respond flow[2m > [22m[2mhappy path: select → confirm → receive value
[22m[39m2026-05-27 22:54:44 [ElectronUIContext] [34mdebug[39m: ElectronUIContext: sent select request ui-test-ses-1-1779897284369 for session test-session
2026-05-27 22:54:44 [ElectronUIContext] [32minfo[39m: handleResponse: resolving request ui-test-ses-1-1779897284369 for session test-session, confirmed=true

[90mstdout[2m | src/tests/slash-commands-critical.test.ts[2m > [22m[2mContract Audit: End-to-end select→respond flow[2m > [22m[2mcancel path: select → cancel → receive undefined
[22m[39m2026-05-27 22:54:44 [ElectronUIContext] [34mdebug[39m: ElectronUIContext: sent select request ui-test-ses-1-1779897284369 for session test-session
2026-05-27 22:54:44 [ElectronUIContext] [32minfo[39m: handleResponse: resolving request ui-test-ses-1-1779897284369 for session test-session, confirmed=false

[90mstdout[2m | src/tests/slash-commands-critical.test.ts[2m > [22m[2mContract Audit: End-to-end select→respond flow[2m > [22m[2mtimeout path: select → no response → timeout resolves undefined
[22m[39m2026-05-27 22:54:44 [ElectronUIContext] [34mdebug[39m: ElectronUIContext: sent select request ui-test-ses-1-1779897284369 for session test-session

[90mstdout[2m | src/tests/slash-commands-critical.test.ts[2m > [22m[2mContract Audit: End-to-end select→respond flow[2m > [22m[2mabort path: select → signal abort → resolves undefined
[22m[39m2026-05-27 22:54:44 [ElectronUIContext] [34mdebug[39m: ElectronUIContext: sent select request ui-test-ses-1-1779897284370 for session test-session

[90mstdout[2m | src/tests/slash-commands-critical.test.ts[2m > [22m[2mContract Audit: End-to-end select→respond flow[2m > [22m[2mconfirm happy path: confirm → yes → receive true
[22m[39m2026-05-27 22:54:44 [ElectronUIContext] [34mdebug[39m: ElectronUIContext: sent confirm request ui-test-ses-1-1779897284370 for session test-session
2026-05-27 22:54:44 [ElectronUIContext] [32minfo[39m: handleResponse: resolving request ui-test-ses-1-1779897284370 for session test-session, confirmed=true

[90mstdout[2m | src/tests/slash-commands-critical.test.ts[2m > [22m[2mContract Audit: End-to-end select→respond flow[2m > [22m[2mconfirm cancel path: confirm → cancel → receive undefined (NOT false)
[22m[39m2026-05-27 22:54:44 [ElectronUIContext] [34mdebug[39m: ElectronUIContext: sent confirm request ui-test-ses-1-1779897284371 for session test-session
2026-05-27 22:54:44 [ElectronUIContext] [32minfo[39m: handleResponse: resolving request ui-test-ses-1-1779897284371 for session test-session, confirmed=false

[90mstdout[2m | src/tests/slash-commands-critical.test.ts[2m > [22m[2mContract Audit: End-to-end select→respond flow[2m > [22m[2minput happy path: input → type text → receive text
[22m[39m2026-05-27 22:54:44 [ElectronUIContext] [34mdebug[39m: ElectronUIContext: sent input request ui-test-ses-1-1779897284372 for session test-session
2026-05-27 22:54:44 [ElectronUIContext] [32minfo[39m: handleResponse: resolving request ui-test-ses-1-1779897284372 for session test-session, confirmed=true

[90mstdout[2m | src/tests/slash-commands-critical.test.ts[2m > [22m[2mContract Audit: End-to-end select→respond flow[2m > [22m[2minput cancel path: input → cancel → receive undefined
[22m[39m2026-05-27 22:54:44 [ElectronUIContext] [34mdebug[39m: ElectronUIContext: sent input request ui-test-ses-1-1779897284373 for session test-session
2026-05-27 22:54:44 [ElectronUIContext] [32minfo[39m: handleResponse: resolving request ui-test-ses-1-1779897284373 for session test-session, confirmed=false

[90mstdout[2m | src/tests/slash-commands-critical.test.ts[2m > [22m[2mContract Audit: Cross-method type confusion[2m > [22m[2mCRITICAL: select() returns boolean true when confirmed with no selectedValue
[22m[39m2026-05-27 22:54:44 [ElectronUIContext] [34mdebug[39m: ElectronUIContext: sent select request ui-test-ses-1-1779897284374 for session test-session
2026-05-27 22:54:44 [ElectronUIContext] [32minfo[39m: handleResponse: resolving request ui-test-ses-1-1779897284374 for session test-session, confirmed=true

[90mstdout[2m | src/tests/slash-commands-critical.test.ts[2m > [22m[2mContract Audit: Cross-method type confusion[2m > [22m[2mCRITICAL: input() returns boolean true when confirmed with no inputValue
[22m[39m2026-05-27 22:54:44 [ElectronUIContext] [34mdebug[39m: ElectronUIContext: sent input request ui-test-ses-1-1779897284374 for session test-session
2026-05-27 22:54:44 [ElectronUIContext] [32minfo[39m: handleResponse: resolving request ui-test-ses-1-1779897284374 for session test-session, confirmed=true

[90mstdout[2m | src/tests/slash-commands-critical.test.ts[2m > [22m[2mContract Audit: Cross-method type confusion[2m > [22m[2mselect() returns inputValue when no selectedValue provided
[22m[39m2026-05-27 22:54:44 [ElectronUIContext] [34mdebug[39m: ElectronUIContext: sent select request ui-test-ses-1-1779897284375 for session test-session
2026-05-27 22:54:44 [ElectronUIContext] [32minfo[39m: handleResponse: resolving request ui-test-ses-1-1779897284375 for session test-session, confirmed=true

[90mstdout[2m | src/tests/slash-commands-critical.test.ts[2m > [22m[2mContract Audit: Cross-method type confusion[2m > [22m[2mconfirm() returns string from selectedValue — TYPE VIOLATION
[22m[39m2026-05-27 22:54:44 [ElectronUIContext] [34mdebug[39m: ElectronUIContext: sent confirm request ui-test-ses-1-1779897284375 for session test-session
2026-05-27 22:54:44 [ElectronUIContext] [32minfo[39m: handleResponse: resolving request ui-test-ses-1-1779897284375 for session test-session, confirmed=true

[90mstdout[2m | src/tests/slash-commands-critical.test.ts[2m > [22m[2mContract Audit: Request ID generation[2m > [22m[2mrequest IDs follow the format "ui-{sessionPrefix}-{counter}-{timestamp}"
[22m[39m2026-05-27 22:54:44 [ElectronUIContext] [34mdebug[39m: ElectronUIContext: sent select request ui-my-sessi-1-1779897284375 for session my-session-123

[90mstdout[2m | src/tests/slash-commands-critical.test.ts[2m > [22m[2mContract Audit: Request ID generation[2m > [22m[2msecond request has counter=2
[22m[39m2026-05-27 22:54:44 [ElectronUIContext] [34mdebug[39m: ElectronUIContext: sent select request ui-my-sessi-1-1779897284376 for session my-session-123
2026-05-27 22:54:44 [ElectronUIContext] [34mdebug[39m: ElectronUIContext: sent select request ui-my-sessi-2-1779897284376 for session my-session-123

[90mstdout[2m | src/tests/slash-commands-critical.test.ts[2m > [22m[2mContract Audit: Request ID generation[2m > [22m[2mshort sessionId (< 8 chars) is used as-is in ID prefix
[22m[39m2026-05-27 22:54:44 [ElectronUIContext] [34mdebug[39m: ElectronUIContext: sent select request ui-ab-1-1779897284377 for session ab

[90mstdout[2m | src/tests/slash-commands-critical.test.ts[2m > [22m[2mContract Audit: Request ID generation[2m > [22m[2mempty sessionId creates IDs with empty prefix
[22m[39m2026-05-27 22:54:44 [ElectronUIContext] [34mdebug[39m: ElectronUIContext: sent select request ui--1-1779897284379 for session 

 [32m✓[39m src/tests/slash-commands-critical.test.ts [2m([22m[2m73 tests[22m[2m)[22m[32m 104[2mms[22m[39m


[90mstdout[2m | src/tests/ipc-handlers.test.ts
[22m[39mDownloading Electron binary...

[90mstdout[2m | src/tests/ipc-handlers.test.ts[2m > [22m[2mipc handlers[2m > [22m[2mreturns extension errors on SESSION_CREATE
[22m[39m2026-05-27 22:54:57 [ipc-handlers] [32minfo[39m: SESSION_CREATE cwd=/tmp/project

[90mstdout[2m | src/tests/ipc-handlers.test.ts[2m > [22m[2mipc handlers[2m > [22m[2mreturns extension errors on SESSION_RECONNECT
[22m[39m2026-05-27 22:54:57 [ipc-handlers] [32minfo[39m: SESSION_RECONNECT sessionId=session-1 cwd=/tmp/project

[90mstdout[2m | src/tests/ipc-handlers.test.ts[2m > [22m[2mipc handlers[2m > [22m[2mreturns extension errors on SESSION_RECONNECT
[22m[39m2026-05-27 22:54:57 [ipc-handlers] [32minfo[39m: SESSION_RECONNECT OK sessionId=session-1 history=0 messages

[90mstdout[2m | src/tests/ipc-handlers.test.ts[2m > [22m[2mipc handlers[2m > [22m[2mroutes dialog handler for canceled and selected folder
[22m[39m2026-05-27 22:54:57 [ipc-handlers] [34mdebug[39m: DIALOG_OPEN_FOLDER

[90mstdout[2m | src/tests/ipc-handlers.test.ts[2m > [22m[2mipc handlers[2m > [22m[2mroutes dialog handler for canceled and selected folder
[22m[39m2026-05-27 22:54:57 [ipc-handlers] [34mdebug[39m: DIALOG_OPEN_FOLDER cancelled

[90mstdout[2m | src/tests/ipc-handlers.test.ts[2m > [22m[2mipc handlers[2m > [22m[2mroutes dialog handler for canceled and selected folder
[22m[39m2026-05-27 22:54:57 [ipc-handlers] [34mdebug[39m: DIALOG_OPEN_FOLDER

[90mstdout[2m | src/tests/ipc-handlers.test.ts[2m > [22m[2mipc handlers[2m > [22m[2mroutes dialog handler for canceled and selected folder
[22m[39m2026-05-27 22:54:57 [ipc-handlers] [32minfo[39m: DIALOG_OPEN_FOLDER selected=/tmp/folder

[90mstdout[2m | src/tests/ipc-handlers.test.ts[2m > [22m[2mipc handlers[2m > [22m[2mroutes update handlers
[22m[39m2026-05-27 22:54:57 [ipc-handlers] [32minfo[39m: UPDATE_CHECK

[90mstdout[2m | src/tests/ipc-handlers.test.ts[2m > [22m[2mipc handlers[2m > [22m[2mroutes update handlers
[22m[39m2026-05-27 22:54:57 [ipc-handlers] [32minfo[39m: UPDATE_DOWNLOAD

[90mstdout[2m | src/tests/ipc-handlers.test.ts[2m > [22m[2mipc handlers[2m > [22m[2mroutes update handlers
[22m[39m2026-05-27 22:54:57 [ipc-handlers] [32minfo[39m: UPDATE_INSTALL

[90mstdout[2m | src/tests/ipc-handlers.test.ts[2m > [22m[2mipc handlers[2m > [22m[2mthrows through on session create/project add failures
[22m[39m2026-05-27 22:54:57 [ipc-handlers] [32minfo[39m: SESSION_CREATE cwd=/tmp/project

[90mstdout[2m | src/tests/ipc-handlers.test.ts[2m > [22m[2mipc handlers[2m > [22m[2mthrows through on session create/project add failures
[22m[39m2026-05-27 22:54:57 [ipc-handlers] [31merror[39m: SESSION_CREATE failed create-failed {"stack":"Error: create-failed\n    at Object.<anonymous> (E:/project/node/nekocode/src/tests/ipc-handlers.test.ts:134:41)\n    at Object.Mock [as create] (file:///E:/project/node/nekocode/node_modules/@vitest/spy/dist/index.js:332:34)\n    at E:/project/node/nekocode/src/main/ipc-handlers.ts:53:46\n    at E:/project/node/nekocode/src/tests/ipc-handlers.test.ts:141:58\n    at file:///E:/project/node/nekocode/node_modules/@vitest/runner/dist/chunk-artifact.js:302:11\n    at file:///E:/project/node/nekocode/node_modules/@vitest/runner/dist/chunk-artifact.js:1903:26\n    at file:///E:/project/node/nekocode/node_modules/@vitest/runner/dist/chunk-artifact.js:2326:20\n    at new Promise (<anonymous>)\n    at runWithCancel (file:///E:/project/node/nekocode/node_modules/@vitest/runner/dist/chunk-artifact.js:2323:10)\n    at file:///E:/project/node/nekocode/node_modules/@vitest/runner/dist/chunk-artifact.js:2305:20"}

[90mstdout[2m | src/tests/ipc-handlers.test.ts[2m > [22m[2mipc handlers[2m > [22m[2mthrows through on session create/project add failures
[22m[39m2026-05-27 22:54:57 [ipc-handlers] [32minfo[39m: PROJECT_ADD path=/tmp/project

[90mstdout[2m | src/tests/ipc-handlers.test.ts[2m > [22m[2mipc handlers[2m > [22m[2mthrows through on session create/project add failures
[22m[39m2026-05-27 22:54:57 [ipc-handlers] [31merror[39m: PROJECT_ADD failed path=/tmp/project project-add-failed {"stack":"Error: project-add-failed\n    at Object.<anonymous> (E:/project/node/nekocode/src/tests/ipc-handlers.test.ts:137:45)\n    at Object.Mock [as addProject] (file:///E:/project/node/nekocode/node_modules/@vitest/spy/dist/index.js:332:34)\n    at E:/project/node/nekocode/src/main/ipc-handlers.ts:141:35\n    at E:/project/node/nekocode/src/tests/ipc-handlers.test.ts:142:55\n    at processTicksAndRejections (node:internal/process/task_queues:105:5)\n    at file:///E:/project/node/nekocode/node_modules/@vitest/runner/dist/chunk-artifact.js:1903:20"}

[90mstdout[2m | src/tests/ipc-handlers.test.ts[2m > [22m[2mipc handlers[2m > [22m[2mforwards session events only to live windows
[22m[39m2026-05-27 22:54:57 [ipc-handlers] [34mdebug[39m: sendEventToRenderer sessionId=s1 type=done

 [32m✓[39m src/tests/ipc-handlers.test.ts [2m([22m[2m6 tests[22m[2m)[22m[32m 21[2mms[22m[39m


[90mstdout[2m | src/tests/project-manager.test.ts
[22m[39mDownloading Electron binary...

[90mstdout[2m | src/tests/project-manager.test.ts[2m > [22m[2mProjectManager[2m > [22m[2mworkspace persistence[2m > [22m[2mrestores projects and active session from workspace file
[22m[39m2026-05-27 22:55:05 [project] [34mdebug[39m: discoverSessions /p/a: found 0 session(s)

[90mstdout[2m | src/tests/project-manager.test.ts[2m > [22m[2mProjectManager[2m > [22m[2mworkspace persistence[2m > [22m[2mrestores projects and active session from workspace file
[22m[39m2026-05-27 22:55:05 [project] [32minfo[39m: Restored project-1 path=/p/a sessions=0

[90mstdout[2m | src/tests/project-manager.test.ts[2m > [22m[2mProjectManager[2m > [22m[2mworkspace persistence[2m > [22m[2mrestores projects and active session from workspace file
[22m[39m2026-05-27 22:55:05 [project] [34mdebug[39m: discoverSessions /p/b: found 0 session(s)

[90mstdout[2m | src/tests/project-manager.test.ts[2m > [22m[2mProjectManager[2m > [22m[2mworkspace persistence[2m > [22m[2mrestores projects and active session from workspace file
[22m[39m2026-05-27 22:55:05 [project] [32minfo[39m: Restored project-2 path=/p/b sessions=0
2026-05-27 22:55:05 [project] [32minfo[39m: Workspace loaded: 2 project(s)

[90mstdout[2m | src/tests/project-manager.test.ts[2m > [22m[2mProjectManager[2m > [22m[2mworkspace persistence[2m > [22m[2mrestores projects and active session from workspace file
[22m[39m2026-05-27 22:55:05 [project] [34mdebug[39m: listProjects: 2 project(s)
2026-05-27 22:55:05 [project] [34mdebug[39m: getActiveSession: sessionId=sess-1, projectPath=/p/a

[90mstdout[2m | src/tests/project-manager.test.ts[2m > [22m[2mProjectManager[2m > [22m[2mworkspace persistence[2m > [22m[2mignores missing workspace file (ENOENT)
[22m[39m2026-05-27 22:55:05 [project] [34mdebug[39m: listProjects: 0 project(s)

[90mstdout[2m | src/tests/project-manager.test.ts[2m > [22m[2mProjectManager[2m > [22m[2mworkspace persistence[2m > [22m[2mhandles corrupt workspace json safely
[22m[39m2026-05-27 22:55:05 [project] [31merror[39m: Failed to load workspace Expected property name or '}' in JSON at position 1 (line 1 column 2) {"stack":"SyntaxError: Expected property name or '}' in JSON at position 1 (line 1 column 2)\n    at JSON.parse (<anonymous>)\n    at ProjectManager.loadWorkspace (E:/project/node/nekocode/src/main/project-manager.ts:47:42)\n    at processTicksAndRejections (node:internal/process/task_queues:105:5)"}

[90mstdout[2m | src/tests/project-manager.test.ts[2m > [22m[2mProjectManager[2m > [22m[2mworkspace persistence[2m > [22m[2mhandles corrupt workspace json safely
[22m[39m2026-05-27 22:55:05 [project] [34mdebug[39m: listProjects: 0 project(s)

[90mstdout[2m | src/tests/project-manager.test.ts[2m > [22m[2mProjectManager[2m > [22m[2mworkspace persistence[2m > [22m[2mpersists active session and project via setActiveSession
[22m[39m2026-05-27 22:55:05 [project] [34mdebug[39m: Workspace saved: 0 project(s), activeSession=s-active

[90mstdout[2m | src/tests/project-manager.test.ts[2m > [22m[2mProjectManager[2m > [22m[2mworkspace persistence[2m > [22m[2mpersists active session and project via setActiveSession
[22m[39m2026-05-27 22:55:05 [project] [34mdebug[39m: getActiveSession: sessionId=s-active, projectPath=/p/active

[90mstdout[2m | src/tests/project-manager.test.ts[2m > [22m[2mProjectManager[2m > [22m[2mworkspace persistence[2m > [22m[2mclears active session when removing active project
[22m[39m2026-05-27 22:55:05 [project] [34mdebug[39m: discoverSessions /active-project: found 0 session(s)

[90mstdout[2m | src/tests/project-manager.test.ts[2m > [22m[2mProjectManager[2m > [22m[2mworkspace persistence[2m > [22m[2mclears active session when removing active project
[22m[39m2026-05-27 22:55:05 [project] [32minfo[39m: Added project-1 path=/active-project sessions=0

[90mstdout[2m | src/tests/project-manager.test.ts[2m > [22m[2mProjectManager[2m > [22m[2mworkspace persistence[2m > [22m[2mclears active session when removing active project
[22m[39m2026-05-27 22:55:05 [project] [34mdebug[39m: Workspace saved: 1 project(s), activeSession=none

[90mstdout[2m | src/tests/project-manager.test.ts[2m > [22m[2mProjectManager[2m > [22m[2mworkspace persistence[2m > [22m[2mclears active session when removing active project
[22m[39m2026-05-27 22:55:05 [project] [34mdebug[39m: Workspace saved: 1 project(s), activeSession=s-1

[90mstdout[2m | src/tests/project-manager.test.ts[2m > [22m[2mProjectManager[2m > [22m[2mworkspace persistence[2m > [22m[2mclears active session when removing active project
[22m[39m2026-05-27 22:55:05 [project] [32minfo[39m: Removed project-1

[90mstdout[2m | src/tests/project-manager.test.ts[2m > [22m[2mProjectManager[2m > [22m[2mworkspace persistence[2m > [22m[2mclears active session when removing active project
[22m[39m2026-05-27 22:55:05 [project] [34mdebug[39m: Workspace saved: 0 project(s), activeSession=none

[90mstdout[2m | src/tests/project-manager.test.ts[2m > [22m[2mProjectManager[2m > [22m[2mworkspace persistence[2m > [22m[2mclears active session when removing active project
[22m[39m2026-05-27 22:55:05 [project] [34mdebug[39m: getActiveSession: sessionId=none, projectPath=none

[90mstdout[2m | src/tests/project-manager.test.ts[2m > [22m[2mProjectManager[2m > [22m[2maddProject[2m > [22m[2mnormalizes path, discovers sessions, returns ProjectInfo
[22m[39m2026-05-27 22:55:05 [project] [34mdebug[39m: discoverSessions /Users/dev/myproject: found 1 session(s)

[90mstdout[2m | src/tests/project-manager.test.ts[2m > [22m[2mProjectManager[2m > [22m[2maddProject[2m > [22m[2mnormalizes path, discovers sessions, returns ProjectInfo
[22m[39m2026-05-27 22:55:05 [project] [32minfo[39m: Added project-1 path=/Users/dev/myproject sessions=1

[90mstdout[2m | src/tests/project-manager.test.ts[2m > [22m[2mProjectManager[2m > [22m[2maddProject[2m > [22m[2mnormalizes path, discovers sessions, returns ProjectInfo
[22m[39m2026-05-27 22:55:05 [project] [34mdebug[39m: Workspace saved: 1 project(s), activeSession=none

[90mstdout[2m | src/tests/project-manager.test.ts[2m > [22m[2mProjectManager[2m > [22m[2maddProject[2m > [22m[2mreturns ProjectInfo with empty sessions when list() throws
[22m[39m2026-05-27 22:55:05 [project] [31merror[39m: Session discovery failed for /bad/path ENOTDIR {"stack":"Error: ENOTDIR\n    at E:/project/node/nekocode/src/tests/project-manager.test.ts:140:36\n    at file:///E:/project/node/nekocode/node_modules/@vitest/runner/dist/chunk-artifact.js:302:11\n    at file:///E:/project/node/nekocode/node_modules/@vitest/runner/dist/chunk-artifact.js:1903:26\n    at file:///E:/project/node/nekocode/node_modules/@vitest/runner/dist/chunk-artifact.js:2326:20\n    at new Promise (<anonymous>)\n    at runWithCancel (file:///E:/project/node/nekocode/node_modules/@vitest/runner/dist/chunk-artifact.js:2323:10)\n    at file:///E:/project/node/nekocode/node_modules/@vitest/runner/dist/chunk-artifact.js:2305:20\n    at new Promise (<anonymous>)\n    at runWithTimeout (file:///E:/project/node/nekocode/node_modules/@vitest/runner/dist/chunk-artifact.js:2272:10)\n    at file:///E:/project/node/nekocode/node_modules/@vitest/runner/dist/chunk-artifact.js:2955:64"}

[90mstdout[2m | src/tests/project-manager.test.ts[2m > [22m[2mProjectManager[2m > [22m[2maddProject[2m > [22m[2mreturns ProjectInfo with empty sessions when list() throws
[22m[39m2026-05-27 22:55:05 [project] [32minfo[39m: Added project-1 path=/bad/path sessions=0

[90mstdout[2m | src/tests/project-manager.test.ts[2m > [22m[2mProjectManager[2m > [22m[2maddProject[2m > [22m[2mreturns ProjectInfo with empty sessions when list() throws
[22m[39m2026-05-27 22:55:05 [project] [34mdebug[39m: Workspace saved: 1 project(s), activeSession=none

[90mstdout[2m | src/tests/project-manager.test.ts[2m > [22m[2mProjectManager[2m > [22m[2maddProject[2m > [22m[2mreturns existing project for same path (case-insensitive)
[22m[39m2026-05-27 22:55:05 [project] [34mdebug[39m: discoverSessions /Users/dev/MyProject: found 1 session(s)

[90mstdout[2m | src/tests/project-manager.test.ts[2m > [22m[2mProjectManager[2m > [22m[2maddProject[2m > [22m[2mreturns existing project for same path (case-insensitive)
[22m[39m2026-05-27 22:55:05 [project] [32minfo[39m: Added project-1 path=/Users/dev/MyProject sessions=1

[90mstdout[2m | src/tests/project-manager.test.ts[2m > [22m[2mProjectManager[2m > [22m[2maddProject[2m > [22m[2mreturns existing project for same path (case-insensitive)
[22m[39m2026-05-27 22:55:05 [project] [34mdebug[39m: Workspace saved: 1 project(s), activeSession=none

[90mstdout[2m | src/tests/project-manager.test.ts[2m > [22m[2mProjectManager[2m > [22m[2maddProject[2m > [22m[2mreturns existing project for same path (case-insensitive)
[22m[39m2026-05-27 22:55:05 [project] [32minfo[39m: Already tracked: project-1 path=/users/dev/myproject

[90mstdout[2m | src/tests/project-manager.test.ts[2m > [22m[2mProjectManager[2m > [22m[2maddProject[2m > [22m[2massigns incrementing IDs
[22m[39m2026-05-27 22:55:05 [project] [34mdebug[39m: discoverSessions /path/a: found 0 session(s)

[90mstdout[2m | src/tests/project-manager.test.ts[2m > [22m[2mProjectManager[2m > [22m[2maddProject[2m > [22m[2massigns incrementing IDs
[22m[39m2026-05-27 22:55:05 [project] [32minfo[39m: Added project-1 path=/path/a sessions=0

[90mstdout[2m | src/tests/project-manager.test.ts[2m > [22m[2mProjectManager[2m > [22m[2maddProject[2m > [22m[2massigns incrementing IDs
[22m[39m2026-05-27 22:55:05 [project] [34mdebug[39m: Workspace saved: 1 project(s), activeSession=none

[90mstdout[2m | src/tests/project-manager.test.ts[2m > [22m[2mProjectManager[2m > [22m[2maddProject[2m > [22m[2massigns incrementing IDs
[22m[39m2026-05-27 22:55:05 [project] [34mdebug[39m: discoverSessions /path/b: found 0 session(s)

[90mstdout[2m | src/tests/project-manager.test.ts[2m > [22m[2mProjectManager[2m > [22m[2maddProject[2m > [22m[2massigns incrementing IDs
[22m[39m2026-05-27 22:55:05 [project] [32minfo[39m: Added project-2 path=/path/b sessions=0

[90mstdout[2m | src/tests/project-manager.test.ts[2m > [22m[2mProjectManager[2m > [22m[2maddProject[2m > [22m[2massigns incrementing IDs
[22m[39m2026-05-27 22:55:05 [project] [34mdebug[39m: Workspace saved: 2 project(s), activeSession=none

[90mstdout[2m | src/tests/project-manager.test.ts[2m > [22m[2mProjectManager[2m > [22m[2mremoveProject[2m > [22m[2mremoves by id and returns true
[22m[39m2026-05-27 22:55:05 [project] [34mdebug[39m: discoverSessions /path/x: found 0 session(s)

[90mstdout[2m | src/tests/project-manager.test.ts[2m > [22m[2mProjectManager[2m > [22m[2mremoveProject[2m > [22m[2mremoves by id and returns true
[22m[39m2026-05-27 22:55:05 [project] [32minfo[39m: Added project-1 path=/path/x sessions=0

[90mstdout[2m | src/tests/project-manager.test.ts[2m > [22m[2mProjectManager[2m > [22m[2mremoveProject[2m > [22m[2mremoves by id and returns true
[22m[39m2026-05-27 22:55:05 [project] [34mdebug[39m: Workspace saved: 1 project(s), activeSession=none

[90mstdout[2m | src/tests/project-manager.test.ts[2m > [22m[2mProjectManager[2m > [22m[2mremoveProject[2m > [22m[2mremoves by id and returns true
[22m[39m2026-05-27 22:55:05 [project] [32minfo[39m: Removed project-1

[90mstdout[2m | src/tests/project-manager.test.ts[2m > [22m[2mProjectManager[2m > [22m[2mremoveProject[2m > [22m[2mremoves by id and returns true
[22m[39m2026-05-27 22:55:05 [project] [34mdebug[39m: Workspace saved: 0 project(s), activeSession=none

[90mstdout[2m | src/tests/project-manager.test.ts[2m > [22m[2mProjectManager[2m > [22m[2mremoveProject[2m > [22m[2mremoves by id and returns true
[22m[39m2026-05-27 22:55:05 [project] [34mdebug[39m: listProjects: 0 project(s)

[90mstdout[2m | src/tests/project-manager.test.ts[2m > [22m[2mProjectManager[2m > [22m[2mremoveProject[2m > [22m[2mreturns false for non-existent id
[22m[39m2026-05-27 22:55:05 [project] [33mwarn[39m: Remove failed: no-such-id not found

[90mstdout[2m | src/tests/project-manager.test.ts[2m > [22m[2mProjectManager[2m > [22m[2mlistProjects[2m > [22m[2mreturns all added projects
[22m[39m2026-05-27 22:55:05 [project] [34mdebug[39m: discoverSessions /a: found 0 session(s)

[90mstdout[2m | src/tests/project-manager.test.ts[2m > [22m[2mProjectManager[2m > [22m[2mlistProjects[2m > [22m[2mreturns all added projects
[22m[39m2026-05-27 22:55:05 [project] [32minfo[39m: Added project-1 path=/a sessions=0

[90mstdout[2m | src/tests/project-manager.test.ts[2m > [22m[2mProjectManager[2m > [22m[2mlistProjects[2m > [22m[2mreturns all added projects
[22m[39m2026-05-27 22:55:05 [project] [34mdebug[39m: Workspace saved: 1 project(s), activeSession=none

[90mstdout[2m | src/tests/project-manager.test.ts[2m > [22m[2mProjectManager[2m > [22m[2mlistProjects[2m > [22m[2mreturns all added projects
[22m[39m2026-05-27 22:55:05 [project] [34mdebug[39m: discoverSessions /b: found 0 session(s)

[90mstdout[2m | src/tests/project-manager.test.ts[2m > [22m[2mProjectManager[2m > [22m[2mlistProjects[2m > [22m[2mreturns all added projects
[22m[39m2026-05-27 22:55:05 [project] [32minfo[39m: Added project-2 path=/b sessions=0

[90mstdout[2m | src/tests/project-manager.test.ts[2m > [22m[2mProjectManager[2m > [22m[2mlistProjects[2m > [22m[2mreturns all added projects
[22m[39m2026-05-27 22:55:05 [project] [34mdebug[39m: Workspace saved: 2 project(s), activeSession=none

[90mstdout[2m | src/tests/project-manager.test.ts[2m > [22m[2mProjectManager[2m > [22m[2mlistProjects[2m > [22m[2mreturns all added projects
[22m[39m2026-05-27 22:55:05 [project] [34mdebug[39m: listProjects: 2 project(s)

[90mstdout[2m | src/tests/project-manager.test.ts[2m > [22m[2mProjectManager[2m > [22m[2mlistProjects[2m > [22m[2mreturns empty array when no projects
[22m[39m2026-05-27 22:55:05 [project] [34mdebug[39m: listProjects: 0 project(s)

[90mstdout[2m | src/tests/project-manager.test.ts[2m > [22m[2mProjectManager[2m > [22m[2mrefreshSessions[2m > [22m[2mre-calls list and updates sessions
[22m[39m2026-05-27 22:55:05 [project] [34mdebug[39m: discoverSessions /path: found 1 session(s)

[90mstdout[2m | src/tests/project-manager.test.ts[2m > [22m[2mProjectManager[2m > [22m[2mrefreshSessions[2m > [22m[2mre-calls list and updates sessions
[22m[39m2026-05-27 22:55:05 [project] [32minfo[39m: Added project-1 path=/path sessions=1

[90mstdout[2m | src/tests/project-manager.test.ts[2m > [22m[2mProjectManager[2m > [22m[2mrefreshSessions[2m > [22m[2mre-calls list and updates sessions
[22m[39m2026-05-27 22:55:05 [project] [34mdebug[39m: Workspace saved: 1 project(s), activeSession=none

[90mstdout[2m | src/tests/project-manager.test.ts[2m > [22m[2mProjectManager[2m > [22m[2mrefreshSessions[2m > [22m[2mre-calls list and updates sessions
[22m[39m2026-05-27 22:55:05 [project] [34mdebug[39m: findProject: found project-1 -> path=/path

[90mstdout[2m | src/tests/project-manager.test.ts[2m > [22m[2mProjectManager[2m > [22m[2mrefreshSessions[2m > [22m[2mre-calls list and updates sessions
[22m[39m2026-05-27 22:55:05 [project] [34mdebug[39m: discoverSessions /path: found 1 session(s)

[90mstdout[2m | src/tests/project-manager.test.ts[2m > [22m[2mProjectManager[2m > [22m[2mrefreshSessions[2m > [22m[2mre-calls list and updates sessions
[22m[39m2026-05-27 22:55:05 [project] [32minfo[39m: Refreshed project-1 sessions=1

[90mstdout[2m | src/tests/project-manager.test.ts[2m > [22m[2mProjectManager[2m > [22m[2mrefreshSessions[2m > [22m[2mreturns null for non-existent project
[22m[39m2026-05-27 22:55:05 [project] [34mdebug[39m: findProject: nonexistent not found among 0 project(s)

[90mstdout[2m | src/tests/project-manager.test.ts[2m > [22m[2mProjectManager[2m > [22m[2mrefreshSessions[2m > [22m[2mhandles discovery failure gracefully on refresh
[22m[39m2026-05-27 22:55:05 [project] [34mdebug[39m: discoverSessions /path: found 1 session(s)

[90mstdout[2m | src/tests/project-manager.test.ts[2m > [22m[2mProjectManager[2m > [22m[2mrefreshSessions[2m > [22m[2mhandles discovery failure gracefully on refresh
[22m[39m2026-05-27 22:55:05 [project] [32minfo[39m: Added project-1 path=/path sessions=1

[90mstdout[2m | src/tests/project-manager.test.ts[2m > [22m[2mProjectManager[2m > [22m[2mrefreshSessions[2m > [22m[2mhandles discovery failure gracefully on refresh
[22m[39m2026-05-27 22:55:05 [project] [34mdebug[39m: Workspace saved: 1 project(s), activeSession=none

[90mstdout[2m | src/tests/project-manager.test.ts[2m > [22m[2mProjectManager[2m > [22m[2mrefreshSessions[2m > [22m[2mhandles discovery failure gracefully on refresh
[22m[39m2026-05-27 22:55:05 [project] [34mdebug[39m: findProject: found project-1 -> path=/path

[90mstdout[2m | src/tests/project-manager.test.ts[2m > [22m[2mProjectManager[2m > [22m[2mrefreshSessions[2m > [22m[2mhandles discovery failure gracefully on refresh
[22m[39m2026-05-27 22:55:05 [project] [31merror[39m: Session discovery failed for /path boom {"stack":"Error: boom\n    at E:/project/node/nekocode/src/tests/project-manager.test.ts:227:36\n    at processTicksAndRejections (node:internal/process/task_queues:105:5)\n    at file:///E:/project/node/nekocode/node_modules/@vitest/runner/dist/chunk-artifact.js:1903:20"}

[90mstdout[2m | src/tests/project-manager.test.ts[2m > [22m[2mProjectManager[2m > [22m[2mrefreshSessions[2m > [22m[2mhandles discovery failure gracefully on refresh
[22m[39m2026-05-27 22:55:05 [project] [32minfo[39m: Refreshed project-1 sessions=0

[90mstdout[2m | src/tests/project-manager.test.ts[2m > [22m[2mProjectManager[2m > [22m[2mpath normalization[2m > [22m[2msame folder different case returns same project
[22m[39m2026-05-27 22:55:05 [project] [34mdebug[39m: discoverSessions C:\Users\dev\Project: found 0 session(s)

[90mstdout[2m | src/tests/project-manager.test.ts[2m > [22m[2mProjectManager[2m > [22m[2mpath normalization[2m > [22m[2msame folder different case returns same project
[22m[39m2026-05-27 22:55:05 [project] [32minfo[39m: Added project-1 path=C:\Users\dev\Project sessions=0

[90mstdout[2m | src/tests/project-manager.test.ts[2m > [22m[2mProjectManager[2m > [22m[2mpath normalization[2m > [22m[2msame folder different case returns same project
[22m[39m2026-05-27 22:55:05 [project] [34mdebug[39m: Workspace saved: 1 project(s), activeSession=none

[90mstdout[2m | src/tests/project-manager.test.ts[2m > [22m[2mProjectManager[2m > [22m[2mpath normalization[2m > [22m[2msame folder different case returns same project
[22m[39m2026-05-27 22:55:05 [project] [32minfo[39m: Already tracked: project-1 path=c:\users\dev\project

[90mstdout[2m | src/tests/project-manager.test.ts[2m > [22m[2mProjectManager[2m > [22m[2mpath normalization[2m > [22m[2msame folder different case returns same project
[22m[39m2026-05-27 22:55:05 [project] [34mdebug[39m: listProjects: 1 project(s)

[90mstdout[2m | src/tests/project-manager.test.ts[2m > [22m[2mProjectManager[2m > [22m[2mpath normalization[2m > [22m[2mhandles paths with trailing slashes
[22m[39m2026-05-27 22:55:05 [project] [34mdebug[39m: discoverSessions /path/project/: found 0 session(s)

[90mstdout[2m | src/tests/project-manager.test.ts[2m > [22m[2mProjectManager[2m > [22m[2mpath normalization[2m > [22m[2mhandles paths with trailing slashes
[22m[39m2026-05-27 22:55:05 [project] [32minfo[39m: Added project-1 path=/path/project/ sessions=0

[90mstdout[2m | src/tests/project-manager.test.ts[2m > [22m[2mProjectManager[2m > [22m[2mpath normalization[2m > [22m[2mhandles paths with trailing slashes
[22m[39m2026-05-27 22:55:05 [project] [34mdebug[39m: Workspace saved: 1 project(s), activeSession=none

[90mstdout[2m | src/tests/project-manager.test.ts[2m > [22m[2mProjectManager[2m > [22m[2mpath normalization[2m > [22m[2mhandles paths with trailing slashes
[22m[39m2026-05-27 22:55:05 [project] [34mdebug[39m: discoverSessions /path/project: found 0 session(s)

[90mstdout[2m | src/tests/project-manager.test.ts[2m > [22m[2mProjectManager[2m > [22m[2mpath normalization[2m > [22m[2mhandles paths with trailing slashes
[22m[39m2026-05-27 22:55:05 [project] [32minfo[39m: Added project-2 path=/path/project sessions=0

[90mstdout[2m | src/tests/project-manager.test.ts[2m > [22m[2mProjectManager[2m > [22m[2mpath normalization[2m > [22m[2mhandles paths with trailing slashes
[22m[39m2026-05-27 22:55:05 [project] [34mdebug[39m: Workspace saved: 2 project(s), activeSession=none

[90mstdout[2m | src/tests/project-manager.test.ts[2m > [22m[2mProjectManager[2m > [22m[2mpath normalization[2m > [22m[2mhandles paths with trailing slashes
[22m[39m2026-05-27 22:55:05 [project] [34mdebug[39m: listProjects: 2 project(s)

 [32m✓[39m src/tests/project-manager.test.ts [2m([22m[2m18 tests[22m[2m)[22m[32m 55[2mms[22m[39m






[90mstdout[2m | src/tests/session-manager.integration.test.ts
[22m[39mDownloading Electron binary...

[90mstdout[2m | src/tests/session-manager.integration.test.ts[2m > [22m[2mPiSessionManager integration[2m > [22m[2mcreates a stable SDK session id
[22m[39m2026-05-27 22:55:18 [extension-loader] [34mdebug[39m: [create] createSdkSession loaderCwd=/tmp/project processCwd=E:\project\node\nekocode NODE_PATH=

[90mstdout[2m | src/tests/session-manager.integration.test.ts[2m > [22m[2mPiSessionManager integration[2m > [22m[2mcreates a stable SDK session id
[22m[39m2026-05-27 22:55:18 [extension-loader] [32minfo[39m: [create] Extensions loaded: 0, errors: 0

[90mstdout[2m | src/tests/session-manager.integration.test.ts[2m > [22m[2mPiSessionManager integration[2m > [22m[2mcreates a stable SDK session id
[22m[39m2026-05-27 22:55:18 [session-manager] [32minfo[39m: Create sdk-session-wg91wqcu cwd=/tmp/project
2026-05-27 22:55:18 [stream-batcher] [34mdebug[39m: StreamBatcher created: interval=16ms
2026-05-27 22:55:18 [session-manager] [33mwarn[39m: wrapSession sdk-session-wg91wqcu - failed to bind ElectronUIContext: session.bindExtensions is not a function {"stack":"TypeError: session.bindExtensions is not a function\n    at PiSessionManager.wrapSession (E:/project/node/nekocode/src/main/session-manager.ts:452:15)\n    at PiSessionManager.create (E:/project/node/nekocode/src/main/session-manager.ts:79:26)\n    at processTicksAndRejections (node:internal/process/task_queues:105:5)\n    at E:/project/node/nekocode/src/tests/session-manager.integration.test.ts:116:16\n    at file:///E:/project/node/nekocode/node_modules/@vitest/runner/dist/chunk-artifact.js:1903:20"}
2026-05-27 22:55:18 [session-manager] [32minfo[39m: Created sdk-session-wg91wqcu

[90mstdout[2m | src/tests/session-manager.integration.test.ts[2m > [22m[2mPiSessionManager integration[2m > [22m[2mpreserves normalized extension errors for create
[22m[39m2026-05-27 22:55:18 [extension-loader] [34mdebug[39m: [create] createSdkSession loaderCwd=/tmp/project processCwd=E:\project\node\nekocode NODE_PATH=

[90mstdout[2m | src/tests/session-manager.integration.test.ts[2m > [22m[2mPiSessionManager integration[2m > [22m[2mpreserves normalized extension errors for create
[22m[39m2026-05-27 22:55:18 [extension-loader] [31merror[39m: [create] Extension load errors (1)
2026-05-27 22:55:18 [extension-loader] [31merror[39m: [create] Extension error fingerprint: uniform-message across all failures -> Failed to load extension: resolver failed
2026-05-27 22:55:18 [extension-loader] [31merror[39m: [create] Extension load error path=/tmp/ext.ts message=Failed to load extension: resolver failed
2026-05-27 22:55:18 [extension-loader] [31merror[39m: [create] Extension load stack path=/tmp/ext.ts
TypeError: ...
2026-05-27 22:55:18 [extension-loader] [32minfo[39m: [create] Extensions loaded: 0, errors: 1

[90mstdout[2m | src/tests/session-manager.integration.test.ts[2m > [22m[2mPiSessionManager integration[2m > [22m[2mpreserves normalized extension errors for create
[22m[39m2026-05-27 22:55:18 [session-manager] [32minfo[39m: Create session-with-errors cwd=/tmp/project
2026-05-27 22:55:18 [stream-batcher] [34mdebug[39m: StreamBatcher created: interval=16ms
2026-05-27 22:55:18 [session-manager] [33mwarn[39m: wrapSession session-with-errors - failed to bind ElectronUIContext: session.bindExtensions is not a function {"stack":"TypeError: session.bindExtensions is not a function\n    at PiSessionManager.wrapSession (E:/project/node/nekocode/src/main/session-manager.ts:452:15)\n    at PiSessionManager.create (E:/project/node/nekocode/src/main/session-manager.ts:79:26)\n    at processTicksAndRejections (node:internal/process/task_queues:105:5)\n    at E:/project/node/nekocode/src/tests/session-manager.integration.test.ts:133:16\n    at file:///E:/project/node/nekocode/node_modules/@vitest/runner/dist/chunk-artifact.js:1903:20"}
2026-05-27 22:55:18 [session-manager] [32minfo[39m: Created session-with-errors

[90mstdout[2m | src/tests/session-manager.integration.test.ts[2m > [22m[2mPiSessionManager integration[2m > [22m[2mretries create with noExtensions on systemic extension loader errors
[22m[39m2026-05-27 22:55:18 [extension-loader] [34mdebug[39m: [create] createSdkSession loaderCwd=/tmp/project processCwd=E:\project\node\nekocode NODE_PATH=

[90mstdout[2m | src/tests/session-manager.integration.test.ts[2m > [22m[2mPiSessionManager integration[2m > [22m[2mretries create with noExtensions on systemic extension loader errors
[22m[39m2026-05-27 22:55:18 [extension-loader] [33mwarn[39m: [create] Detected systemic extension loader failure signature, retrying with extensions disabled

[90mstdout[2m | src/tests/session-manager.integration.test.ts[2m > [22m[2mPiSessionManager integration[2m > [22m[2mretries create with noExtensions on systemic extension loader errors
[22m[39m2026-05-27 22:55:18 [extension-loader] [34mdebug[39m: [create-noext] createSdkSession loaderCwd=/tmp/project processCwd=E:\project\node\nekocode NODE_PATH=

[90mstdout[2m | src/tests/session-manager.integration.test.ts[2m > [22m[2mPiSessionManager integration[2m > [22m[2mretries create with noExtensions on systemic extension loader errors
[22m[39m2026-05-27 22:55:18 [extension-loader] [33mwarn[39m: [create] Primary extension load failed (2); fallback without extensions succeeded
2026-05-27 22:55:18 [extension-loader] [33mwarn[39m: [create] Create fallback engaged: extensions disabled for this session due to systemic extension loader failure (primaryErrors=2)
2026-05-27 22:55:18 [extension-loader] [32minfo[39m: [create] Extensions loaded: 0, errors: 0

[90mstdout[2m | src/tests/session-manager.integration.test.ts[2m > [22m[2mPiSessionManager integration[2m > [22m[2mretries create with noExtensions on systemic extension loader errors
[22m[39m2026-05-27 22:55:18 [session-manager] [32minfo[39m: Create fallback-create cwd=/tmp/project
2026-05-27 22:55:18 [stream-batcher] [34mdebug[39m: StreamBatcher created: interval=16ms
2026-05-27 22:55:18 [session-manager] [33mwarn[39m: wrapSession fallback-create - failed to bind ElectronUIContext: session.bindExtensions is not a function {"stack":"TypeError: session.bindExtensions is not a function\n    at PiSessionManager.wrapSession (E:/project/node/nekocode/src/main/session-manager.ts:452:15)\n    at PiSessionManager.create (E:/project/node/nekocode/src/main/session-manager.ts:79:26)\n    at processTicksAndRejections (node:internal/process/task_queues:105:5)\n    at E:/project/node/nekocode/src/tests/session-manager.integration.test.ts:167:5\n    at file:///E:/project/node/nekocode/node_modules/@vitest/runner/dist/chunk-artifact.js:1903:20"}
2026-05-27 22:55:18 [session-manager] [32minfo[39m: Created fallback-create

[90mstdout[2m | src/tests/session-manager.integration.test.ts[2m > [22m[2mPiSessionManager integration[2m > [22m[2mreconnects using SessionManager.list/open and resource loader bootstrap
[22m[39m2026-05-27 22:55:18 [session-manager] [32minfo[39m: Reconnect existing-session cwd=/tmp/project

[90mstdout[2m | src/tests/session-manager.integration.test.ts[2m > [22m[2mPiSessionManager integration[2m > [22m[2mreconnects using SessionManager.list/open and resource loader bootstrap
[22m[39m2026-05-27 22:55:18 [extension-loader] [34mdebug[39m: [reconnect] createSdkSession loaderCwd=/tmp/project processCwd=E:\project\node\nekocode NODE_PATH=

[90mstdout[2m | src/tests/session-manager.integration.test.ts[2m > [22m[2mPiSessionManager integration[2m > [22m[2mreconnects using SessionManager.list/open and resource loader bootstrap
[22m[39m2026-05-27 22:55:18 [extension-loader] [32minfo[39m: [reconnect] Extensions loaded: 0, errors: 0

[90mstdout[2m | src/tests/session-manager.integration.test.ts[2m > [22m[2mPiSessionManager integration[2m > [22m[2mreconnects using SessionManager.list/open and resource loader bootstrap
[22m[39m2026-05-27 22:55:18 [session-manager] [32minfo[39m: Reconnected stable-reconnected (requested: existing-session)
2026-05-27 22:55:18 [stream-batcher] [34mdebug[39m: StreamBatcher created: interval=16ms
2026-05-27 22:55:18 [session-manager] [33mwarn[39m: wrapSession stable-reconnected - failed to bind ElectronUIContext: session.bindExtensions is not a function {"stack":"TypeError: session.bindExtensions is not a function\n    at PiSessionManager.wrapSession (E:/project/node/nekocode/src/main/session-manager.ts:452:15)\n    at PiSessionManager.reconnect (E:/project/node/nekocode/src/main/session-manager.ts:148:26)\n    at processTicksAndRejections (node:internal/process/task_queues:105:5)\n    at E:/project/node/nekocode/src/tests/session-manager.integration.test.ts:193:5\n    at file:///E:/project/node/nekocode/node_modules/@vitest/runner/dist/chunk-artifact.js:1903:20"}
2026-05-27 22:55:18 [message-store] [34mdebug[39m: extractHistoryFromSdkMessages: 0 raw SDK message(s)
2026-05-27 22:55:18 [message-store] [34mdebug[39m: extractHistoryFromSdkMessages: produced 0 ChatMessageIPC(s)

[90mstdout[2m | src/tests/session-manager.integration.test.ts[2m > [22m[2mPiSessionManager integration[2m > [22m[2mretries reconnect with noExtensions on systemic extension loader errors
[22m[39m2026-05-27 22:55:18 [session-manager] [32minfo[39m: Reconnect existing-session cwd=/tmp/project

[90mstdout[2m | src/tests/session-manager.integration.test.ts[2m > [22m[2mPiSessionManager integration[2m > [22m[2mretries reconnect with noExtensions on systemic extension loader errors
[22m[39m2026-05-27 22:55:18 [extension-loader] [34mdebug[39m: [reconnect] createSdkSession loaderCwd=/tmp/project processCwd=E:\project\node\nekocode NODE_PATH=

[90mstdout[2m | src/tests/session-manager.integration.test.ts[2m > [22m[2mPiSessionManager integration[2m > [22m[2mretries reconnect with noExtensions on systemic extension loader errors
[22m[39m2026-05-27 22:55:18 [extension-loader] [33mwarn[39m: [reconnect] Detected systemic extension loader failure signature, retrying with extensions disabled

[90mstdout[2m | src/tests/session-manager.integration.test.ts[2m > [22m[2mPiSessionManager integration[2m > [22m[2mretries reconnect with noExtensions on systemic extension loader errors
[22m[39m2026-05-27 22:55:18 [extension-loader] [34mdebug[39m: [reconnect-noext] createSdkSession loaderCwd=/tmp/project processCwd=E:\project\node\nekocode NODE_PATH=

[90mstdout[2m | src/tests/session-manager.integration.test.ts[2m > [22m[2mPiSessionManager integration[2m > [22m[2mretries reconnect with noExtensions on systemic extension loader errors
[22m[39m2026-05-27 22:55:18 [extension-loader] [33mwarn[39m: [reconnect] Primary extension load failed (2); fallback without extensions succeeded
2026-05-27 22:55:18 [extension-loader] [33mwarn[39m: [reconnect] Reconnect fallback engaged: extensions disabled for this session due to systemic extension loader failure (primaryErrors=2)
2026-05-27 22:55:18 [extension-loader] [32minfo[39m: [reconnect] Extensions loaded: 0, errors: 0

[90mstdout[2m | src/tests/session-manager.integration.test.ts[2m > [22m[2mPiSessionManager integration[2m > [22m[2mretries reconnect with noExtensions on systemic extension loader errors
[22m[39m2026-05-27 22:55:18 [session-manager] [32minfo[39m: Reconnected fallback-reconnect (requested: existing-session)
2026-05-27 22:55:18 [stream-batcher] [34mdebug[39m: StreamBatcher created: interval=16ms
2026-05-27 22:55:18 [session-manager] [33mwarn[39m: wrapSession fallback-reconnect - failed to bind ElectronUIContext: session.bindExtensions is not a function {"stack":"TypeError: session.bindExtensions is not a function\n    at PiSessionManager.wrapSession (E:/project/node/nekocode/src/main/session-manager.ts:452:15)\n    at PiSessionManager.reconnect (E:/project/node/nekocode/src/main/session-manager.ts:148:26)\n    at processTicksAndRejections (node:internal/process/task_queues:105:5)\n    at E:/project/node/nekocode/src/tests/session-manager.integration.test.ts:243:5\n    at file:///E:/project/node/nekocode/node_modules/@vitest/runner/dist/chunk-artifact.js:1903:20"}
2026-05-27 22:55:18 [message-store] [34mdebug[39m: extractHistoryFromSdkMessages: 0 raw SDK message(s)
2026-05-27 22:55:18 [message-store] [34mdebug[39m: extractHistoryFromSdkMessages: produced 0 ChatMessageIPC(s)

[90mstdout[2m | src/tests/session-manager.integration.test.ts[2m > [22m[2mPiSessionManager integration[2m > [22m[2mfails hard when systemic extension errors occur and fallback is disabled
[22m[39m2026-05-27 22:55:18 [extension-loader] [34mdebug[39m: [create] createSdkSession loaderCwd=/tmp/project processCwd=E:\project\node\nekocode NODE_PATH=

[90mstdout[2m | src/tests/session-manager.integration.test.ts[2m > [22m[2mPiSessionManager integration[2m > [22m[2mfails hard when systemic extension errors occur and fallback is disabled
[22m[39m2026-05-27 22:55:18 [extension-loader] [31merror[39m: [create] Extension load errors (2)
2026-05-27 22:55:18 [extension-loader] [31merror[39m: [create] Extension error fingerprint: uniform-message across all failures -> Failed to load extension: (void 0) is not a function
2026-05-27 22:55:18 [extension-loader] [31merror[39m: [create] Extension diagnostics: no stack traces provided by SDK error payload
2026-05-27 22:55:18 [extension-loader] [31merror[39m: [create] Extension load error path=/tmp/ext-a.ts message=Failed to load extension: (void 0) is not a function
2026-05-27 22:55:18 [extension-loader] [31merror[39m: [create] Extension load error path=/tmp/ext-b.ts message=Failed to load extension: (void 0) is not a function

[90mstdout[2m | src/tests/session-manager.integration.test.ts[2m > [22m[2mPiSessionManager integration[2m > [22m[2mforwards prompt and abort calls to sdk session
[22m[39m2026-05-27 22:55:18 [extension-loader] [34mdebug[39m: [create] createSdkSession loaderCwd=/tmp/project processCwd=E:\project\node\nekocode NODE_PATH=

[90mstdout[2m | src/tests/session-manager.integration.test.ts[2m > [22m[2mPiSessionManager integration[2m > [22m[2mforwards prompt and abort calls to sdk session
[22m[39m2026-05-27 22:55:18 [extension-loader] [32minfo[39m: [create] Extensions loaded: 0, errors: 0

[90mstdout[2m | src/tests/session-manager.integration.test.ts[2m > [22m[2mPiSessionManager integration[2m > [22m[2mforwards prompt and abort calls to sdk session
[22m[39m2026-05-27 22:55:18 [session-manager] [32minfo[39m: Create sdk-session-uzfjq3ob cwd=/tmp/project
2026-05-27 22:55:18 [stream-batcher] [34mdebug[39m: StreamBatcher created: interval=16ms
2026-05-27 22:55:18 [session-manager] [33mwarn[39m: wrapSession sdk-session-uzfjq3ob - failed to bind ElectronUIContext: session.bindExtensions is not a function {"stack":"TypeError: session.bindExtensions is not a function\n    at PiSessionManager.wrapSession (E:/project/node/nekocode/src/main/session-manager.ts:452:15)\n    at PiSessionManager.create (E:/project/node/nekocode/src/main/session-manager.ts:79:26)\n    at processTicksAndRejections (node:internal/process/task_queues:105:5)\n    at E:/project/node/nekocode/src/tests/session-manager.integration.test.ts:268:16\n    at file:///E:/project/node/nekocode/node_modules/@vitest/runner/dist/chunk-artifact.js:1903:20"}
2026-05-27 22:55:18 [session-manager] [32minfo[39m: Created sdk-session-uzfjq3ob

[90mstdout[2m | src/tests/session-manager.integration.test.ts[2m > [22m[2mPiSessionManager integration[2m > [22m[2mforwards prompt and abort calls to sdk session
[22m[39m2026-05-27 22:55:18 [session-manager] [32minfo[39m: Prompt sdk-session-uzfjq3ob textLength=5
2026-05-27 22:55:18 [session-manager] [34mdebug[39m: Prompt sdk-session-uzfjq3ob - streaming state: currentAssistantId=none, currentToolCallId=none

[90mstdout[2m | src/tests/session-manager.integration.test.ts[2m > [22m[2mPiSessionManager integration[2m > [22m[2mforwards prompt and abort calls to sdk session
[22m[39m2026-05-27 22:55:18 [session-manager] [34mdebug[39m: Prompt sdk-session-uzfjq3ob - SDK prompt() returned (streaming initiated)

[90mstdout[2m | src/tests/session-manager.integration.test.ts[2m > [22m[2mPiSessionManager integration[2m > [22m[2mforwards prompt and abort calls to sdk session
[22m[39m2026-05-27 22:55:18 [session-manager] [32minfo[39m: Abort sdk-session-uzfjq3ob

[90mstdout[2m | src/tests/session-manager.integration.test.ts[2m > [22m[2mPiSessionManager integration[2m > [22m[2mdisposes sessions and handles unknown session ids
[22m[39m2026-05-27 22:55:18 [extension-loader] [34mdebug[39m: [create] createSdkSession loaderCwd=/tmp/a processCwd=E:\project\node\nekocode NODE_PATH=

[90mstdout[2m | src/tests/session-manager.integration.test.ts[2m > [22m[2mPiSessionManager integration[2m > [22m[2mdisposes sessions and handles unknown session ids
[22m[39m2026-05-27 22:55:18 [extension-loader] [32minfo[39m: [create] Extensions loaded: 0, errors: 0

[90mstdout[2m | src/tests/session-manager.integration.test.ts[2m > [22m[2mPiSessionManager integration[2m > [22m[2mdisposes sessions and handles unknown session ids
[22m[39m2026-05-27 22:55:18 [session-manager] [32minfo[39m: Create sdk-session-rp0bvrsy cwd=/tmp/a
2026-05-27 22:55:18 [stream-batcher] [34mdebug[39m: StreamBatcher created: interval=16ms
2026-05-27 22:55:18 [session-manager] [33mwarn[39m: wrapSession sdk-session-rp0bvrsy - failed to bind ElectronUIContext: session.bindExtensions is not a function {"stack":"TypeError: session.bindExtensions is not a function\n    at PiSessionManager.wrapSession (E:/project/node/nekocode/src/main/session-manager.ts:452:15)\n    at PiSessionManager.create (E:/project/node/nekocode/src/main/session-manager.ts:79:26)\n    at processTicksAndRejections (node:internal/process/task_queues:105:5)\n    at E:/project/node/nekocode/src/tests/session-manager.integration.test.ts:277:17\n    at file:///E:/project/node/nekocode/node_modules/@vitest/runner/dist/chunk-artifact.js:1903:20"}
2026-05-27 22:55:18 [session-manager] [32minfo[39m: Created sdk-session-rp0bvrsy

[90mstdout[2m | src/tests/session-manager.integration.test.ts[2m > [22m[2mPiSessionManager integration[2m > [22m[2mdisposes sessions and handles unknown session ids
[22m[39m2026-05-27 22:55:18 [extension-loader] [34mdebug[39m: [create] createSdkSession loaderCwd=/tmp/b processCwd=E:\project\node\nekocode NODE_PATH=

[90mstdout[2m | src/tests/session-manager.integration.test.ts[2m > [22m[2mPiSessionManager integration[2m > [22m[2mdisposes sessions and handles unknown session ids
[22m[39m2026-05-27 22:55:18 [extension-loader] [32minfo[39m: [create] Extensions loaded: 0, errors: 0

[90mstdout[2m | src/tests/session-manager.integration.test.ts[2m > [22m[2mPiSessionManager integration[2m > [22m[2mdisposes sessions and handles unknown session ids
[22m[39m2026-05-27 22:55:18 [session-manager] [32minfo[39m: Create sdk-session-03ydy6o6 cwd=/tmp/b
2026-05-27 22:55:18 [stream-batcher] [34mdebug[39m: StreamBatcher created: interval=16ms
2026-05-27 22:55:18 [session-manager] [33mwarn[39m: wrapSession sdk-session-03ydy6o6 - failed to bind ElectronUIContext: session.bindExtensions is not a function {"stack":"TypeError: session.bindExtensions is not a function\n    at PiSessionManager.wrapSession (E:/project/node/nekocode/src/main/session-manager.ts:452:15)\n    at PiSessionManager.create (E:/project/node/nekocode/src/main/session-manager.ts:79:26)\n    at processTicksAndRejections (node:internal/process/task_queues:105:5)\n    at E:/project/node/nekocode/src/tests/session-manager.integration.test.ts:278:17\n    at file:///E:/project/node/nekocode/node_modules/@vitest/runner/dist/chunk-artifact.js:1903:20"}
2026-05-27 22:55:18 [session-manager] [32minfo[39m: Created sdk-session-03ydy6o6

[90mstdout[2m | src/tests/session-manager.integration.test.ts[2m > [22m[2mPiSessionManager integration[2m > [22m[2mdisposes sessions and handles unknown session ids
[22m[39m2026-05-27 22:55:18 [stream-batcher] [34mdebug[39m: dispose
2026-05-27 22:55:18 [session-manager] [33mwarn[39m: Dispose sdk-session-rp0bvrsy - failed to clean up session file: Cannot read properties of undefined (reading 'isPersisted') {"stack":"TypeError: Cannot read properties of undefined (reading 'isPersisted')\n    at PiSessionManager.dispose (E:/project/node/nekocode/src/main/session-manager.ts:340:14)\n    at E:/project/node/nekocode/src/tests/session-manager.integration.test.ts:281:13\n    at processTicksAndRejections (node:internal/process/task_queues:105:5)\n    at file:///E:/project/node/nekocode/node_modules/@vitest/runner/dist/chunk-artifact.js:1903:20"}
2026-05-27 22:55:18 [session-manager] [32minfo[39m: Dispose sdk-session-rp0bvrsy
2026-05-27 22:55:18 [stream-batcher] [34mdebug[39m: dispose
2026-05-27 22:55:18 [session-manager] [33mwarn[39m: Dispose sdk-session-03ydy6o6 - failed to clean up session file: Cannot read properties of undefined (reading 'isPersisted') {"stack":"TypeError: Cannot read properties of undefined (reading 'isPersisted')\n    at PiSessionManager.dispose (E:/project/node/nekocode/src/main/session-manager.ts:340:14)\n    at PiSessionManager.disposeAll (E:/project/node/nekocode/src/main/session-manager.ts:359:12)\n    at E:/project/node/nekocode/src/tests/session-manager.integration.test.ts:283:13\n    at processTicksAndRejections (node:internal/process/task_queues:105:5)\n    at file:///E:/project/node/nekocode/node_modules/@vitest/runner/dist/chunk-artifact.js:1903:20"}
2026-05-27 22:55:18 [session-manager] [32minfo[39m: Dispose sdk-session-03ydy6o6
2026-05-27 22:55:18 [session-manager] [32minfo[39m: Prompt unknown textLength=4
2026-05-27 22:55:18 [session-manager] [31merror[39m: getManaged: session not found unknown - active sessions: []

[90mstdout[2m | src/tests/session-manager.integration.test.ts[2m > [22m[2mPiSessionManager integration[2m > [22m[2mdisposes sessions and handles unknown session ids
[22m[39m2026-05-27 22:55:18 [session-manager] [31merror[39m: getManaged: session not found unknown - active sessions: []
2026-05-27 22:55:18 [session-manager] [31merror[39m: getManaged: session not found unknown - active sessions: []

[90mstdout[2m | src/tests/session-manager.integration.test.ts[2m > [22m[2mPiSessionManager integration[2m > [22m[2memits usage_update event on reconnect when messages have usage
[22m[39m2026-05-27 22:55:18 [session-manager] [32minfo[39m: Reconnect session-with-usage cwd=/tmp/project

[90mstdout[2m | src/tests/session-manager.integration.test.ts[2m > [22m[2mPiSessionManager integration[2m > [22m[2memits usage_update event on reconnect when messages have usage
[22m[39m2026-05-27 22:55:18 [extension-loader] [34mdebug[39m: [reconnect] createSdkSession loaderCwd=/tmp/project processCwd=E:\project\node\nekocode NODE_PATH=

[90mstdout[2m | src/tests/session-manager.integration.test.ts[2m > [22m[2mPiSessionManager integration[2m > [22m[2memits usage_update event on reconnect when messages have usage
[22m[39m2026-05-27 22:55:18 [extension-loader] [32minfo[39m: [reconnect] Extensions loaded: 0, errors: 0

[90mstdout[2m | src/tests/session-manager.integration.test.ts[2m > [22m[2mPiSessionManager integration[2m > [22m[2memits usage_update event on reconnect when messages have usage
[22m[39m2026-05-27 22:55:18 [session-manager] [32minfo[39m: Reconnected usage-test-session (requested: session-with-usage)
2026-05-27 22:55:18 [stream-batcher] [34mdebug[39m: StreamBatcher created: interval=16ms
2026-05-27 22:55:18 [session-manager] [33mwarn[39m: wrapSession usage-test-session - failed to bind ElectronUIContext: session.bindExtensions is not a function {"stack":"TypeError: session.bindExtensions is not a function\n    at PiSessionManager.wrapSession (E:/project/node/nekocode/src/main/session-manager.ts:452:15)\n    at PiSessionManager.reconnect (E:/project/node/nekocode/src/main/session-manager.ts:148:26)\n    at processTicksAndRejections (node:internal/process/task_queues:105:5)\n    at E:/project/node/nekocode/src/tests/session-manager.integration.test.ts:325:5\n    at file:///E:/project/node/nekocode/node_modules/@vitest/runner/dist/chunk-artifact.js:1903:20"}
2026-05-27 22:55:18 [message-store] [34mdebug[39m: extractHistoryFromSdkMessages: 2 raw SDK message(s)
2026-05-27 22:55:18 [message-store] [34mdebug[39m: extractHistoryFromSdkMessages: produced 2 ChatMessageIPC(s)

[90mstdout[2m | src/tests/session-manager.integration.test.ts[2m > [22m[2mPiSessionManager integration[2m > [22m[2maccumulates usage from multiple assistant messages on reconnect
[22m[39m2026-05-27 22:55:18 [session-manager] [32minfo[39m: Reconnect multi-usage-session cwd=/tmp/project

[90mstdout[2m | src/tests/session-manager.integration.test.ts[2m > [22m[2mPiSessionManager integration[2m > [22m[2maccumulates usage from multiple assistant messages on reconnect
[22m[39m2026-05-27 22:55:18 [extension-loader] [34mdebug[39m: [reconnect] createSdkSession loaderCwd=/tmp/project processCwd=E:\project\node\nekocode NODE_PATH=

[90mstdout[2m | src/tests/session-manager.integration.test.ts[2m > [22m[2mPiSessionManager integration[2m > [22m[2maccumulates usage from multiple assistant messages on reconnect
[22m[39m2026-05-27 22:55:18 [extension-loader] [32minfo[39m: [reconnect] Extensions loaded: 0, errors: 0

[90mstdout[2m | src/tests/session-manager.integration.test.ts[2m > [22m[2mPiSessionManager integration[2m > [22m[2maccumulates usage from multiple assistant messages on reconnect
[22m[39m2026-05-27 22:55:18 [session-manager] [32minfo[39m: Reconnected multi-usage-test-session (requested: multi-usage-session)
2026-05-27 22:55:18 [stream-batcher] [34mdebug[39m: StreamBatcher created: interval=16ms
2026-05-27 22:55:18 [session-manager] [33mwarn[39m: wrapSession multi-usage-test-session - failed to bind ElectronUIContext: session.bindExtensions is not a function {"stack":"TypeError: session.bindExtensions is not a function\n    at PiSessionManager.wrapSession (E:/project/node/nekocode/src/main/session-manager.ts:452:15)\n    at PiSessionManager.reconnect (E:/project/node/nekocode/src/main/session-manager.ts:148:26)\n    at processTicksAndRejections (node:internal/process/task_queues:105:5)\n    at E:/project/node/nekocode/src/tests/session-manager.integration.test.ts:375:5\n    at file:///E:/project/node/nekocode/node_modules/@vitest/runner/dist/chunk-artifact.js:1903:20"}
2026-05-27 22:55:18 [message-store] [34mdebug[39m: extractHistoryFromSdkMessages: 4 raw SDK message(s)
2026-05-27 22:55:18 [message-store] [34mdebug[39m: extractHistoryFromSdkMessages: produced 4 ChatMessageIPC(s)

[90mstdout[2m | src/tests/session-manager.integration.test.ts[2m > [22m[2mPiSessionManager integration[2m > [22m[2mdoes not emit usage_update when messages have no usage
[22m[39m2026-05-27 22:55:18 [session-manager] [32minfo[39m: Reconnect no-usage-session cwd=/tmp/project

[90mstdout[2m | src/tests/session-manager.integration.test.ts[2m > [22m[2mPiSessionManager integration[2m > [22m[2mdoes not emit usage_update when messages have no usage
[22m[39m2026-05-27 22:55:18 [extension-loader] [34mdebug[39m: [reconnect] createSdkSession loaderCwd=/tmp/project processCwd=E:\project\node\nekocode NODE_PATH=

[90mstdout[2m | src/tests/session-manager.integration.test.ts[2m > [22m[2mPiSessionManager integration[2m > [22m[2mdoes not emit usage_update when messages have no usage
[22m[39m2026-05-27 22:55:18 [extension-loader] [32minfo[39m: [reconnect] Extensions loaded: 0, errors: 0

[90mstdout[2m | src/tests/session-manager.integration.test.ts[2m > [22m[2mPiSessionManager integration[2m > [22m[2mdoes not emit usage_update when messages have no usage
[22m[39m2026-05-27 22:55:18 [session-manager] [32minfo[39m: Reconnected no-usage-test-session (requested: no-usage-session)
2026-05-27 22:55:18 [stream-batcher] [34mdebug[39m: StreamBatcher created: interval=16ms
2026-05-27 22:55:18 [session-manager] [33mwarn[39m: wrapSession no-usage-test-session - failed to bind ElectronUIContext: session.bindExtensions is not a function {"stack":"TypeError: session.bindExtensions is not a function\n    at PiSessionManager.wrapSession (E:/project/node/nekocode/src/main/session-manager.ts:452:15)\n    at PiSessionManager.reconnect (E:/project/node/nekocode/src/main/session-manager.ts:148:26)\n    at processTicksAndRejections (node:internal/process/task_queues:105:5)\n    at E:/project/node/nekocode/src/tests/session-manager.integration.test.ts:411:5\n    at file:///E:/project/node/nekocode/node_modules/@vitest/runner/dist/chunk-artifact.js:1903:20"}
2026-05-27 22:55:18 [message-store] [34mdebug[39m: extractHistoryFromSdkMessages: 2 raw SDK message(s)
2026-05-27 22:55:18 [message-store] [34mdebug[39m: extractHistoryFromSdkMessages: produced 2 ChatMessageIPC(s)

[90mstdout[2m | src/tests/session-manager.integration.test.ts[2m > [22m[2mPiSessionManager integration[2m > [22m[2mrestores history with usage data on reconnect
[22m[39m2026-05-27 22:55:18 [session-manager] [32minfo[39m: Reconnect history-usage-session cwd=/tmp/project

[90mstdout[2m | src/tests/session-manager.integration.test.ts[2m > [22m[2mPiSessionManager integration[2m > [22m[2mrestores history with usage data on reconnect
[22m[39m2026-05-27 22:55:18 [extension-loader] [34mdebug[39m: [reconnect] createSdkSession loaderCwd=/tmp/project processCwd=E:\project\node\nekocode NODE_PATH=

[90mstdout[2m | src/tests/session-manager.integration.test.ts[2m > [22m[2mPiSessionManager integration[2m > [22m[2mrestores history with usage data on reconnect
[22m[39m2026-05-27 22:55:18 [extension-loader] [32minfo[39m: [reconnect] Extensions loaded: 0, errors: 0

[90mstdout[2m | src/tests/session-manager.integration.test.ts[2m > [22m[2mPiSessionManager integration[2m > [22m[2mrestores history with usage data on reconnect
[22m[39m2026-05-27 22:55:18 [session-manager] [32minfo[39m: Reconnected history-usage-test-session (requested: history-usage-session)
2026-05-27 22:55:18 [stream-batcher] [34mdebug[39m: StreamBatcher created: interval=16ms
2026-05-27 22:55:18 [session-manager] [33mwarn[39m: wrapSession history-usage-test-session - failed to bind ElectronUIContext: session.bindExtensions is not a function {"stack":"TypeError: session.bindExtensions is not a function\n    at PiSessionManager.wrapSession (E:/project/node/nekocode/src/main/session-manager.ts:452:15)\n    at PiSessionManager.reconnect (E:/project/node/nekocode/src/main/session-manager.ts:148:26)\n    at processTicksAndRejections (node:internal/process/task_queues:105:5)\n    at E:/project/node/nekocode/src/tests/session-manager.integration.test.ts:446:5\n    at file:///E:/project/node/nekocode/node_modules/@vitest/runner/dist/chunk-artifact.js:1903:20"}
2026-05-27 22:55:18 [message-store] [34mdebug[39m: extractHistoryFromSdkMessages: 2 raw SDK message(s)
2026-05-27 22:55:18 [message-store] [34mdebug[39m: extractHistoryFromSdkMessages: produced 2 ChatMessageIPC(s)

[90mstdout[2m | src/tests/session-manager.integration.test.ts[2m > [22m[2mPiSessionManager integration[2m > [22m[2mrestores history with usage data on reconnect
[22m[39m2026-05-27 22:55:18 [session-manager] [34mdebug[39m: getHistory history-usage-test-session - returning 2 message(s)

 [32m✓[39m src/tests/session-manager.integration.test.ts [2m([22m[2m12 tests[22m[2m)[22m[32m 83[2mms[22m[39m
[90mstdout[2m | src/tests/ipc-handlers.integration.test.ts
[22m[39mDownloading Electron binary...

[90mstdout[2m | src/tests/ipc-handlers.integration.test.ts[2m > [22m[2mipc handlers integration[2m > [22m[2mbridges session lifecycle behavior through IPC handlers
[22m[39m2026-05-27 22:55:19 [ipc-handlers] [32minfo[39m: SESSION_CREATE cwd=/tmp/project

[90mstdout[2m | src/tests/ipc-handlers.integration.test.ts[2m > [22m[2mipc handlers integration[2m > [22m[2mbridges session lifecycle behavior through IPC handlers
[22m[39m2026-05-27 22:55:19 [ipc-handlers] [32minfo[39m: SESSION_PROMPT sessionId=session-1 textLength=17

[90mstdout[2m | src/tests/ipc-handlers.integration.test.ts[2m > [22m[2mipc handlers integration[2m > [22m[2mbridges session lifecycle behavior through IPC handlers
[22m[39m2026-05-27 22:55:19 [ipc-handlers] [34mdebug[39m: SESSION_LOAD_HISTORY sessionId=session-1

[90mstdout[2m | src/tests/ipc-handlers.integration.test.ts[2m > [22m[2mipc handlers integration[2m > [22m[2mbridges session lifecycle behavior through IPC handlers
[22m[39m2026-05-27 22:55:19 [ipc-handlers] [32minfo[39m: SESSION_RECONNECT sessionId=session-1 cwd=/tmp/project

[90mstdout[2m | src/tests/ipc-handlers.integration.test.ts[2m > [22m[2mipc handlers integration[2m > [22m[2mbridges session lifecycle behavior through IPC handlers
[22m[39m2026-05-27 22:55:19 [ipc-handlers] [32minfo[39m: SESSION_RECONNECT OK sessionId=session-1 history=1 messages

[90mstdout[2m | src/tests/ipc-handlers.integration.test.ts[2m > [22m[2mipc handlers integration[2m > [22m[2mbridges session lifecycle behavior through IPC handlers
[22m[39m2026-05-27 22:55:19 [ipc-handlers] [32minfo[39m: SESSION_ABORT sessionId=session-1

[90mstdout[2m | src/tests/ipc-handlers.integration.test.ts[2m > [22m[2mipc handlers integration[2m > [22m[2mbridges session lifecycle behavior through IPC handlers
[22m[39m2026-05-27 22:55:19 [ipc-handlers] [32minfo[39m: SESSION_DISPOSE sessionId=session-1

[90mstdout[2m | src/tests/ipc-handlers.integration.test.ts[2m > [22m[2mipc handlers integration[2m > [22m[2mbridges project and workspace behavior with real ProjectManager
[22m[39m2026-05-27 22:55:19 [ipc-handlers] [32minfo[39m: PROJECT_ADD path=/tmp/project

[90mstdout[2m | src/tests/ipc-handlers.integration.test.ts[2m > [22m[2mipc handlers integration[2m > [22m[2mbridges project and workspace behavior with real ProjectManager
[22m[39m2026-05-27 22:55:19 [project] [34mdebug[39m: discoverSessions /tmp/project: found 1 session(s)

[90mstdout[2m | src/tests/ipc-handlers.integration.test.ts[2m > [22m[2mipc handlers integration[2m > [22m[2mbridges project and workspace behavior with real ProjectManager
[22m[39m2026-05-27 22:55:19 [project] [32minfo[39m: Added project-1 path=/tmp/project sessions=1

[90mstdout[2m | src/tests/ipc-handlers.integration.test.ts[2m > [22m[2mipc handlers integration[2m > [22m[2mbridges project and workspace behavior with real ProjectManager
[22m[39m2026-05-27 22:55:19 [project] [34mdebug[39m: Workspace saved: 1 project(s), activeSession=none

[90mstdout[2m | src/tests/ipc-handlers.integration.test.ts[2m > [22m[2mipc handlers integration[2m > [22m[2mbridges project and workspace behavior with real ProjectManager
[22m[39m2026-05-27 22:55:19 [ipc-handlers] [34mdebug[39m: PROJECT_LIST
2026-05-27 22:55:19 [project] [34mdebug[39m: listProjects: 1 project(s)

[90mstdout[2m | src/tests/ipc-handlers.integration.test.ts[2m > [22m[2mipc handlers integration[2m > [22m[2mbridges project and workspace behavior with real ProjectManager
[22m[39m2026-05-27 22:55:19 [ipc-handlers] [32minfo[39m: PROJECT_SESSIONS projectId=project-1
2026-05-27 22:55:19 [project] [34mdebug[39m: findProject: found project-1 -> path=/tmp/project

[90mstdout[2m | src/tests/ipc-handlers.integration.test.ts[2m > [22m[2mipc handlers integration[2m > [22m[2mbridges project and workspace behavior with real ProjectManager
[22m[39m2026-05-27 22:55:19 [project] [34mdebug[39m: discoverSessions /tmp/project: found 1 session(s)

[90mstdout[2m | src/tests/ipc-handlers.integration.test.ts[2m > [22m[2mipc handlers integration[2m > [22m[2mbridges project and workspace behavior with real ProjectManager
[22m[39m2026-05-27 22:55:19 [project] [32minfo[39m: Refreshed project-1 sessions=1

[90mstdout[2m | src/tests/ipc-handlers.integration.test.ts[2m > [22m[2mipc handlers integration[2m > [22m[2mbridges project and workspace behavior with real ProjectManager
[22m[39m2026-05-27 22:55:19 [ipc-handlers] [34mdebug[39m: WORKSPACE_SET_ACTIVE sessionId=sess-1 projectPath=/tmp/project

[90mstdout[2m | src/tests/ipc-handlers.integration.test.ts[2m > [22m[2mipc handlers integration[2m > [22m[2mbridges project and workspace behavior with real ProjectManager
[22m[39m2026-05-27 22:55:19 [project] [34mdebug[39m: Workspace saved: 1 project(s), activeSession=sess-1

[90mstdout[2m | src/tests/ipc-handlers.integration.test.ts[2m > [22m[2mipc handlers integration[2m > [22m[2mbridges project and workspace behavior with real ProjectManager
[22m[39m2026-05-27 22:55:19 [ipc-handlers] [34mdebug[39m: WORKSPACE_GET_ACTIVE
2026-05-27 22:55:19 [project] [34mdebug[39m: getActiveSession: sessionId=sess-1, projectPath=/tmp/project

[90mstdout[2m | src/tests/ipc-handlers.integration.test.ts[2m > [22m[2mipc handlers integration[2m > [22m[2mreturns selected folder from dialog handler
[22m[39m2026-05-27 22:55:19 [ipc-handlers] [34mdebug[39m: DIALOG_OPEN_FOLDER

[90mstdout[2m | src/tests/ipc-handlers.integration.test.ts[2m > [22m[2mipc handlers integration[2m > [22m[2mreturns selected folder from dialog handler
[22m[39m2026-05-27 22:55:19 [ipc-handlers] [34mdebug[39m: DIALOG_OPEN_FOLDER cancelled

[90mstdout[2m | src/tests/ipc-handlers.integration.test.ts[2m > [22m[2mipc handlers integration[2m > [22m[2mreturns selected folder from dialog handler
[22m[39m2026-05-27 22:55:19 [ipc-handlers] [34mdebug[39m: DIALOG_OPEN_FOLDER

[90mstdout[2m | src/tests/ipc-handlers.integration.test.ts[2m > [22m[2mipc handlers integration[2m > [22m[2mreturns selected folder from dialog handler
[22m[39m2026-05-27 22:55:19 [ipc-handlers] [32minfo[39m: DIALOG_OPEN_FOLDER selected=/tmp/chosen

 [32m✓[39m src/tests/ipc-handlers.integration.test.ts [2m([22m[2m3 tests[22m[2m)[22m[32m 23[2mms[22m[39m
[90mstdout[2m | src/tests/stream-batcher.test.ts
[22m[39mDownloading Electron binary...

[90mstdout[2m | src/tests/stream-batcher.test.ts[2m > [22m[2mStreamBatcher[2m > [22m[2mshould batch multiple text_delta events into one flush
[22m[39m2026-05-27 22:55:20 [stream-batcher] [34mdebug[39m: StreamBatcher created: interval=16ms
2026-05-27 22:55:20 [stream-batcher] [34mdebug[39m: push: accumulated 1 chars (delta=1)
2026-05-27 22:55:20 [stream-batcher] [34mdebug[39m: push: accumulated 5 chars (delta=4)
2026-05-27 22:55:20 [stream-batcher] [34mdebug[39m: push: accumulated 11 chars (delta=6)
2026-05-27 22:55:20 [stream-batcher] [34mdebug[39m: flush: 11 chars

[90mstdout[2m | src/tests/stream-batcher.test.ts[2m > [22m[2mStreamBatcher[2m > [22m[2mshould flush pending text before a non-text event
[22m[39m2026-05-27 22:55:20 [stream-batcher] [34mdebug[39m: StreamBatcher created: interval=16ms
2026-05-27 22:55:20 [stream-batcher] [34mdebug[39m: push: accumulated 7 chars (delta=7)
2026-05-27 22:55:20 [stream-batcher] [34mdebug[39m: flush: 7 chars
2026-05-27 22:55:20 [stream-batcher] [34mdebug[39m: passthrough: tool_call

[90mstdout[2m | src/tests/stream-batcher.test.ts[2m > [22m[2mStreamBatcher[2m > [22m[2mshould pass non-text events through immediately
[22m[39m2026-05-27 22:55:20 [stream-batcher] [34mdebug[39m: StreamBatcher created: interval=16ms
2026-05-27 22:55:20 [stream-batcher] [34mdebug[39m: passthrough: done
2026-05-27 22:55:20 [stream-batcher] [34mdebug[39m: passthrough: error

[90mstdout[2m | src/tests/stream-batcher.test.ts[2m > [22m[2mStreamBatcher[2m > [22m[2mshould flush remaining text on dispose
[22m[39m2026-05-27 22:55:20 [stream-batcher] [34mdebug[39m: StreamBatcher created: interval=16ms
2026-05-27 22:55:20 [stream-batcher] [34mdebug[39m: push: accumulated 9 chars (delta=9)
2026-05-27 22:55:20 [stream-batcher] [34mdebug[39m: dispose
2026-05-27 22:55:20 [stream-batcher] [34mdebug[39m: flush: 9 chars

[90mstdout[2m | src/tests/stream-batcher.test.ts[2m > [22m[2mStreamBatcher[2m > [22m[2mshould be safe to call dispose multiple times
[22m[39m2026-05-27 22:55:20 [stream-batcher] [34mdebug[39m: StreamBatcher created: interval=16ms
2026-05-27 22:55:20 [stream-batcher] [34mdebug[39m: push: accumulated 4 chars (delta=4)
2026-05-27 22:55:20 [stream-batcher] [34mdebug[39m: dispose
2026-05-27 22:55:20 [stream-batcher] [34mdebug[39m: flush: 4 chars
2026-05-27 22:55:20 [stream-batcher] [34mdebug[39m: dispose
2026-05-27 22:55:20 [stream-batcher] [34mdebug[39m: dispose

[90mstdout[2m | src/tests/stream-batcher.test.ts[2m > [22m[2mStreamBatcher[2m > [22m[2mshould not flush empty text
[22m[39m2026-05-27 22:55:20 [stream-batcher] [34mdebug[39m: StreamBatcher created: interval=16ms
2026-05-27 22:55:20 [stream-batcher] [34mdebug[39m: dispose

[90mstdout[2m | src/tests/stream-batcher.test.ts[2m > [22m[2mStreamBatcher[2m > [22m[2mshould use custom flush interval
[22m[39m2026-05-27 22:55:20 [stream-batcher] [34mdebug[39m: StreamBatcher created: interval=50ms
2026-05-27 22:55:20 [stream-batcher] [34mdebug[39m: push: accumulated 4 chars (delta=4)
2026-05-27 22:55:20 [stream-batcher] [34mdebug[39m: flush: 4 chars

[90mstdout[2m | src/tests/stream-batcher.test.ts[2m > [22m[2mStreamBatcher[2m > [22m[2mstill processes non-text events pushed after dispose (no guard)
[22m[39m2026-05-27 22:55:20 [stream-batcher] [34mdebug[39m: StreamBatcher created: interval=16ms
2026-05-27 22:55:20 [stream-batcher] [34mdebug[39m: push: accumulated 6 chars (delta=6)
2026-05-27 22:55:20 [stream-batcher] [34mdebug[39m: dispose
2026-05-27 22:55:20 [stream-batcher] [34mdebug[39m: flush: 6 chars
2026-05-27 22:55:20 [stream-batcher] [34mdebug[39m: push: accumulated 5 chars (delta=5)
2026-05-27 22:55:20 [stream-batcher] [34mdebug[39m: flush: 5 chars
2026-05-27 22:55:20 [stream-batcher] [34mdebug[39m: passthrough: done

[90mstdout[2m | src/tests/stream-batcher.test.ts[2m > [22m[2mStreamBatcher[2m > [22m[2mshould handle very long delta strings
[22m[39m2026-05-27 22:55:20 [stream-batcher] [34mdebug[39m: StreamBatcher created: interval=16ms
2026-05-27 22:55:20 [stream-batcher] [34mdebug[39m: push: accumulated 100000 chars (delta=100000)
2026-05-27 22:55:20 [stream-batcher] [34mdebug[39m: flush: 100000 chars

[90mstdout[2m | src/tests/stream-batcher.test.ts[2m > [22m[2mStreamBatcher[2m > [22m[2mshould batch consecutive non-text events without delay
[22m[39m2026-05-27 22:55:20 [stream-batcher] [34mdebug[39m: StreamBatcher created: interval=16ms
2026-05-27 22:55:20 [stream-batcher] [34mdebug[39m: passthrough: tool_call
2026-05-27 22:55:20 [stream-batcher] [34mdebug[39m: passthrough: tool_result
2026-05-27 22:55:20 [stream-batcher] [34mdebug[39m: passthrough: done

[90mstdout[2m | src/tests/stream-batcher.test.ts[2m > [22m[2mStreamBatcher[2m > [22m[2mshould flush text then pass non-text in sequence
[22m[39m2026-05-27 22:55:20 [stream-batcher] [34mdebug[39m: StreamBatcher created: interval=16ms
2026-05-27 22:55:20 [stream-batcher] [34mdebug[39m: push: accumulated 1 chars (delta=1)
2026-05-27 22:55:20 [stream-batcher] [34mdebug[39m: push: accumulated 2 chars (delta=1)
2026-05-27 22:55:20 [stream-batcher] [34mdebug[39m: flush: 2 chars
2026-05-27 22:55:20 [stream-batcher] [34mdebug[39m: passthrough: tool_call
2026-05-27 22:55:20 [stream-batcher] [34mdebug[39m: push: accumulated 1 chars (delta=1)
2026-05-27 22:55:20 [stream-batcher] [34mdebug[39m: flush: 1 chars
2026-05-27 22:55:20 [stream-batcher] [34mdebug[39m: passthrough: done

[90mstdout[2m | src/tests/stream-batcher.test.ts[2m > [22m[2mStreamBatcher[2m > [22m[2mshould handle user_message events immediately
[22m[39m2026-05-27 22:55:20 [stream-batcher] [34mdebug[39m: StreamBatcher created: interval=16ms
2026-05-27 22:55:20 [stream-batcher] [34mdebug[39m: passthrough: user_message

 [32m✓[39m src/tests/stream-batcher.test.ts [2m([22m[2m12 tests[22m[2m)[22m[32m 31[2mms[22m[39m




[90mstdout[2m | src/tests/extension-loader.test.ts
[22m[39mDownloading Electron binary...

[90mstdout[2m | src/tests/extension-loader.test.ts[2m > [22m[2mcreateSdkSession[2m > [22m[2mcreates an SDK session with default options
[22m[39m2026-05-27 22:55:30 [extension-loader] [34mdebug[39m: [create] createSdkSession loaderCwd=/cwd processCwd=E:\project\node\nekocode NODE_PATH=

[90mstdout[2m | src/tests/extension-loader.test.ts[2m > [22m[2mcreateSdkSession[2m > [22m[2mpasses noExtensions option to resource loader
[22m[39m2026-05-27 22:55:30 [extension-loader] [34mdebug[39m: [create-noext] createSdkSession loaderCwd=/cwd processCwd=E:\project\node\nekocode NODE_PATH=

[90mstdout[2m | src/tests/extension-loader.test.ts[2m > [22m[2mcreateSdkSession[2m > [22m[2muses correct mode string in debug log
[22m[39m2026-05-27 22:55:30 [extension-loader] [34mdebug[39m: [reconnect] createSdkSession loaderCwd=/cwd processCwd=E:\project\node\nekocode NODE_PATH=

[90mstdout[2m | src/tests/extension-loader.test.ts[2m > [22m[2mlogExtensionErrors[2m > [22m[2mlogs marker-only errors as warnings
[22m[39m2026-05-27 22:55:30 [extension-loader] [33mwarn[39m: [create] Create fallback engaged

[90mstdout[2m | src/tests/extension-loader.test.ts[2m > [22m[2mlogExtensionErrors[2m > [22m[2mlogs marker-only errors with __reconnect__ path as warnings
[22m[39m2026-05-27 22:55:30 [extension-loader] [33mwarn[39m: [reconnect] Reconnect fallback engaged

[90mstdout[2m | src/tests/extension-loader.test.ts[2m > [22m[2mlogExtensionErrors[2m > [22m[2mlogs real errors with fingerprint detection when all have same message
[22m[39m2026-05-27 22:55:30 [extension-loader] [31merror[39m: [create] Extension load errors (2)
2026-05-27 22:55:30 [extension-loader] [31merror[39m: [create] Extension error fingerprint: uniform-message across all failures -> same error
2026-05-27 22:55:30 [extension-loader] [31merror[39m: [create] Extension diagnostics: no stack traces provided by SDK error payload
2026-05-27 22:55:30 [extension-loader] [31merror[39m: [create] Extension load error path=/a.ts message=same error
2026-05-27 22:55:30 [extension-loader] [31merror[39m: [create] Extension load error path=/b.ts message=same error

[90mstdout[2m | src/tests/extension-loader.test.ts[2m > [22m[2mlogExtensionErrors[2m > [22m[2mlogs real errors without fingerprint when messages differ
[22m[39m2026-05-27 22:55:30 [extension-loader] [31merror[39m: [create] Extension load errors (2)
2026-05-27 22:55:30 [extension-loader] [31merror[39m: [create] Extension diagnostics: no stack traces provided by SDK error payload
2026-05-27 22:55:30 [extension-loader] [31merror[39m: [create] Extension load error path=/a.ts message=error a
2026-05-27 22:55:30 [extension-loader] [31merror[39m: [create] Extension load error path=/b.ts message=error b

[90mstdout[2m | src/tests/extension-loader.test.ts[2m > [22m[2mlogExtensionErrors[2m > [22m[2mlogs diagnostic message when no stacks are provided
[22m[39m2026-05-27 22:55:30 [extension-loader] [31merror[39m: [create] Extension load errors (1)
2026-05-27 22:55:30 [extension-loader] [31merror[39m: [create] Extension error fingerprint: uniform-message across all failures -> no stack error
2026-05-27 22:55:30 [extension-loader] [31merror[39m: [create] Extension diagnostics: no stack traces provided by SDK error payload
2026-05-27 22:55:30 [extension-loader] [31merror[39m: [create] Extension load error path=/a.ts message=no stack error

[90mstdout[2m | src/tests/extension-loader.test.ts[2m > [22m[2mlogExtensionErrors[2m > [22m[2mlogs stack traces when present
[22m[39m2026-05-27 22:55:30 [extension-loader] [31merror[39m: [create] Extension load errors (1)
2026-05-27 22:55:30 [extension-loader] [31merror[39m: [create] Extension error fingerprint: uniform-message across all failures -> with stack
2026-05-27 22:55:30 [extension-loader] [31merror[39m: [create] Extension load error path=/a.ts message=with stack
2026-05-27 22:55:30 [extension-loader] [31merror[39m: [create] Extension load stack path=/a.ts
Error at line 1
at line 2

[90mstdout[2m | src/tests/extension-loader.test.ts[2m > [22m[2mlogExtensionErrors[2m > [22m[2mhandles mixed errors - some with stacks, some without
[22m[39m2026-05-27 22:55:30 [extension-loader] [31merror[39m: [reconnect] Extension load errors (2)
2026-05-27 22:55:30 [extension-loader] [31merror[39m: [reconnect] Extension load error path=/a.ts message=has stack
2026-05-27 22:55:30 [extension-loader] [31merror[39m: [reconnect] Extension load stack path=/a.ts
trace
2026-05-27 22:55:30 [extension-loader] [31merror[39m: [reconnect] Extension load error path=/b.ts message=no stack

[90mstdout[2m | src/tests/extension-loader.test.ts[2m > [22m[2mloadWithFallback[2m > [22m[2mreturns primary result when no extension errors
[22m[39m2026-05-27 22:55:30 [extension-loader] [34mdebug[39m: [create] createSdkSession loaderCwd=/cwd processCwd=E:\project\node\nekocode NODE_PATH=

[90mstdout[2m | src/tests/extension-loader.test.ts[2m > [22m[2mloadWithFallback[2m > [22m[2mreturns primary result when no extension errors
[22m[39m2026-05-27 22:55:30 [extension-loader] [32minfo[39m: [create] Extensions loaded: 0, errors: 0

[90mstdout[2m | src/tests/extension-loader.test.ts[2m > [22m[2mloadWithFallback[2m > [22m[2mreturns primary result when errors do not match systemic signature
[22m[39m2026-05-27 22:55:30 [extension-loader] [34mdebug[39m: [create] createSdkSession loaderCwd=/cwd processCwd=E:\project\node\nekocode NODE_PATH=

[90mstdout[2m | src/tests/extension-loader.test.ts[2m > [22m[2mloadWithFallback[2m > [22m[2mreturns primary result when errors do not match systemic signature
[22m[39m2026-05-27 22:55:30 [extension-loader] [31merror[39m: [create] Extension load errors (1)
2026-05-27 22:55:30 [extension-loader] [31merror[39m: [create] Extension error fingerprint: uniform-message across all failures -> random error
2026-05-27 22:55:30 [extension-loader] [31merror[39m: [create] Extension diagnostics: no stack traces provided by SDK error payload
2026-05-27 22:55:30 [extension-loader] [31merror[39m: [create] Extension load error path=unknown:0 message=random error
2026-05-27 22:55:30 [extension-loader] [32minfo[39m: [create] Extensions loaded: 0, errors: 1

[90mstdout[2m | src/tests/extension-loader.test.ts[2m > [22m[2mloadWithFallback[2m > [22m[2mthrows when systemic signature detected but fallback not allowed
[22m[39m2026-05-27 22:55:30 [extension-loader] [34mdebug[39m: [create] createSdkSession loaderCwd=/cwd processCwd=E:\project\node\nekocode NODE_PATH=

[90mstdout[2m | src/tests/extension-loader.test.ts[2m > [22m[2mloadWithFallback[2m > [22m[2mthrows when systemic signature detected but fallback not allowed
[22m[39m2026-05-27 22:55:30 [extension-loader] [31merror[39m: [create] Extension load errors (2)
2026-05-27 22:55:30 [extension-loader] [31merror[39m: [create] Extension error fingerprint: uniform-message across all failures -> (void 0) is not a function
2026-05-27 22:55:30 [extension-loader] [31merror[39m: [create] Extension diagnostics: no stack traces provided by SDK error payload
2026-05-27 22:55:30 [extension-loader] [31merror[39m: [create] Extension load error path=/a.ts message=(void 0) is not a function
2026-05-27 22:55:30 [extension-loader] [31merror[39m: [create] Extension load error path=/b.ts message=(void 0) is not a function

[90mstdout[2m | src/tests/extension-loader.test.ts[2m > [22m[2mloadWithFallback[2m > [22m[2mfalls back successfully when systemic signature and fallback allowed
[22m[39m2026-05-27 22:55:30 [extension-loader] [34mdebug[39m: [create] createSdkSession loaderCwd=/cwd processCwd=E:\project\node\nekocode NODE_PATH=

[90mstdout[2m | src/tests/extension-loader.test.ts[2m > [22m[2mloadWithFallback[2m > [22m[2mfalls back successfully when systemic signature and fallback allowed
[22m[39m2026-05-27 22:55:30 [extension-loader] [33mwarn[39m: [create] Detected systemic extension loader failure signature, retrying with extensions disabled

[90mstdout[2m | src/tests/extension-loader.test.ts[2m > [22m[2mloadWithFallback[2m > [22m[2mfalls back successfully when systemic signature and fallback allowed
[22m[39m2026-05-27 22:55:30 [extension-loader] [34mdebug[39m: [create-noext] createSdkSession loaderCwd=/cwd processCwd=E:\project\node\nekocode NODE_PATH=

[90mstdout[2m | src/tests/extension-loader.test.ts[2m > [22m[2mloadWithFallback[2m > [22m[2mfalls back successfully when systemic signature and fallback allowed
[22m[39m2026-05-27 22:55:30 [extension-loader] [33mwarn[39m: [create] Primary extension load failed (2); fallback without extensions succeeded
2026-05-27 22:55:30 [extension-loader] [33mwarn[39m: [create] Create fallback engaged: extensions disabled for this session due to systemic extension loader failure (primaryErrors=2)
2026-05-27 22:55:30 [extension-loader] [32minfo[39m: [create] Extensions loaded: 0, errors: 0

[90mstdout[2m | src/tests/extension-loader.test.ts[2m > [22m[2mloadWithFallback[2m > [22m[2mfalls back but also fails - merges errors
[22m[39m2026-05-27 22:55:30 [extension-loader] [34mdebug[39m: [reconnect] createSdkSession loaderCwd=/cwd processCwd=E:\project\node\nekocode NODE_PATH=

[90mstdout[2m | src/tests/extension-loader.test.ts[2m > [22m[2mloadWithFallback[2m > [22m[2mfalls back but also fails - merges errors
[22m[39m2026-05-27 22:55:30 [extension-loader] [33mwarn[39m: [reconnect] Detected systemic extension loader failure signature, retrying with extensions disabled

[90mstdout[2m | src/tests/extension-loader.test.ts[2m > [22m[2mloadWithFallback[2m > [22m[2mfalls back but also fails - merges errors
[22m[39m2026-05-27 22:55:30 [extension-loader] [34mdebug[39m: [reconnect-noext] createSdkSession loaderCwd=/cwd processCwd=E:\project\node\nekocode NODE_PATH=

[90mstdout[2m | src/tests/extension-loader.test.ts[2m > [22m[2mloadWithFallback[2m > [22m[2mfalls back but also fails - merges errors
[22m[39m2026-05-27 22:55:30 [extension-loader] [31merror[39m: [reconnect] Extension load errors (3)
2026-05-27 22:55:30 [extension-loader] [31merror[39m: [reconnect] Extension diagnostics: no stack traces provided by SDK error payload
2026-05-27 22:55:30 [extension-loader] [31merror[39m: [reconnect] Extension load error path=/a.ts message=(void 0) is not a function
2026-05-27 22:55:30 [extension-loader] [31merror[39m: [reconnect] Extension load error path=unknown:0 message=still broken
2026-05-27 22:55:30 [extension-loader] [31merror[39m: [reconnect] Extension load error path=__reconnect__ message=Reconnect fallback attempted with extensions disabled but still encountered extension load errors
2026-05-27 22:55:30 [extension-loader] [32minfo[39m: [reconnect] Extensions loaded: 0, errors: 1

[90mstdout[2m | src/tests/extension-loader.test.ts[2m > [22m[2mloadWithFallback[2m > [22m[2mlogs loaded extensions in success path
[22m[39m2026-05-27 22:55:30 [extension-loader] [34mdebug[39m: [create] createSdkSession loaderCwd=/cwd processCwd=E:\project\node\nekocode NODE_PATH=

[90mstdout[2m | src/tests/extension-loader.test.ts[2m > [22m[2mloadWithFallback[2m > [22m[2mlogs loaded extensions in success path
[22m[39m2026-05-27 22:55:30 [extension-loader] [32minfo[39m: [create] Extensions loaded: 2, errors: 0
2026-05-27 22:55:30 [extension-loader] [32minfo[39m: [create] Extension: /ext/a.ts
2026-05-27 22:55:30 [extension-loader] [32minfo[39m: [create] Extension: /ext/b.ts

[90mstdout[2m | src/tests/extension-loader.test.ts[2m > [22m[2mloadWithFallback[2m > [22m[2muses reconnect mode in fallback marker path
[22m[39m2026-05-27 22:55:30 [extension-loader] [34mdebug[39m: [reconnect] createSdkSession loaderCwd=/cwd processCwd=E:\project\node\nekocode NODE_PATH=

[90mstdout[2m | src/tests/extension-loader.test.ts[2m > [22m[2mloadWithFallback[2m > [22m[2muses reconnect mode in fallback marker path
[22m[39m2026-05-27 22:55:30 [extension-loader] [33mwarn[39m: [reconnect] Detected systemic extension loader failure signature, retrying with extensions disabled

[90mstdout[2m | src/tests/extension-loader.test.ts[2m > [22m[2mloadWithFallback[2m > [22m[2muses reconnect mode in fallback marker path
[22m[39m2026-05-27 22:55:30 [extension-loader] [34mdebug[39m: [reconnect-noext] createSdkSession loaderCwd=/cwd processCwd=E:\project\node\nekocode NODE_PATH=

[90mstdout[2m | src/tests/extension-loader.test.ts[2m > [22m[2mloadWithFallback[2m > [22m[2muses reconnect mode in fallback marker path
[22m[39m2026-05-27 22:55:30 [extension-loader] [33mwarn[39m: [reconnect] Primary extension load failed (1); fallback without extensions succeeded
2026-05-27 22:55:30 [extension-loader] [33mwarn[39m: [reconnect] Reconnect fallback engaged: extensions disabled for this session due to systemic extension loader failure (primaryErrors=1)
2026-05-27 22:55:30 [extension-loader] [32minfo[39m: [reconnect] Extensions loaded: 0, errors: 0

[90mstdout[2m | src/tests/extension-loader.test.ts[2m > [22m[2mloadWithFallback[2m > [22m[2mcalls getSdkSessionManager factory twice when fallback is needed
[22m[39m2026-05-27 22:55:30 [extension-loader] [34mdebug[39m: [create] createSdkSession loaderCwd=/cwd processCwd=E:\project\node\nekocode NODE_PATH=

[90mstdout[2m | src/tests/extension-loader.test.ts[2m > [22m[2mloadWithFallback[2m > [22m[2mcalls getSdkSessionManager factory twice when fallback is needed
[22m[39m2026-05-27 22:55:30 [extension-loader] [33mwarn[39m: [create] Detected systemic extension loader failure signature, retrying with extensions disabled

[90mstdout[2m | src/tests/extension-loader.test.ts[2m > [22m[2mloadWithFallback[2m > [22m[2mcalls getSdkSessionManager factory twice when fallback is needed
[22m[39m2026-05-27 22:55:30 [extension-loader] [34mdebug[39m: [create-noext] createSdkSession loaderCwd=/cwd processCwd=E:\project\node\nekocode NODE_PATH=

[90mstdout[2m | src/tests/extension-loader.test.ts[2m > [22m[2mloadWithFallback[2m > [22m[2mcalls getSdkSessionManager factory twice when fallback is needed
[22m[39m2026-05-27 22:55:30 [extension-loader] [33mwarn[39m: [create] Primary extension load failed (1); fallback without extensions succeeded
2026-05-27 22:55:30 [extension-loader] [33mwarn[39m: [create] Create fallback engaged: extensions disabled for this session due to systemic extension loader failure (primaryErrors=1)
2026-05-27 22:55:30 [extension-loader] [32minfo[39m: [create] Extensions loaded: 0, errors: 0

[90mstdout[2m | src/tests/extension-loader.test.ts[2m > [22m[2mlogExtensionErrors - STRESS TESTS[2m > [22m[2mhandles marker-only errors without throwing
[22m[39m2026-05-27 22:55:30 [extension-loader] [33mwarn[39m: [create] marker error

[90mstdout[2m | src/tests/extension-loader.test.ts[2m > [22m[2mloadWithFallback - STRESS TESTS[2m > [22m[2mhandles concurrent loadWithFallback calls
[22m[39m2026-05-27 22:55:30 [extension-loader] [34mdebug[39m: [create] createSdkSession loaderCwd=/cwd1 processCwd=E:\project\node\nekocode NODE_PATH=
2026-05-27 22:55:30 [extension-loader] [34mdebug[39m: [create] createSdkSession loaderCwd=/cwd2 processCwd=E:\project\node\nekocode NODE_PATH=
2026-05-27 22:55:30 [extension-loader] [34mdebug[39m: [create] createSdkSession loaderCwd=/cwd3 processCwd=E:\project\node\nekocode NODE_PATH=

[90mstdout[2m | src/tests/extension-loader.test.ts[2m > [22m[2mloadWithFallback - STRESS TESTS[2m > [22m[2mhandles concurrent loadWithFallback calls
[22m[39m2026-05-27 22:55:30 [extension-loader] [32minfo[39m: [create] Extensions loaded: 1, errors: 0
2026-05-27 22:55:30 [extension-loader] [32minfo[39m: [create] Extension: /ext.ts
2026-05-27 22:55:30 [extension-loader] [32minfo[39m: [create] Extensions loaded: 1, errors: 0
2026-05-27 22:55:30 [extension-loader] [32minfo[39m: [create] Extension: /ext.ts
2026-05-27 22:55:30 [extension-loader] [32minfo[39m: [create] Extensions loaded: 1, errors: 0
2026-05-27 22:55:30 [extension-loader] [32minfo[39m: [create] Extension: /ext.ts

[90mstdout[2m | src/tests/extension-loader.test.ts[2m > [22m[2mloadWithFallback - STRESS TESTS[2m > [22m[2mhandles async factory function
[22m[39m2026-05-27 22:55:30 [extension-loader] [34mdebug[39m: [create] createSdkSession loaderCwd=/cwd processCwd=E:\project\node\nekocode NODE_PATH=

[90mstdout[2m | src/tests/extension-loader.test.ts[2m > [22m[2mloadWithFallback - STRESS TESTS[2m > [22m[2mhandles async factory function
[22m[39m2026-05-27 22:55:30 [extension-loader] [32minfo[39m: [create] Extensions loaded: 0, errors: 0

[90mstdout[2m | src/tests/extension-loader.test.ts[2m > [22m[2mloadWithFallback - STRESS TESTS[2m > [22m[2mhandles fallback with partial extension success
[22m[39m2026-05-27 22:55:30 [extension-loader] [34mdebug[39m: [create] createSdkSession loaderCwd=/cwd processCwd=E:\project\node\nekocode NODE_PATH=

[90mstdout[2m | src/tests/extension-loader.test.ts[2m > [22m[2mloadWithFallback - STRESS TESTS[2m > [22m[2mhandles fallback with partial extension success
[22m[39m2026-05-27 22:55:30 [extension-loader] [31merror[39m: [create] Extension load errors (1)
2026-05-27 22:55:30 [extension-loader] [31merror[39m: [create] Extension error fingerprint: uniform-message across all failures -> (void 0) is not a function
2026-05-27 22:55:30 [extension-loader] [31merror[39m: [create] Extension diagnostics: no stack traces provided by SDK error payload
2026-05-27 22:55:30 [extension-loader] [31merror[39m: [create] Extension load error path=/failed.ts message=(void 0) is not a function
2026-05-27 22:55:30 [extension-loader] [32minfo[39m: [create] Extensions loaded: 1, errors: 1
2026-05-27 22:55:30 [extension-loader] [32minfo[39m: [create] Extension: /loaded.ts

[90mstdout[2m | src/tests/extension-loader.test.ts[2m > [22m[2mloadWithFallback - STRESS TESTS[2m > [22m[2mrejects when fallback is disabled and systemic failure detected
[22m[39m2026-05-27 22:55:30 [extension-loader] [34mdebug[39m: [create] createSdkSession loaderCwd=/cwd processCwd=E:\project\node\nekocode NODE_PATH=

[90mstdout[2m | src/tests/extension-loader.test.ts[2m > [22m[2mloadWithFallback - STRESS TESTS[2m > [22m[2mrejects when fallback is disabled and systemic failure detected
[22m[39m2026-05-27 22:55:30 [extension-loader] [31merror[39m: [create] Extension load errors (2)
2026-05-27 22:55:30 [extension-loader] [31merror[39m: [create] Extension error fingerprint: uniform-message across all failures -> (void 0) is not a function
2026-05-27 22:55:30 [extension-loader] [31merror[39m: [create] Extension diagnostics: no stack traces provided by SDK error payload
2026-05-27 22:55:30 [extension-loader] [31merror[39m: [create] Extension load error path=/a.ts message=(void 0) is not a function
2026-05-27 22:55:30 [extension-loader] [31merror[39m: [create] Extension load error path=/b.ts message=(void 0) is not a function

 [32m✓[39m src/tests/extension-loader.test.ts [2m([22m[2m57 tests[22m[2m)[22m[32m 50[2mms[22m[39m






[90mstdout[2m | src/tests/main/electron-ui-context.test.ts
[22m[39mDownloading Electron binary...

[90mstdout[2m | src/tests/main/electron-ui-context.test.ts[2m > [22m[2mElectronUIContext[2m > [22m[2msends a select UIRequest via transport
[22m[39m2026-05-27 22:55:34 [ElectronUIContext] [34mdebug[39m: ElectronUIContext: sent select request ui-sess-123-1-1779897334442 for session sess-1234abcd
2026-05-27 22:55:34 [ElectronUIContext] [32minfo[39m: handleResponse: resolving request ui-sess-123-1-1779897334442 for session sess-1234abcd, confirmed=true

[90mstdout[2m | src/tests/main/electron-ui-context.test.ts[2m > [22m[2mElectronUIContext[2m > [22m[2mresolves select with undefined when user cancels
[22m[39m2026-05-27 22:55:34 [ElectronUIContext] [34mdebug[39m: ElectronUIContext: sent select request ui-sess-123-1-1779897334451 for session sess-1234abcd
2026-05-27 22:55:34 [ElectronUIContext] [32minfo[39m: handleResponse: resolving request ui-sess-123-1-1779897334451 for session sess-1234abcd, confirmed=false

[90mstdout[2m | src/tests/main/electron-ui-context.test.ts[2m > [22m[2mElectronUIContext[2m > [22m[2msends a confirm UIRequest via transport
[22m[39m2026-05-27 22:55:34 [ElectronUIContext] [34mdebug[39m: ElectronUIContext: sent confirm request ui-sess-123-1-1779897334452 for session sess-1234abcd
2026-05-27 22:55:34 [ElectronUIContext] [32minfo[39m: handleResponse: resolving request ui-sess-123-1-1779897334452 for session sess-1234abcd, confirmed=true

[90mstdout[2m | src/tests/main/electron-ui-context.test.ts[2m > [22m[2mElectronUIContext[2m > [22m[2mresolves confirm with undefined when user cancels
[22m[39m2026-05-27 22:55:34 [ElectronUIContext] [34mdebug[39m: ElectronUIContext: sent confirm request ui-sess-123-1-1779897334454 for session sess-1234abcd
2026-05-27 22:55:34 [ElectronUIContext] [32minfo[39m: handleResponse: resolving request ui-sess-123-1-1779897334454 for session sess-1234abcd, confirmed=false

[90mstdout[2m | src/tests/main/electron-ui-context.test.ts[2m > [22m[2mElectronUIContext[2m > [22m[2msends an input UIRequest via transport
[22m[39m2026-05-27 22:55:34 [ElectronUIContext] [34mdebug[39m: ElectronUIContext: sent input request ui-sess-123-1-1779897334456 for session sess-1234abcd
2026-05-27 22:55:34 [ElectronUIContext] [32minfo[39m: handleResponse: resolving request ui-sess-123-1-1779897334456 for session sess-1234abcd, confirmed=true

[90mstdout[2m | src/tests/main/electron-ui-context.test.ts[2m > [22m[2mElectronUIContext[2m > [22m[2mresolves input with undefined when user cancels
[22m[39m2026-05-27 22:55:34 [ElectronUIContext] [34mdebug[39m: ElectronUIContext: sent input request ui-sess-123-1-1779897334457 for session sess-1234abcd
2026-05-27 22:55:34 [ElectronUIContext] [32minfo[39m: handleResponse: resolving request ui-sess-123-1-1779897334457 for session sess-1234abcd, confirmed=false

[90mstdout[2m | src/tests/main/electron-ui-context.test.ts[2m > [22m[2mElectronUIContext[2m > [22m[2mignores response for unknown request ID
[22m[39m2026-05-27 22:55:34 [ElectronUIContext] [33mwarn[39m: handleResponse: no pending request for ID unknown-id (session sess-1234abcd). This could indicate a stale or duplicate response.

[90mstdout[2m | src/tests/main/electron-ui-context.test.ts[2m > [22m[2mElectronUIContext[2m > [22m[2mresolves with selectedValue when confirmed with selectedValue
[22m[39m2026-05-27 22:55:34 [ElectronUIContext] [34mdebug[39m: ElectronUIContext: sent select request ui-sess-123-1-1779897334460 for session sess-1234abcd
2026-05-27 22:55:34 [ElectronUIContext] [32minfo[39m: handleResponse: resolving request ui-sess-123-1-1779897334460 for session sess-1234abcd, confirmed=true

[90mstdout[2m | src/tests/main/electron-ui-context.test.ts[2m > [22m[2mElectronUIContext[2m > [22m[2mresolves with inputValue when confirmed with inputValue
[22m[39m2026-05-27 22:55:34 [ElectronUIContext] [34mdebug[39m: ElectronUIContext: sent input request ui-sess-123-1-1779897334461 for session sess-1234abcd
2026-05-27 22:55:34 [ElectronUIContext] [32minfo[39m: handleResponse: resolving request ui-sess-123-1-1779897334461 for session sess-1234abcd, confirmed=true

[90mstdout[2m | src/tests/main/electron-ui-context.test.ts[2m > [22m[2mElectronUIContext[2m > [22m[2mresolves with undefined when request times out
[22m[39m2026-05-27 22:55:34 [ElectronUIContext] [34mdebug[39m: ElectronUIContext: sent select request ui-sess-123-1-1779897334463 for session sess-1234abcd

[90mstdout[2m | src/tests/main/electron-ui-context.test.ts[2m > [22m[2mElectronUIContext[2m > [22m[2mcancels request when AbortSignal is aborted
[22m[39m2026-05-27 22:55:34 [ElectronUIContext] [34mdebug[39m: ElectronUIContext: sent select request ui-sess-123-1-1779897334467 for session sess-1234abcd

[90mstdout[2m | src/tests/main/electron-ui-context.test.ts[2m > [22m[2mElectronUIContext[2m > [22m[2mresolves all pending requests with undefined on dispose
[22m[39m2026-05-27 22:55:34 [ElectronUIContext] [34mdebug[39m: ElectronUIContext: sent select request ui-sess-123-1-1779897334468 for session sess-1234abcd
2026-05-27 22:55:34 [ElectronUIContext] [34mdebug[39m: ElectronUIContext: sent confirm request ui-sess-123-2-1779897334468 for session sess-1234abcd
2026-05-27 22:55:34 [ElectronUIContext] [34mdebug[39m: ElectronUIContext: sent input request ui-sess-123-3-1779897334468 for session sess-1234abcd

[90mstdout[2m | src/tests/main/electron-ui-context.test.ts[2m > [22m[2mElectronUIContext[2m > [22m[2mgenerates unique request IDs
[22m[39m2026-05-27 22:55:34 [ElectronUIContext] [34mdebug[39m: ElectronUIContext: sent select request ui-sess-123-1-1779897334469 for session sess-1234abcd
2026-05-27 22:55:34 [ElectronUIContext] [34mdebug[39m: ElectronUIContext: sent select request ui-sess-123-2-1779897334469 for session sess-1234abcd

[90mstdout[2m | src/tests/main/electron-ui-context.test.ts[2m > [22m[2mElectronUIContext[2m > [22m[2mnotify() does not throw
[22m[39m2026-05-27 22:55:34 [ElectronUIContext] [32minfo[39m: [UI notify] [info] hello
2026-05-27 22:55:34 [ElectronUIContext] [32minfo[39m: [UI notify] [warning] warning
2026-05-27 22:55:34 [ElectronUIContext] [32minfo[39m: [UI notify] [error] error

[90mstdout[2m | src/tests/main/electron-ui-context.test.ts[2m > [22m[2mElectronUIContext[2m > [22m[2msetStatus() does not throw
[22m[39m2026-05-27 22:55:34 [ElectronUIContext] [34mdebug[39m: [UI setStatus] key: value
2026-05-27 22:55:34 [ElectronUIContext] [34mdebug[39m: [UI setStatus] key: (cleared)

[90mstdout[2m | src/tests/main/electron-ui-context.test.ts[2m > [22m[2mElectronUIContext[2m > [22m[2monTerminalInput() returns a noop function
[22m[39m2026-05-27 22:55:34 [ElectronUIContext] [34mdebug[39m: onTerminalInput called in Electron mode - not applicable

[90mstdout[2m | src/tests/main/electron-ui-context.test.ts[2m > [22m[2mElectronUIContext[2m > [22m[2msetTheme() returns success without throwing
[22m[39m2026-05-27 22:55:34 [ElectronUIContext] [34mdebug[39m: [UI setTheme] synthwave — not applicable in Electron mode, returning success
2026-05-27 22:55:34 [ElectronUIContext] [34mdebug[39m: [UI setTheme] dark — not applicable in Electron mode, returning success

[90mstdout[2m | src/tests/main/electron-ui-context.test.ts[2m > [22m[2mElectronUIContext[2m > [22m[2msetTitle() does not throw
[22m[39m2026-05-27 22:55:34 [ElectronUIContext] [34mdebug[39m: [UI setTitle] pi - coms — not applicable in Electron mode, ignoring

[90mstdout[2m | src/tests/main/electron-ui-context.test.ts[2m > [22m[2mElectronUIContext[2m > [22m[2msetWorkingMessage() does not throw
[22m[39m2026-05-27 22:55:34 [ElectronUIContext] [34mdebug[39m: [UI setWorkingMessage] loading...
2026-05-27 22:55:34 [ElectronUIContext] [34mdebug[39m: [UI setWorkingMessage] (cleared)

[90mstdout[2m | src/tests/main/electron-ui-context.test.ts[2m > [22m[2mElectronUIContext[2m > [22m[2meditor() falls back to input()
[22m[39m2026-05-27 22:55:34 [ElectronUIContext] [34mdebug[39m: ElectronUIContext: sent input request ui-sess-123-1-1779897334478 for session sess-1234abcd

 [32m✓[39m src/tests/main/electron-ui-context.test.ts [2m([22m[2m32 tests[22m[2m)[22m[32m 45[2mms[22m[39m


[90mstdout[2m | src/tests/session-manager.test.ts
[22m[39mDownloading Electron binary...

[90mstdout[2m | src/tests/session-manager.test.ts[2m > [22m[2mPiSessionManager[2m > [22m[2mshould translate text_delta events through the batcher
[22m[39m2026-05-27 22:55:37 [extension-loader] [34mdebug[39m: [create] createSdkSession loaderCwd=/tmp/project processCwd=E:\project\node\nekocode NODE_PATH=

[90mstdout[2m | src/tests/session-manager.test.ts[2m > [22m[2mPiSessionManager[2m > [22m[2mshould translate text_delta events through the batcher
[22m[39m2026-05-27 22:55:37 [extension-loader] [32minfo[39m: [create] Extensions loaded: 0, errors: 0

[90mstdout[2m | src/tests/session-manager.test.ts[2m > [22m[2mPiSessionManager[2m > [22m[2mshould translate text_delta events through the batcher
[22m[39m2026-05-27 22:55:37 [session-manager] [32minfo[39m: Create sdk-session-ev7gq4y4 cwd=/tmp/project
2026-05-27 22:55:37 [stream-batcher] [34mdebug[39m: StreamBatcher created: interval=16ms
2026-05-27 22:55:37 [session-manager] [33mwarn[39m: wrapSession sdk-session-ev7gq4y4 - failed to bind ElectronUIContext: session.bindExtensions is not a function {"stack":"TypeError: session.bindExtensions is not a function\n    at PiSessionManager.wrapSession (E:/project/node/nekocode/src/main/session-manager.ts:452:15)\n    at PiSessionManager.create (E:/project/node/nekocode/src/main/session-manager.ts:79:26)\n    at processTicksAndRejections (node:internal/process/task_queues:105:5)\n    at E:/project/node/nekocode/src/tests/session-manager.test.ts:127:5\n    at file:///E:/project/node/nekocode/node_modules/@vitest/runner/dist/chunk-artifact.js:1903:20"}
2026-05-27 22:55:37 [session-manager] [32minfo[39m: Created sdk-session-ev7gq4y4

[90mstdout[2m | src/tests/session-manager.test.ts[2m > [22m[2mPiSessionManager[2m > [22m[2mshould translate text_delta events through the batcher
[22m[39m2026-05-27 22:55:37 [session-manager] [34mdebug[39m: handleAgentEvent: type=message_update
2026-05-27 22:55:37 [stream-batcher] [34mdebug[39m: push: accumulated 2 chars (delta=2)
2026-05-27 22:55:37 [session-manager] [34mdebug[39m: handleAgentEvent: type=message_update
2026-05-27 22:55:37 [stream-batcher] [34mdebug[39m: push: accumulated 8 chars (delta=6)
2026-05-27 22:55:37 [stream-batcher] [34mdebug[39m: flush: 8 chars

[90mstdout[2m | src/tests/session-manager.test.ts[2m > [22m[2mPiSessionManager[2m > [22m[2mshould pass tool_call events through immediately
[22m[39m2026-05-27 22:55:37 [extension-loader] [34mdebug[39m: [create] createSdkSession loaderCwd=/tmp/project processCwd=E:\project\node\nekocode NODE_PATH=

[90mstdout[2m | src/tests/session-manager.test.ts[2m > [22m[2mPiSessionManager[2m > [22m[2mshould pass tool_call events through immediately
[22m[39m2026-05-27 22:55:37 [extension-loader] [32minfo[39m: [create] Extensions loaded: 0, errors: 0

[90mstdout[2m | src/tests/session-manager.test.ts[2m > [22m[2mPiSessionManager[2m > [22m[2mshould pass tool_call events through immediately
[22m[39m2026-05-27 22:55:37 [session-manager] [32minfo[39m: Create sdk-session-4ay8t3ok cwd=/tmp/project
2026-05-27 22:55:37 [stream-batcher] [34mdebug[39m: StreamBatcher created: interval=16ms
2026-05-27 22:55:37 [session-manager] [33mwarn[39m: wrapSession sdk-session-4ay8t3ok - failed to bind ElectronUIContext: session.bindExtensions is not a function {"stack":"TypeError: session.bindExtensions is not a function\n    at PiSessionManager.wrapSession (E:/project/node/nekocode/src/main/session-manager.ts:452:15)\n    at PiSessionManager.create (E:/project/node/nekocode/src/main/session-manager.ts:79:26)\n    at processTicksAndRejections (node:internal/process/task_queues:105:5)\n    at E:/project/node/nekocode/src/tests/session-manager.test.ts:150:5\n    at file:///E:/project/node/nekocode/node_modules/@vitest/runner/dist/chunk-artifact.js:1903:20"}
2026-05-27 22:55:37 [session-manager] [32minfo[39m: Created sdk-session-4ay8t3ok

[90mstdout[2m | src/tests/session-manager.test.ts[2m > [22m[2mPiSessionManager[2m > [22m[2mshould pass tool_call events through immediately
[22m[39m2026-05-27 22:55:37 [session-manager] [34mdebug[39m: handleAgentEvent: type=tool_execution_start
2026-05-27 22:55:37 [session-manager] [34mdebug[39m: tool_execution_start: name=bash, id=tc-1, args={"command":"ls"}
2026-05-27 22:55:37 [session-manager] [34mdebug[39m: emit: tool_call

[90mstdout[2m | src/tests/session-manager.test.ts[2m > [22m[2mPiSessionManager[2m > [22m[2mshould pass tool_result events through immediately
[22m[39m2026-05-27 22:55:37 [extension-loader] [34mdebug[39m: [create] createSdkSession loaderCwd=/tmp/project processCwd=E:\project\node\nekocode NODE_PATH=

[90mstdout[2m | src/tests/session-manager.test.ts[2m > [22m[2mPiSessionManager[2m > [22m[2mshould pass tool_result events through immediately
[22m[39m2026-05-27 22:55:37 [extension-loader] [32minfo[39m: [create] Extensions loaded: 0, errors: 0

[90mstdout[2m | src/tests/session-manager.test.ts[2m > [22m[2mPiSessionManager[2m > [22m[2mshould pass tool_result events through immediately
[22m[39m2026-05-27 22:55:37 [session-manager] [32minfo[39m: Create sdk-session-4qd778c3 cwd=/tmp/project
2026-05-27 22:55:37 [stream-batcher] [34mdebug[39m: StreamBatcher created: interval=16ms
2026-05-27 22:55:37 [session-manager] [33mwarn[39m: wrapSession sdk-session-4qd778c3 - failed to bind ElectronUIContext: session.bindExtensions is not a function {"stack":"TypeError: session.bindExtensions is not a function\n    at PiSessionManager.wrapSession (E:/project/node/nekocode/src/main/session-manager.ts:452:15)\n    at PiSessionManager.create (E:/project/node/nekocode/src/main/session-manager.ts:79:26)\n    at processTicksAndRejections (node:internal/process/task_queues:105:5)\n    at E:/project/node/nekocode/src/tests/session-manager.test.ts:164:5\n    at file:///E:/project/node/nekocode/node_modules/@vitest/runner/dist/chunk-artifact.js:1903:20"}
2026-05-27 22:55:37 [session-manager] [32minfo[39m: Created sdk-session-4qd778c3

[90mstdout[2m | src/tests/session-manager.test.ts[2m > [22m[2mPiSessionManager[2m > [22m[2mshould pass tool_result events through immediately
[22m[39m2026-05-27 22:55:37 [session-manager] [34mdebug[39m: handleAgentEvent: type=tool_execution_end
2026-05-27 22:55:37 [session-manager] [34mdebug[39m: tool_execution_end: name=bash, id=tc-1, isError=false, result="file1.txt\nfile2.txt"
2026-05-27 22:55:37 [session-manager] [34mdebug[39m: emit: tool_result

[90mstdout[2m | src/tests/session-manager.test.ts[2m > [22m[2mPiSessionManager[2m > [22m[2mshould emit done on agent_end and flush pending text
[22m[39m2026-05-27 22:55:37 [extension-loader] [34mdebug[39m: [create] createSdkSession loaderCwd=/tmp/project processCwd=E:\project\node\nekocode NODE_PATH=

[90mstdout[2m | src/tests/session-manager.test.ts[2m > [22m[2mPiSessionManager[2m > [22m[2mshould emit done on agent_end and flush pending text
[22m[39m2026-05-27 22:55:37 [extension-loader] [32minfo[39m: [create] Extensions loaded: 0, errors: 0

[90mstdout[2m | src/tests/session-manager.test.ts[2m > [22m[2mPiSessionManager[2m > [22m[2mshould emit done on agent_end and flush pending text
[22m[39m2026-05-27 22:55:37 [session-manager] [32minfo[39m: Create sdk-session-pn2va4u3 cwd=/tmp/project
2026-05-27 22:55:37 [stream-batcher] [34mdebug[39m: StreamBatcher created: interval=16ms
2026-05-27 22:55:37 [session-manager] [33mwarn[39m: wrapSession sdk-session-pn2va4u3 - failed to bind ElectronUIContext: session.bindExtensions is not a function {"stack":"TypeError: session.bindExtensions is not a function\n    at PiSessionManager.wrapSession (E:/project/node/nekocode/src/main/session-manager.ts:452:15)\n    at PiSessionManager.create (E:/project/node/nekocode/src/main/session-manager.ts:79:26)\n    at processTicksAndRejections (node:internal/process/task_queues:105:5)\n    at E:/project/node/nekocode/src/tests/session-manager.test.ts:185:5\n    at file:///E:/project/node/nekocode/node_modules/@vitest/runner/dist/chunk-artifact.js:1903:20"}
2026-05-27 22:55:37 [session-manager] [32minfo[39m: Created sdk-session-pn2va4u3

[90mstdout[2m | src/tests/session-manager.test.ts[2m > [22m[2mPiSessionManager[2m > [22m[2mshould emit done on agent_end and flush pending text
[22m[39m2026-05-27 22:55:37 [session-manager] [34mdebug[39m: handleAgentEvent: type=message_update
2026-05-27 22:55:37 [stream-batcher] [34mdebug[39m: push: accumulated 5 chars (delta=5)
2026-05-27 22:55:37 [session-manager] [34mdebug[39m: handleAgentEvent: type=agent_end
2026-05-27 22:55:37 [stream-batcher] [34mdebug[39m: flush: 5 chars
2026-05-27 22:55:37 [session-manager] [34mdebug[39m: finalizeAssistantMessage: id=d0e1c9d2-a571-4443-8baf-11f1e65bfbc6 content=5 chars
2026-05-27 22:55:37 [session-manager] [34mdebug[39m: finalizeAssistantMessage: total messages now 1
2026-05-27 22:55:37 [session-manager] [34mdebug[39m: agent_end: total accumulated messages=1
2026-05-27 22:55:37 [session-manager] [34mdebug[39m: emit: done

[90mstdout[2m | src/tests/session-manager.test.ts[2m > [22m[2mPiSessionManager[2m > [22m[2mshould emit agent_start on turn_start for continued agent work
[22m[39m2026-05-27 22:55:37 [extension-loader] [34mdebug[39m: [create] createSdkSession loaderCwd=/tmp/project processCwd=E:\project\node\nekocode NODE_PATH=

[90mstdout[2m | src/tests/session-manager.test.ts[2m > [22m[2mPiSessionManager[2m > [22m[2mshould emit agent_start on turn_start for continued agent work
[22m[39m2026-05-27 22:55:37 [extension-loader] [32minfo[39m: [create] Extensions loaded: 0, errors: 0

[90mstdout[2m | src/tests/session-manager.test.ts[2m > [22m[2mPiSessionManager[2m > [22m[2mshould emit agent_start on turn_start for continued agent work
[22m[39m2026-05-27 22:55:37 [session-manager] [32minfo[39m: Create sdk-session-6b1u8goj cwd=/tmp/project
2026-05-27 22:55:37 [stream-batcher] [34mdebug[39m: StreamBatcher created: interval=16ms
2026-05-27 22:55:37 [session-manager] [33mwarn[39m: wrapSession sdk-session-6b1u8goj - failed to bind ElectronUIContext: session.bindExtensions is not a function {"stack":"TypeError: session.bindExtensions is not a function\n    at PiSessionManager.wrapSession (E:/project/node/nekocode/src/main/session-manager.ts:452:15)\n    at PiSessionManager.create (E:/project/node/nekocode/src/main/session-manager.ts:79:26)\n    at processTicksAndRejections (node:internal/process/task_queues:105:5)\n    at E:/project/node/nekocode/src/tests/session-manager.test.ts:201:5\n    at file:///E:/project/node/nekocode/node_modules/@vitest/runner/dist/chunk-artifact.js:1903:20"}
2026-05-27 22:55:37 [session-manager] [32minfo[39m: Created sdk-session-6b1u8goj

[90mstdout[2m | src/tests/session-manager.test.ts[2m > [22m[2mPiSessionManager[2m > [22m[2mshould emit agent_start on turn_start for continued agent work
[22m[39m2026-05-27 22:55:37 [session-manager] [34mdebug[39m: handleAgentEvent: type=turn_start
2026-05-27 22:55:37 [session-manager] [34mdebug[39m: turn_start: emitting agent_start for continued work
2026-05-27 22:55:37 [session-manager] [34mdebug[39m: emit: agent_start

[90mstdout[2m | src/tests/session-manager.test.ts[2m > [22m[2mPiSessionManager[2m > [22m[2mshould ignore purely internal bookkeeping events
[22m[39m2026-05-27 22:55:37 [extension-loader] [34mdebug[39m: [create] createSdkSession loaderCwd=/tmp/project processCwd=E:\project\node\nekocode NODE_PATH=

[90mstdout[2m | src/tests/session-manager.test.ts[2m > [22m[2mPiSessionManager[2m > [22m[2mshould ignore purely internal bookkeeping events
[22m[39m2026-05-27 22:55:37 [extension-loader] [32minfo[39m: [create] Extensions loaded: 0, errors: 0

[90mstdout[2m | src/tests/session-manager.test.ts[2m > [22m[2mPiSessionManager[2m > [22m[2mshould ignore purely internal bookkeeping events
[22m[39m2026-05-27 22:55:37 [session-manager] [32minfo[39m: Create sdk-session-ed4h3mcy cwd=/tmp/project
2026-05-27 22:55:37 [stream-batcher] [34mdebug[39m: StreamBatcher created: interval=16ms
2026-05-27 22:55:37 [session-manager] [33mwarn[39m: wrapSession sdk-session-ed4h3mcy - failed to bind ElectronUIContext: session.bindExtensions is not a function {"stack":"TypeError: session.bindExtensions is not a function\n    at PiSessionManager.wrapSession (E:/project/node/nekocode/src/main/session-manager.ts:452:15)\n    at PiSessionManager.create (E:/project/node/nekocode/src/main/session-manager.ts:79:26)\n    at processTicksAndRejections (node:internal/process/task_queues:105:5)\n    at E:/project/node/nekocode/src/tests/session-manager.test.ts:211:5\n    at file:///E:/project/node/nekocode/node_modules/@vitest/runner/dist/chunk-artifact.js:1903:20"}
2026-05-27 22:55:37 [session-manager] [32minfo[39m: Created sdk-session-ed4h3mcy

[90mstdout[2m | src/tests/session-manager.test.ts[2m > [22m[2mPiSessionManager[2m > [22m[2mshould ignore purely internal bookkeeping events
[22m[39m2026-05-27 22:55:37 [session-manager] [34mdebug[39m: handleAgentEvent: type=turn_end
2026-05-27 22:55:37 [session-manager] [34mdebug[39m: handleAgentEvent: type=tool_execution_update
2026-05-27 22:55:37 [session-manager] [34mdebug[39m: unhandled event type: tool_execution_update

[90mstdout[2m | src/tests/session-manager.test.ts[2m > [22m[2mPiSessionManager[2m > [22m[2mshould record user messages on message_start
[22m[39m2026-05-27 22:55:37 [extension-loader] [34mdebug[39m: [create] createSdkSession loaderCwd=/tmp/project processCwd=E:\project\node\nekocode NODE_PATH=

[90mstdout[2m | src/tests/session-manager.test.ts[2m > [22m[2mPiSessionManager[2m > [22m[2mshould record user messages on message_start
[22m[39m2026-05-27 22:55:37 [extension-loader] [32minfo[39m: [create] Extensions loaded: 0, errors: 0

[90mstdout[2m | src/tests/session-manager.test.ts[2m > [22m[2mPiSessionManager[2m > [22m[2mshould record user messages on message_start
[22m[39m2026-05-27 22:55:37 [session-manager] [32minfo[39m: Create sdk-session-htcuga5n cwd=/tmp/project
2026-05-27 22:55:37 [stream-batcher] [34mdebug[39m: StreamBatcher created: interval=16ms
2026-05-27 22:55:37 [session-manager] [33mwarn[39m: wrapSession sdk-session-htcuga5n - failed to bind ElectronUIContext: session.bindExtensions is not a function {"stack":"TypeError: session.bindExtensions is not a function\n    at PiSessionManager.wrapSession (E:/project/node/nekocode/src/main/session-manager.ts:452:15)\n    at PiSessionManager.create (E:/project/node/nekocode/src/main/session-manager.ts:79:26)\n    at processTicksAndRejections (node:internal/process/task_queues:105:5)\n    at E:/project/node/nekocode/src/tests/session-manager.test.ts:224:16\n    at file:///E:/project/node/nekocode/node_modules/@vitest/runner/dist/chunk-artifact.js:1903:20"}
2026-05-27 22:55:37 [session-manager] [32minfo[39m: Created sdk-session-htcuga5n

[90mstdout[2m | src/tests/session-manager.test.ts[2m > [22m[2mPiSessionManager[2m > [22m[2mshould record user messages on message_start
[22m[39m2026-05-27 22:55:37 [session-manager] [34mdebug[39m: handleAgentEvent: type=message_start
2026-05-27 22:55:37 [session-manager] [34mdebug[39m: message_start: role=user
2026-05-27 22:55:37 [session-manager] [34mdebug[39m: message_start: recorded user message, content=11 chars, total=1
2026-05-27 22:55:37 [session-manager] [34mdebug[39m: getHistory sdk-session-htcuga5n - returning 1 message(s)

[90mstdout[2m | src/tests/session-manager.test.ts[2m > [22m[2mPiSessionManager[2m > [22m[2mshould accumulate assistant messages and finalize on agent_end
[22m[39m2026-05-27 22:55:37 [extension-loader] [34mdebug[39m: [create] createSdkSession loaderCwd=/tmp/project processCwd=E:\project\node\nekocode NODE_PATH=

[90mstdout[2m | src/tests/session-manager.test.ts[2m > [22m[2mPiSessionManager[2m > [22m[2mshould accumulate assistant messages and finalize on agent_end
[22m[39m2026-05-27 22:55:37 [extension-loader] [32minfo[39m: [create] Extensions loaded: 0, errors: 0

[90mstdout[2m | src/tests/session-manager.test.ts[2m > [22m[2mPiSessionManager[2m > [22m[2mshould accumulate assistant messages and finalize on agent_end
[22m[39m2026-05-27 22:55:37 [session-manager] [32minfo[39m: Create sdk-session-dg2gavqw cwd=/tmp/project
2026-05-27 22:55:37 [stream-batcher] [34mdebug[39m: StreamBatcher created: interval=16ms
2026-05-27 22:55:37 [session-manager] [33mwarn[39m: wrapSession sdk-session-dg2gavqw - failed to bind ElectronUIContext: session.bindExtensions is not a function {"stack":"TypeError: session.bindExtensions is not a function\n    at PiSessionManager.wrapSession (E:/project/node/nekocode/src/main/session-manager.ts:452:15)\n    at PiSessionManager.create (E:/project/node/nekocode/src/main/session-manager.ts:79:26)\n    at processTicksAndRejections (node:internal/process/task_queues:105:5)\n    at E:/project/node/nekocode/src/tests/session-manager.test.ts:237:16\n    at file:///E:/project/node/nekocode/node_modules/@vitest/runner/dist/chunk-artifact.js:1903:20"}
2026-05-27 22:55:37 [session-manager] [32minfo[39m: Created sdk-session-dg2gavqw

[90mstdout[2m | src/tests/session-manager.test.ts[2m > [22m[2mPiSessionManager[2m > [22m[2mshould accumulate assistant messages and finalize on agent_end
[22m[39m2026-05-27 22:55:37 [session-manager] [34mdebug[39m: handleAgentEvent: type=message_update
2026-05-27 22:55:37 [stream-batcher] [34mdebug[39m: push: accumulated 5 chars (delta=5)
2026-05-27 22:55:37 [session-manager] [34mdebug[39m: handleAgentEvent: type=message_update
2026-05-27 22:55:37 [stream-batcher] [34mdebug[39m: push: accumulated 11 chars (delta=6)
2026-05-27 22:55:37 [session-manager] [34mdebug[39m: handleAgentEvent: type=agent_end
2026-05-27 22:55:37 [stream-batcher] [34mdebug[39m: flush: 11 chars
2026-05-27 22:55:37 [session-manager] [34mdebug[39m: finalizeAssistantMessage: id=89c3866c-f502-404a-b62f-a8350f5bdb58 content=11 chars
2026-05-27 22:55:37 [session-manager] [34mdebug[39m: finalizeAssistantMessage: total messages now 1
2026-05-27 22:55:37 [session-manager] [34mdebug[39m: agent_end: total accumulated messages=1
2026-05-27 22:55:37 [session-manager] [34mdebug[39m: emit: done
2026-05-27 22:55:37 [session-manager] [34mdebug[39m: getHistory sdk-session-dg2gavqw - returning 1 message(s)

[90mstdout[2m | src/tests/session-manager.test.ts[2m > [22m[2mPiSessionManager[2m > [22m[2mshould record tool calls and results in history
[22m[39m2026-05-27 22:55:37 [extension-loader] [34mdebug[39m: [create] createSdkSession loaderCwd=/tmp/project processCwd=E:\project\node\nekocode NODE_PATH=

[90mstdout[2m | src/tests/session-manager.test.ts[2m > [22m[2mPiSessionManager[2m > [22m[2mshould record tool calls and results in history
[22m[39m2026-05-27 22:55:37 [extension-loader] [32minfo[39m: [create] Extensions loaded: 0, errors: 0

[90mstdout[2m | src/tests/session-manager.test.ts[2m > [22m[2mPiSessionManager[2m > [22m[2mshould record tool calls and results in history
[22m[39m2026-05-27 22:55:37 [session-manager] [32minfo[39m: Create sdk-session-hioy1ejz cwd=/tmp/project
2026-05-27 22:55:37 [stream-batcher] [34mdebug[39m: StreamBatcher created: interval=16ms
2026-05-27 22:55:37 [session-manager] [33mwarn[39m: wrapSession sdk-session-hioy1ejz - failed to bind ElectronUIContext: session.bindExtensions is not a function {"stack":"TypeError: session.bindExtensions is not a function\n    at PiSessionManager.wrapSession (E:/project/node/nekocode/src/main/session-manager.ts:452:15)\n    at PiSessionManager.create (E:/project/node/nekocode/src/main/session-manager.ts:79:26)\n    at processTicksAndRejections (node:internal/process/task_queues:105:5)\n    at E:/project/node/nekocode/src/tests/session-manager.test.ts:258:16\n    at file:///E:/project/node/nekocode/node_modules/@vitest/runner/dist/chunk-artifact.js:1903:20"}
2026-05-27 22:55:37 [session-manager] [32minfo[39m: Created sdk-session-hioy1ejz

[90mstdout[2m | src/tests/session-manager.test.ts[2m > [22m[2mPiSessionManager[2m > [22m[2mshould record tool calls and results in history
[22m[39m2026-05-27 22:55:37 [session-manager] [34mdebug[39m: handleAgentEvent: type=message_update
2026-05-27 22:55:37 [stream-batcher] [34mdebug[39m: push: accumulated 17 chars (delta=17)
2026-05-27 22:55:37 [session-manager] [34mdebug[39m: handleAgentEvent: type=tool_execution_start
2026-05-27 22:55:37 [stream-batcher] [34mdebug[39m: flush: 17 chars
2026-05-27 22:55:37 [session-manager] [34mdebug[39m: tool_execution_start: name=read, id=tc-1, args={"path":"file.txt"}
2026-05-27 22:55:37 [session-manager] [34mdebug[39m: emit: tool_call
2026-05-27 22:55:37 [session-manager] [34mdebug[39m: finalizeAssistantMessage: id=23c9e8cd-efb8-4518-99fe-9749e2e5bc48 content=17 chars
2026-05-27 22:55:37 [session-manager] [34mdebug[39m: finalizeAssistantMessage: total messages now 1
2026-05-27 22:55:37 [session-manager] [34mdebug[39m: handleAgentEvent: type=tool_execution_end
2026-05-27 22:55:37 [session-manager] [34mdebug[39m: tool_execution_end: name=read, id=tc-1, isError=false, result="file contents"
2026-05-27 22:55:37 [session-manager] [34mdebug[39m: emit: tool_result
2026-05-27 22:55:37 [session-manager] [34mdebug[39m: handleAgentEvent: type=agent_end
2026-05-27 22:55:37 [session-manager] [34mdebug[39m: agent_end: total accumulated messages=1
2026-05-27 22:55:37 [session-manager] [34mdebug[39m: emit: done
2026-05-27 22:55:37 [session-manager] [34mdebug[39m: getHistory sdk-session-hioy1ejz - returning 1 message(s)

[90mstdout[2m | src/tests/session-manager.test.ts[2m > [22m[2mPiSessionManager[2m > [22m[2mshould return empty history for a new session
[22m[39m2026-05-27 22:55:37 [extension-loader] [34mdebug[39m: [create] createSdkSession loaderCwd=/tmp/project processCwd=E:\project\node\nekocode NODE_PATH=

[90mstdout[2m | src/tests/session-manager.test.ts[2m > [22m[2mPiSessionManager[2m > [22m[2mshould return empty history for a new session
[22m[39m2026-05-27 22:55:37 [extension-loader] [32minfo[39m: [create] Extensions loaded: 0, errors: 0

[90mstdout[2m | src/tests/session-manager.test.ts[2m > [22m[2mPiSessionManager[2m > [22m[2mshould return empty history for a new session
[22m[39m2026-05-27 22:55:37 [session-manager] [32minfo[39m: Create sdk-session-0mk2tyxz cwd=/tmp/project
2026-05-27 22:55:37 [stream-batcher] [34mdebug[39m: StreamBatcher created: interval=16ms
2026-05-27 22:55:37 [session-manager] [33mwarn[39m: wrapSession sdk-session-0mk2tyxz - failed to bind ElectronUIContext: session.bindExtensions is not a function {"stack":"TypeError: session.bindExtensions is not a function\n    at PiSessionManager.wrapSession (E:/project/node/nekocode/src/main/session-manager.ts:452:15)\n    at PiSessionManager.create (E:/project/node/nekocode/src/main/session-manager.ts:79:26)\n    at processTicksAndRejections (node:internal/process/task_queues:105:5)\n    at E:/project/node/nekocode/src/tests/session-manager.test.ts:293:16\n    at file:///E:/project/node/nekocode/node_modules/@vitest/runner/dist/chunk-artifact.js:1903:20"}
2026-05-27 22:55:37 [session-manager] [32minfo[39m: Created sdk-session-0mk2tyxz

[90mstdout[2m | src/tests/session-manager.test.ts[2m > [22m[2mPiSessionManager[2m > [22m[2mshould return empty history for a new session
[22m[39m2026-05-27 22:55:37 [session-manager] [34mdebug[39m: getHistory sdk-session-0mk2tyxz - returning 0 message(s)

[90mstdout[2m | src/tests/session-manager.test.ts[2m > [22m[2mPiSessionManager[2m > [22m[2mshould flush pending text before tool_call events
[22m[39m2026-05-27 22:55:37 [extension-loader] [34mdebug[39m: [create] createSdkSession loaderCwd=/tmp/project processCwd=E:\project\node\nekocode NODE_PATH=

[90mstdout[2m | src/tests/session-manager.test.ts[2m > [22m[2mPiSessionManager[2m > [22m[2mshould flush pending text before tool_call events
[22m[39m2026-05-27 22:55:37 [extension-loader] [32minfo[39m: [create] Extensions loaded: 0, errors: 0

[90mstdout[2m | src/tests/session-manager.test.ts[2m > [22m[2mPiSessionManager[2m > [22m[2mshould flush pending text before tool_call events
[22m[39m2026-05-27 22:55:37 [session-manager] [32minfo[39m: Create sdk-session-tl7543go cwd=/tmp/project
2026-05-27 22:55:37 [stream-batcher] [34mdebug[39m: StreamBatcher created: interval=16ms
2026-05-27 22:55:37 [session-manager] [33mwarn[39m: wrapSession sdk-session-tl7543go - failed to bind ElectronUIContext: session.bindExtensions is not a function {"stack":"TypeError: session.bindExtensions is not a function\n    at PiSessionManager.wrapSession (E:/project/node/nekocode/src/main/session-manager.ts:452:15)\n    at PiSessionManager.create (E:/project/node/nekocode/src/main/session-manager.ts:79:26)\n    at processTicksAndRejections (node:internal/process/task_queues:105:5)\n    at E:/project/node/nekocode/src/tests/session-manager.test.ts:299:5\n    at file:///E:/project/node/nekocode/node_modules/@vitest/runner/dist/chunk-artifact.js:1903:20"}
2026-05-27 22:55:37 [session-manager] [32minfo[39m: Created sdk-session-tl7543go

[90mstdout[2m | src/tests/session-manager.test.ts[2m > [22m[2mPiSessionManager[2m > [22m[2mshould flush pending text before tool_call events
[22m[39m2026-05-27 22:55:37 [session-manager] [34mdebug[39m: handleAgentEvent: type=message_update
2026-05-27 22:55:37 [stream-batcher] [34mdebug[39m: push: accumulated 11 chars (delta=11)
2026-05-27 22:55:37 [session-manager] [34mdebug[39m: handleAgentEvent: type=tool_execution_start
2026-05-27 22:55:37 [stream-batcher] [34mdebug[39m: flush: 11 chars
2026-05-27 22:55:37 [session-manager] [34mdebug[39m: tool_execution_start: name=read, id=tc-1, args={"path":"file.txt"}
2026-05-27 22:55:37 [session-manager] [34mdebug[39m: emit: tool_call
2026-05-27 22:55:37 [session-manager] [34mdebug[39m: finalizeAssistantMessage: id=024d16aa-6091-4141-bec1-3df1eeee4725 content=11 chars
2026-05-27 22:55:37 [session-manager] [34mdebug[39m: finalizeAssistantMessage: total messages now 1

[90mstdout[2m | src/tests/session-manager.test.ts[2m > [22m[2mPiSessionManager[2m > [22m[2mshould support concurrent sessions with independent event streams
[22m[39m2026-05-27 22:55:37 [extension-loader] [34mdebug[39m: [create] createSdkSession loaderCwd=/tmp/project-a processCwd=E:\project\node\nekocode NODE_PATH=

[90mstdout[2m | src/tests/session-manager.test.ts[2m > [22m[2mPiSessionManager[2m > [22m[2mshould support concurrent sessions with independent event streams
[22m[39m2026-05-27 22:55:37 [extension-loader] [32minfo[39m: [create] Extensions loaded: 0, errors: 0

[90mstdout[2m | src/tests/session-manager.test.ts[2m > [22m[2mPiSessionManager[2m > [22m[2mshould support concurrent sessions with independent event streams
[22m[39m2026-05-27 22:55:37 [session-manager] [32minfo[39m: Create sdk-session-6d2uitn6 cwd=/tmp/project-a
2026-05-27 22:55:37 [stream-batcher] [34mdebug[39m: StreamBatcher created: interval=16ms
2026-05-27 22:55:37 [session-manager] [33mwarn[39m: wrapSession sdk-session-6d2uitn6 - failed to bind ElectronUIContext: session.bindExtensions is not a function {"stack":"TypeError: session.bindExtensions is not a function\n    at PiSessionManager.wrapSession (E:/project/node/nekocode/src/main/session-manager.ts:452:15)\n    at PiSessionManager.create (E:/project/node/nekocode/src/main/session-manager.ts:79:26)\n    at processTicksAndRejections (node:internal/process/task_queues:105:5)\n    at E:/project/node/nekocode/src/tests/session-manager.test.ts:319:17\n    at file:///E:/project/node/nekocode/node_modules/@vitest/runner/dist/chunk-artifact.js:1903:20"}
2026-05-27 22:55:37 [session-manager] [32minfo[39m: Created sdk-session-6d2uitn6

[90mstdout[2m | src/tests/session-manager.test.ts[2m > [22m[2mPiSessionManager[2m > [22m[2mshould support concurrent sessions with independent event streams
[22m[39m2026-05-27 22:55:37 [extension-loader] [34mdebug[39m: [create] createSdkSession loaderCwd=/tmp/project-b processCwd=E:\project\node\nekocode NODE_PATH=

[90mstdout[2m | src/tests/session-manager.test.ts[2m > [22m[2mPiSessionManager[2m > [22m[2mshould support concurrent sessions with independent event streams
[22m[39m2026-05-27 22:55:37 [extension-loader] [32minfo[39m: [create] Extensions loaded: 0, errors: 0

[90mstdout[2m | src/tests/session-manager.test.ts[2m > [22m[2mPiSessionManager[2m > [22m[2mshould support concurrent sessions with independent event streams
[22m[39m2026-05-27 22:55:37 [session-manager] [32minfo[39m: Create sdk-session-p1yoih7j cwd=/tmp/project-b
2026-05-27 22:55:37 [stream-batcher] [34mdebug[39m: StreamBatcher created: interval=16ms
2026-05-27 22:55:37 [session-manager] [33mwarn[39m: wrapSession sdk-session-p1yoih7j - failed to bind ElectronUIContext: session.bindExtensions is not a function {"stack":"TypeError: session.bindExtensions is not a function\n    at PiSessionManager.wrapSession (E:/project/node/nekocode/src/main/session-manager.ts:452:15)\n    at PiSessionManager.create (E:/project/node/nekocode/src/main/session-manager.ts:79:26)\n    at processTicksAndRejections (node:internal/process/task_queues:105:5)\n    at E:/project/node/nekocode/src/tests/session-manager.test.ts:320:17\n    at file:///E:/project/node/nekocode/node_modules/@vitest/runner/dist/chunk-artifact.js:1903:20"}
2026-05-27 22:55:37 [session-manager] [32minfo[39m: Created sdk-session-p1yoih7j

[90mstdout[2m | src/tests/session-manager.test.ts[2m > [22m[2mPiSessionManager[2m > [22m[2mshould support concurrent sessions with independent event streams
[22m[39m2026-05-27 22:55:37 [session-manager] [32minfo[39m: Prompt sdk-session-6d2uitn6 textLength=12
2026-05-27 22:55:37 [session-manager] [34mdebug[39m: Prompt sdk-session-6d2uitn6 - streaming state: currentAssistantId=none, currentToolCallId=none
2026-05-27 22:55:37 [session-manager] [32minfo[39m: Prompt sdk-session-p1yoih7j textLength=12
2026-05-27 22:55:37 [session-manager] [34mdebug[39m: Prompt sdk-session-p1yoih7j - streaming state: currentAssistantId=none, currentToolCallId=none
2026-05-27 22:55:37 [session-manager] [34mdebug[39m: Prompt sdk-session-6d2uitn6 - SDK prompt() returned (streaming initiated)
2026-05-27 22:55:37 [session-manager] [34mdebug[39m: Prompt sdk-session-p1yoih7j - SDK prompt() returned (streaming initiated)

[90mstdout[2m | src/tests/session-manager.test.ts[2m > [22m[2mPiSessionManager[2m > [22m[2mshould support concurrent sessions with independent event streams
[22m[39m2026-05-27 22:55:37 [session-manager] [34mdebug[39m: handleAgentEvent: type=message_update
2026-05-27 22:55:37 [stream-batcher] [34mdebug[39m: push: accumulated 10 chars (delta=10)
2026-05-27 22:55:37 [stream-batcher] [34mdebug[39m: flush: 10 chars
2026-05-27 22:55:37 [session-manager] [32minfo[39m: Abort sdk-session-6d2uitn6
2026-05-27 22:55:37 [session-manager] [32minfo[39m: Abort sdk-session-p1yoih7j

[90mstdout[2m | src/tests/session-manager.test.ts[2m > [22m[2mPiSessionManager[2m > [22m[2mshould handle dispose during active streaming without errors
[22m[39m2026-05-27 22:55:37 [extension-loader] [34mdebug[39m: [create] createSdkSession loaderCwd=/tmp/project processCwd=E:\project\node\nekocode NODE_PATH=

[90mstdout[2m | src/tests/session-manager.test.ts[2m > [22m[2mPiSessionManager[2m > [22m[2mshould handle dispose during active streaming without errors
[22m[39m2026-05-27 22:55:37 [extension-loader] [32minfo[39m: [create] Extensions loaded: 0, errors: 0

[90mstdout[2m | src/tests/session-manager.test.ts[2m > [22m[2mPiSessionManager[2m > [22m[2mshould handle dispose during active streaming without errors
[22m[39m2026-05-27 22:55:37 [session-manager] [32minfo[39m: Create sdk-session-m5fsfeth cwd=/tmp/project
2026-05-27 22:55:37 [stream-batcher] [34mdebug[39m: StreamBatcher created: interval=16ms
2026-05-27 22:55:37 [session-manager] [33mwarn[39m: wrapSession sdk-session-m5fsfeth - failed to bind ElectronUIContext: session.bindExtensions is not a function {"stack":"TypeError: session.bindExtensions is not a function\n    at PiSessionManager.wrapSession (E:/project/node/nekocode/src/main/session-manager.ts:452:15)\n    at PiSessionManager.create (E:/project/node/nekocode/src/main/session-manager.ts:79:26)\n    at processTicksAndRejections (node:internal/process/task_queues:105:5)\n    at E:/project/node/nekocode/src/tests/session-manager.test.ts:362:16\n    at file:///E:/project/node/nekocode/node_modules/@vitest/runner/dist/chunk-artifact.js:1903:20"}
2026-05-27 22:55:37 [session-manager] [32minfo[39m: Created sdk-session-m5fsfeth

[90mstdout[2m | src/tests/session-manager.test.ts[2m > [22m[2mPiSessionManager[2m > [22m[2mshould handle dispose during active streaming without errors
[22m[39m2026-05-27 22:55:37 [session-manager] [34mdebug[39m: handleAgentEvent: type=message_update
2026-05-27 22:55:37 [stream-batcher] [34mdebug[39m: push: accumulated 12 chars (delta=12)
2026-05-27 22:55:37 [stream-batcher] [34mdebug[39m: dispose
2026-05-27 22:55:37 [stream-batcher] [34mdebug[39m: flush: 12 chars
2026-05-27 22:55:37 [session-manager] [33mwarn[39m: Dispose sdk-session-m5fsfeth - failed to clean up session file: Cannot read properties of undefined (reading 'isPersisted') {"stack":"TypeError: Cannot read properties of undefined (reading 'isPersisted')\n    at PiSessionManager.dispose (E:/project/node/nekocode/src/main/session-manager.ts:340:14)\n    at E:/project/node/nekocode/src/tests/session-manager.test.ts:372:13\n    at processTicksAndRejections (node:internal/process/task_queues:105:5)\n    at file:///E:/project/node/nekocode/node_modules/@vitest/runner/dist/chunk-artifact.js:1903:20"}
2026-05-27 22:55:37 [session-manager] [32minfo[39m: Dispose sdk-session-m5fsfeth

[90mstdout[2m | src/tests/session-manager.test.ts[2m > [22m[2mPiSessionManager[2m > [22m[2mshould handle tool errors correctly in history
[22m[39m2026-05-27 22:55:37 [extension-loader] [34mdebug[39m: [create] createSdkSession loaderCwd=/tmp/project processCwd=E:\project\node\nekocode NODE_PATH=

[90mstdout[2m | src/tests/session-manager.test.ts[2m > [22m[2mPiSessionManager[2m > [22m[2mshould handle tool errors correctly in history
[22m[39m2026-05-27 22:55:37 [extension-loader] [32minfo[39m: [create] Extensions loaded: 0, errors: 0

[90mstdout[2m | src/tests/session-manager.test.ts[2m > [22m[2mPiSessionManager[2m > [22m[2mshould handle tool errors correctly in history
[22m[39m2026-05-27 22:55:37 [session-manager] [32minfo[39m: Create sdk-session-v26uvckh cwd=/tmp/project
2026-05-27 22:55:37 [stream-batcher] [34mdebug[39m: StreamBatcher created: interval=16ms
2026-05-27 22:55:37 [session-manager] [33mwarn[39m: wrapSession sdk-session-v26uvckh - failed to bind ElectronUIContext: session.bindExtensions is not a function {"stack":"TypeError: session.bindExtensions is not a function\n    at PiSessionManager.wrapSession (E:/project/node/nekocode/src/main/session-manager.ts:452:15)\n    at PiSessionManager.create (E:/project/node/nekocode/src/main/session-manager.ts:79:26)\n    at processTicksAndRejections (node:internal/process/task_queues:105:5)\n    at E:/project/node/nekocode/src/tests/session-manager.test.ts:381:16\n    at file:///E:/project/node/nekocode/node_modules/@vitest/runner/dist/chunk-artifact.js:1903:20"}
2026-05-27 22:55:37 [session-manager] [32minfo[39m: Created sdk-session-v26uvckh

[90mstdout[2m | src/tests/session-manager.test.ts[2m > [22m[2mPiSessionManager[2m > [22m[2mshould handle tool errors correctly in history
[22m[39m2026-05-27 22:55:37 [session-manager] [34mdebug[39m: handleAgentEvent: type=message_update
2026-05-27 22:55:37 [stream-batcher] [34mdebug[39m: push: accumulated 9 chars (delta=9)
2026-05-27 22:55:37 [session-manager] [34mdebug[39m: handleAgentEvent: type=tool_execution_start
2026-05-27 22:55:37 [stream-batcher] [34mdebug[39m: flush: 9 chars
2026-05-27 22:55:37 [session-manager] [34mdebug[39m: tool_execution_start: name=bash, id=tc-err, args={"command":"bad_command"}
2026-05-27 22:55:37 [session-manager] [34mdebug[39m: emit: tool_call
2026-05-27 22:55:37 [session-manager] [34mdebug[39m: finalizeAssistantMessage: id=e8339a7a-66c5-4111-91f7-0320386dd737 content=9 chars
2026-05-27 22:55:37 [session-manager] [34mdebug[39m: finalizeAssistantMessage: total messages now 1
2026-05-27 22:55:37 [session-manager] [34mdebug[39m: handleAgentEvent: type=tool_execution_end
2026-05-27 22:55:37 [session-manager] [34mdebug[39m: tool_execution_end: name=bash, id=tc-err, isError=true, result="command not found: bad_command"
2026-05-27 22:55:37 [session-manager] [34mdebug[39m: emit: tool_result
2026-05-27 22:55:37 [session-manager] [34mdebug[39m: handleAgentEvent: type=agent_end
2026-05-27 22:55:37 [session-manager] [34mdebug[39m: agent_end: total accumulated messages=1
2026-05-27 22:55:37 [session-manager] [34mdebug[39m: emit: done
2026-05-27 22:55:37 [session-manager] [34mdebug[39m: getHistory sdk-session-v26uvckh - returning 1 message(s)

[90mstdout[2m | src/tests/session-manager.test.ts[2m > [22m[2mPiSessionManager[2m > [22m[2mshould store usage in assistant message on message_end
[22m[39m2026-05-27 22:55:37 [extension-loader] [34mdebug[39m: [create] createSdkSession loaderCwd=/tmp/project processCwd=E:\project\node\nekocode NODE_PATH=

[90mstdout[2m | src/tests/session-manager.test.ts[2m > [22m[2mPiSessionManager[2m > [22m[2mshould store usage in assistant message on message_end
[22m[39m2026-05-27 22:55:37 [extension-loader] [32minfo[39m: [create] Extensions loaded: 0, errors: 0

[90mstdout[2m | src/tests/session-manager.test.ts[2m > [22m[2mPiSessionManager[2m > [22m[2mshould store usage in assistant message on message_end
[22m[39m2026-05-27 22:55:37 [session-manager] [32minfo[39m: Create sdk-session-q0efnybx cwd=/tmp/project
2026-05-27 22:55:37 [stream-batcher] [34mdebug[39m: StreamBatcher created: interval=16ms
2026-05-27 22:55:37 [session-manager] [33mwarn[39m: wrapSession sdk-session-q0efnybx - failed to bind ElectronUIContext: session.bindExtensions is not a function {"stack":"TypeError: session.bindExtensions is not a function\n    at PiSessionManager.wrapSession (E:/project/node/nekocode/src/main/session-manager.ts:452:15)\n    at PiSessionManager.create (E:/project/node/nekocode/src/main/session-manager.ts:79:26)\n    at processTicksAndRejections (node:internal/process/task_queues:105:5)\n    at E:/project/node/nekocode/src/tests/session-manager.test.ts:413:16\n    at file:///E:/project/node/nekocode/node_modules/@vitest/runner/dist/chunk-artifact.js:1903:20"}
2026-05-27 22:55:37 [session-manager] [32minfo[39m: Created sdk-session-q0efnybx

[90mstdout[2m | src/tests/session-manager.test.ts[2m > [22m[2mPiSessionManager[2m > [22m[2mshould store usage in assistant message on message_end
[22m[39m2026-05-27 22:55:37 [session-manager] [34mdebug[39m: handleAgentEvent: type=message_update
2026-05-27 22:55:37 [stream-batcher] [34mdebug[39m: push: accumulated 8 chars (delta=8)
2026-05-27 22:55:37 [stream-batcher] [34mdebug[39m: flush: 8 chars
2026-05-27 22:55:37 [session-manager] [34mdebug[39m: handleAgentEvent: type=message_end
2026-05-27 22:55:37 [session-manager] [34mdebug[39m: message_end: role=assistant
2026-05-27 22:55:37 [session-manager] [34mdebug[39m: finalizeAssistantMessage: id=42756b79-6b11-4c09-b143-24d6db77f1ad content=8 chars
2026-05-27 22:55:37 [session-manager] [34mdebug[39m: finalizeAssistantMessage: total messages now 1
2026-05-27 22:55:37 [session-manager] [34mdebug[39m: emit: usage_update
2026-05-27 22:55:37 [session-manager] [34mdebug[39m: getHistory sdk-session-q0efnybx - returning 1 message(s)

[90mstdout[2m | src/tests/session-manager.test.ts[2m > [22m[2mPiSessionManager[2m > [22m[2mshould accumulate usage across multiple messages
[22m[39m2026-05-27 22:55:37 [extension-loader] [34mdebug[39m: [create] createSdkSession loaderCwd=/tmp/project processCwd=E:\project\node\nekocode NODE_PATH=

[90mstdout[2m | src/tests/session-manager.test.ts[2m > [22m[2mPiSessionManager[2m > [22m[2mshould accumulate usage across multiple messages
[22m[39m2026-05-27 22:55:37 [extension-loader] [32minfo[39m: [create] Extensions loaded: 0, errors: 0

[90mstdout[2m | src/tests/session-manager.test.ts[2m > [22m[2mPiSessionManager[2m > [22m[2mshould accumulate usage across multiple messages
[22m[39m2026-05-27 22:55:37 [session-manager] [32minfo[39m: Create sdk-session-5a9b6ec9 cwd=/tmp/project
2026-05-27 22:55:37 [stream-batcher] [34mdebug[39m: StreamBatcher created: interval=16ms
2026-05-27 22:55:37 [session-manager] [33mwarn[39m: wrapSession sdk-session-5a9b6ec9 - failed to bind ElectronUIContext: session.bindExtensions is not a function {"stack":"TypeError: session.bindExtensions is not a function\n    at PiSessionManager.wrapSession (E:/project/node/nekocode/src/main/session-manager.ts:452:15)\n    at PiSessionManager.create (E:/project/node/nekocode/src/main/session-manager.ts:79:26)\n    at processTicksAndRejections (node:internal/process/task_queues:105:5)\n    at E:/project/node/nekocode/src/tests/session-manager.test.ts:443:16\n    at file:///E:/project/node/nekocode/node_modules/@vitest/runner/dist/chunk-artifact.js:1903:20"}
2026-05-27 22:55:37 [session-manager] [32minfo[39m: Created sdk-session-5a9b6ec9

[90mstdout[2m | src/tests/session-manager.test.ts[2m > [22m[2mPiSessionManager[2m > [22m[2mshould accumulate usage across multiple messages
[22m[39m2026-05-27 22:55:37 [session-manager] [34mdebug[39m: handleAgentEvent: type=message_update
2026-05-27 22:55:37 [stream-batcher] [34mdebug[39m: push: accumulated 10 chars (delta=10)
2026-05-27 22:55:37 [stream-batcher] [34mdebug[39m: flush: 10 chars
2026-05-27 22:55:37 [session-manager] [34mdebug[39m: handleAgentEvent: type=message_end
2026-05-27 22:55:37 [session-manager] [34mdebug[39m: message_end: role=assistant
2026-05-27 22:55:37 [session-manager] [34mdebug[39m: finalizeAssistantMessage: id=f7804716-010a-4546-8063-927e9c84efd0 content=10 chars
2026-05-27 22:55:37 [session-manager] [34mdebug[39m: finalizeAssistantMessage: total messages now 1
2026-05-27 22:55:37 [session-manager] [34mdebug[39m: emit: usage_update
2026-05-27 22:55:37 [session-manager] [34mdebug[39m: handleAgentEvent: type=message_update
2026-05-27 22:55:37 [stream-batcher] [34mdebug[39m: push: accumulated 10 chars (delta=10)
2026-05-27 22:55:37 [stream-batcher] [34mdebug[39m: flush: 10 chars
2026-05-27 22:55:37 [session-manager] [34mdebug[39m: handleAgentEvent: type=message_end
2026-05-27 22:55:37 [session-manager] [34mdebug[39m: message_end: role=assistant
2026-05-27 22:55:37 [session-manager] [34mdebug[39m: finalizeAssistantMessage: id=fbb8d7f1-bd66-45c7-b084-3eadb5695f31 content=10 chars
2026-05-27 22:55:37 [session-manager] [34mdebug[39m: finalizeAssistantMessage: total messages now 2
2026-05-27 22:55:37 [session-manager] [34mdebug[39m: emit: usage_update
2026-05-27 22:55:37 [session-manager] [34mdebug[39m: getHistory sdk-session-5a9b6ec9 - returning 2 message(s)

[90mstdout[2m | src/tests/session-manager.test.ts[2m > [22m[2mPiSessionManager[2m > [22m[2mshould emit usage_update event on message_end with cumulative usage
[22m[39m2026-05-27 22:55:37 [extension-loader] [34mdebug[39m: [create] createSdkSession loaderCwd=/tmp/project processCwd=E:\project\node\nekocode NODE_PATH=

[90mstdout[2m | src/tests/session-manager.test.ts[2m > [22m[2mPiSessionManager[2m > [22m[2mshould emit usage_update event on message_end with cumulative usage
[22m[39m2026-05-27 22:55:37 [extension-loader] [32minfo[39m: [create] Extensions loaded: 0, errors: 0

[90mstdout[2m | src/tests/session-manager.test.ts[2m > [22m[2mPiSessionManager[2m > [22m[2mshould emit usage_update event on message_end with cumulative usage
[22m[39m2026-05-27 22:55:37 [session-manager] [32minfo[39m: Create sdk-session-ervgou7i cwd=/tmp/project
2026-05-27 22:55:37 [stream-batcher] [34mdebug[39m: StreamBatcher created: interval=16ms
2026-05-27 22:55:37 [session-manager] [33mwarn[39m: wrapSession sdk-session-ervgou7i - failed to bind ElectronUIContext: session.bindExtensions is not a function {"stack":"TypeError: session.bindExtensions is not a function\n    at PiSessionManager.wrapSession (E:/project/node/nekocode/src/main/session-manager.ts:452:15)\n    at PiSessionManager.create (E:/project/node/nekocode/src/main/session-manager.ts:79:26)\n    at processTicksAndRejections (node:internal/process/task_queues:105:5)\n    at E:/project/node/nekocode/src/tests/session-manager.test.ts:482:5\n    at file:///E:/project/node/nekocode/node_modules/@vitest/runner/dist/chunk-artifact.js:1903:20"}
2026-05-27 22:55:37 [session-manager] [32minfo[39m: Created sdk-session-ervgou7i

[90mstdout[2m | src/tests/session-manager.test.ts[2m > [22m[2mPiSessionManager[2m > [22m[2mshould emit usage_update event on message_end with cumulative usage
[22m[39m2026-05-27 22:55:37 [session-manager] [34mdebug[39m: handleAgentEvent: type=message_update
2026-05-27 22:55:37 [stream-batcher] [34mdebug[39m: push: accumulated 8 chars (delta=8)
2026-05-27 22:55:37 [stream-batcher] [34mdebug[39m: flush: 8 chars
2026-05-27 22:55:37 [session-manager] [34mdebug[39m: handleAgentEvent: type=message_end
2026-05-27 22:55:37 [session-manager] [34mdebug[39m: message_end: role=assistant
2026-05-27 22:55:37 [session-manager] [34mdebug[39m: finalizeAssistantMessage: id=28eae933-04d3-47df-b522-6ff00d9572b0 content=8 chars
2026-05-27 22:55:37 [session-manager] [34mdebug[39m: finalizeAssistantMessage: total messages now 1
2026-05-27 22:55:37 [session-manager] [34mdebug[39m: emit: usage_update

[90mstdout[2m | src/tests/session-manager.test.ts[2m > [22m[2mPiSessionManager[2m > [22m[2mshould handle message_end without usage gracefully
[22m[39m2026-05-27 22:55:37 [extension-loader] [34mdebug[39m: [create] createSdkSession loaderCwd=/tmp/project processCwd=E:\project\node\nekocode NODE_PATH=

[90mstdout[2m | src/tests/session-manager.test.ts[2m > [22m[2mPiSessionManager[2m > [22m[2mshould handle message_end without usage gracefully
[22m[39m2026-05-27 22:55:37 [extension-loader] [32minfo[39m: [create] Extensions loaded: 0, errors: 0

[90mstdout[2m | src/tests/session-manager.test.ts[2m > [22m[2mPiSessionManager[2m > [22m[2mshould handle message_end without usage gracefully
[22m[39m2026-05-27 22:55:37 [session-manager] [32minfo[39m: Create sdk-session-telhf2ak cwd=/tmp/project
2026-05-27 22:55:37 [stream-batcher] [34mdebug[39m: StreamBatcher created: interval=16ms
2026-05-27 22:55:37 [session-manager] [33mwarn[39m: wrapSession sdk-session-telhf2ak - failed to bind ElectronUIContext: session.bindExtensions is not a function {"stack":"TypeError: session.bindExtensions is not a function\n    at PiSessionManager.wrapSession (E:/project/node/nekocode/src/main/session-manager.ts:452:15)\n    at PiSessionManager.create (E:/project/node/nekocode/src/main/session-manager.ts:79:26)\n    at processTicksAndRejections (node:internal/process/task_queues:105:5)\n    at E:/project/node/nekocode/src/tests/session-manager.test.ts:511:16\n    at file:///E:/project/node/nekocode/node_modules/@vitest/runner/dist/chunk-artifact.js:1903:20"}
2026-05-27 22:55:37 [session-manager] [32minfo[39m: Created sdk-session-telhf2ak

[90mstdout[2m | src/tests/session-manager.test.ts[2m > [22m[2mPiSessionManager[2m > [22m[2mshould handle message_end without usage gracefully
[22m[39m2026-05-27 22:55:37 [session-manager] [34mdebug[39m: handleAgentEvent: type=message_update
2026-05-27 22:55:37 [stream-batcher] [34mdebug[39m: push: accumulated 8 chars (delta=8)
2026-05-27 22:55:37 [stream-batcher] [34mdebug[39m: flush: 8 chars
2026-05-27 22:55:37 [session-manager] [34mdebug[39m: handleAgentEvent: type=message_end
2026-05-27 22:55:37 [session-manager] [34mdebug[39m: message_end: role=assistant
2026-05-27 22:55:37 [session-manager] [34mdebug[39m: finalizeAssistantMessage: id=7004949f-833b-462c-84c2-47f8ff19ddb7 content=8 chars
2026-05-27 22:55:37 [session-manager] [34mdebug[39m: finalizeAssistantMessage: total messages now 1
2026-05-27 22:55:37 [session-manager] [34mdebug[39m: emit: usage_update
2026-05-27 22:55:37 [session-manager] [34mdebug[39m: getHistory sdk-session-telhf2ak - returning 1 message(s)

 [32m✓[39m src/tests/session-manager.test.ts [2m([22m[2m18 tests[22m[2m)[22m[32m 90[2mms[22m[39m
[90mstdout[2m | src/tests/updater.test.ts
[22m[39mDownloading Electron binary...

[90mstdout[2m | src/tests/message-store.test.ts
[22m[39mDownloading Electron binary...

[90mstdout[2m | src/tests/message-store.test.ts[2m > [22m[2mextractHistoryFromSdkMessages[2m > [22m[2mreturns empty array for empty input
[22m[39m2026-05-27 22:55:38 [message-store] [34mdebug[39m: extractHistoryFromSdkMessages: 0 raw SDK message(s)
2026-05-27 22:55:38 [message-store] [34mdebug[39m: extractHistoryFromSdkMessages: produced 0 ChatMessageIPC(s)

[90mstdout[2m | src/tests/updater.test.ts[2m > [22m[2mupdater[2m > [22m[2mreturns null on checkForUpdates error
[22m[39m2026-05-27 22:55:38 [updater] [31merror[39m: Failed to check for updates: network-error {"stack":"Error: network-error\n    at E:/project/node/nekocode/src/tests/updater.test.ts:111:42\n    at file:///E:/project/node/nekocode/node_modules/@vitest/runner/dist/chunk-artifact.js:302:11\n    at file:///E:/project/node/nekocode/node_modules/@vitest/runner/dist/chunk-artifact.js:1903:26\n    at file:///E:/project/node/nekocode/node_modules/@vitest/runner/dist/chunk-artifact.js:2326:20\n    at new Promise (<anonymous>)\n    at runWithCancel (file:///E:/project/node/nekocode/node_modules/@vitest/runner/dist/chunk-artifact.js:2323:10)\n    at file:///E:/project/node/nekocode/node_modules/@vitest/runner/dist/chunk-artifact.js:2305:20\n    at new Promise (<anonymous>)\n    at runWithTimeout (file:///E:/project/node/nekocode/node_modules/@vitest/runner/dist/chunk-artifact.js:2272:10)\n    at file:///E:/project/node/nekocode/node_modules/@vitest/runner/dist/chunk-artifact.js:2955:64"}

[90mstdout[2m | src/tests/message-store.test.ts[2m > [22m[2mextractHistoryFromSdkMessages[2m > [22m[2mskips entries without a role property
[22m[39m2026-05-27 22:55:38 [message-store] [34mdebug[39m: extractHistoryFromSdkMessages: 2 raw SDK message(s)
2026-05-27 22:55:38 [message-store] [34mdebug[39m: extractHistoryFromSdkMessages: produced 1 ChatMessageIPC(s)

[90mstdout[2m | src/tests/message-store.test.ts[2m > [22m[2mextractHistoryFromSdkMessages[2m > [22m[2mextracts user message with string content
[22m[39m2026-05-27 22:55:38 [message-store] [34mdebug[39m: extractHistoryFromSdkMessages: 1 raw SDK message(s)
2026-05-27 22:55:38 [message-store] [34mdebug[39m: extractHistoryFromSdkMessages: produced 1 ChatMessageIPC(s)

[90mstdout[2m | src/tests/message-store.test.ts[2m > [22m[2mextractHistoryFromSdkMessages[2m > [22m[2mextracts user message with TextContent array
[22m[39m2026-05-27 22:55:38 [message-store] [34mdebug[39m: extractHistoryFromSdkMessages: 1 raw SDK message(s)
2026-05-27 22:55:38 [message-store] [34mdebug[39m: extractHistoryFromSdkMessages: produced 1 ChatMessageIPC(s)

[90mstdout[2m | src/tests/message-store.test.ts[2m > [22m[2mextractHistoryFromSdkMessages[2m > [22m[2mextracts assistant message with text
[22m[39m2026-05-27 22:55:38 [message-store] [34mdebug[39m: extractHistoryFromSdkMessages: 1 raw SDK message(s)
2026-05-27 22:55:38 [message-store] [34mdebug[39m: extractHistoryFromSdkMessages: produced 1 ChatMessageIPC(s)

[90mstdout[2m | src/tests/message-store.test.ts[2m > [22m[2mextractHistoryFromSdkMessages[2m > [22m[2mskips non-user/non-assistant roles like toolResult in second pass
[22m[39m2026-05-27 22:55:38 [message-store] [34mdebug[39m: extractHistoryFromSdkMessages: 3 raw SDK message(s)
2026-05-27 22:55:38 [message-store] [34mdebug[39m: extractHistoryFromSdkMessages: produced 2 ChatMessageIPC(s)

[90mstdout[2m | src/tests/updater.test.ts[2m > [22m[2mupdater[2m > [22m[2minitAutoUpdater schedules check and catches notify error
[22m[39m2026-05-27 22:55:41 [updater] [31merror[39m: Initial update check failed: notify-fail {"stack":"Error: notify-fail\n    at E:/project/node/nekocode/src/tests/updater.test.ts:129:51\n    at file:///E:/project/node/nekocode/node_modules/@vitest/runner/dist/chunk-artifact.js:302:11\n    at file:///E:/project/node/nekocode/node_modules/@vitest/runner/dist/chunk-artifact.js:1903:26\n    at file:///E:/project/node/nekocode/node_modules/@vitest/runner/dist/chunk-artifact.js:2326:20\n    at new Promise (<anonymous>)\n    at runWithCancel (file:///E:/project/node/nekocode/node_modules/@vitest/runner/dist/chunk-artifact.js:2323:10)\n    at file:///E:/project/node/nekocode/node_modules/@vitest/runner/dist/chunk-artifact.js:2305:20\n    at new Promise (<anonymous>)\n    at runWithTimeout (file:///E:/project/node/nekocode/node_modules/@vitest/runner/dist/chunk-artifact.js:2272:10)\n    at file:///E:/project/node/nekocode/node_modules/@vitest/runner/dist/chunk-artifact.js:2955:64"}

[90mstdout[2m | src/tests/message-store.test.ts[2m > [22m[2mextractHistoryFromSdkMessages[2m > [22m[2mattaches tool calls from assistant content blocks with matching tool results
[22m[39m2026-05-27 22:55:38 [message-store] [34mdebug[39m: extractHistoryFromSdkMessages: 3 raw SDK message(s)
2026-05-27 22:55:38 [message-store] [34mdebug[39m: extractHistoryFromSdkMessages: produced 2 ChatMessageIPC(s)

[90mstdout[2m | src/tests/message-store.test.ts[2m > [22m[2mextractHistoryFromSdkMessages[2m > [22m[2mhandles tool calls with no matching tool result
[22m[39m2026-05-27 22:55:38 [message-store] [34mdebug[39m: extractHistoryFromSdkMessages: 1 raw SDK message(s)
2026-05-27 22:55:38 [message-store] [34mdebug[39m: extractHistoryFromSdkMessages: produced 1 ChatMessageIPC(s)

[90mstdout[2m | src/tests/message-store.test.ts[2m > [22m[2mextractHistoryFromSdkMessages[2m > [22m[2mhandles tool call with isError=true from toolResult
[22m[39m2026-05-27 22:55:38 [message-store] [34mdebug[39m: extractHistoryFromSdkMessages: 2 raw SDK message(s)
2026-05-27 22:55:38 [message-store] [34mdebug[39m: extractHistoryFromSdkMessages: produced 1 ChatMessageIPC(s)

[90mstdout[2m | src/tests/message-store.test.ts[2m > [22m[2mextractHistoryFromSdkMessages[2m > [22m[2mdoes not set toolCalls on assistant message with no toolCall blocks
[22m[39m2026-05-27 22:55:38 [message-store] [34mdebug[39m: extractHistoryFromSdkMessages: 1 raw SDK message(s)
2026-05-27 22:55:38 [message-store] [34mdebug[39m: extractHistoryFromSdkMessages: produced 1 ChatMessageIPC(s)

[90mstdout[2m | src/tests/message-store.test.ts[2m > [22m[2mextractHistoryFromSdkMessages[2m > [22m[2mdoes not set toolCalls when assistant content is a string
[22m[39m2026-05-27 22:55:38 [message-store] [34mdebug[39m: extractHistoryFromSdkMessages: 1 raw SDK message(s)
2026-05-27 22:55:38 [message-store] [34mdebug[39m: extractHistoryFromSdkMessages: produced 1 ChatMessageIPC(s)

[90mstdout[2m | src/tests/updater.test.ts[2m > [22m[2mupdater[2m > [22m[2mforwards updater events to non-destroyed renderer windows
[22m[39m2026-05-27 22:55:38 [updater] [32minfo[39m: Update available: 1.2.0
2026-05-27 22:55:38 [updater] [32minfo[39m: Update not available. Current: 1.0.0
2026-05-27 22:55:38 [updater] [32minfo[39m: Update downloaded: 1.2.0
2026-05-27 22:55:38 [updater] [31merror[39m: Auto-updater error: oops {"code":"E_FAIL"}

[90mstdout[2m | src/tests/message-store.test.ts[2m > [22m[2mextractHistoryFromSdkMessages[2m > [22m[2mcollects toolResult with string content in first pass
[22m[39m2026-05-27 22:55:38 [message-store] [34mdebug[39m: extractHistoryFromSdkMessages: 1 raw SDK message(s)
2026-05-27 22:55:38 [message-store] [34mdebug[39m: extractHistoryFromSdkMessages: produced 0 ChatMessageIPC(s)

[90mstdout[2m | src/tests/message-store.test.ts[2m > [22m[2mextractHistoryFromSdkMessages[2m > [22m[2mcollects toolResult with TextContent array content in first pass
[22m[39m2026-05-27 22:55:38 [message-store] [34mdebug[39m: extractHistoryFromSdkMessages: 2 raw SDK message(s)
2026-05-27 22:55:38 [message-store] [34mdebug[39m: extractHistoryFromSdkMessages: produced 1 ChatMessageIPC(s)

[90mstdout[2m | src/tests/message-store.test.ts[2m > [22m[2mextractHistoryFromSdkMessages[2m > [22m[2muses Date.now() as fallback timestamp when timestamp is missing
[22m[39m2026-05-27 22:55:38 [message-store] [34mdebug[39m: extractHistoryFromSdkMessages: 1 raw SDK message(s)
2026-05-27 22:55:38 [message-store] [34mdebug[39m: extractHistoryFromSdkMessages: produced 1 ChatMessageIPC(s)

[90mstdout[2m | src/tests/message-store.test.ts[2m > [22m[2mextractHistoryFromSdkMessages[2m > [22m[2mhandles multiple tool calls in a single assistant message
[22m[39m2026-05-27 22:55:38 [message-store] [34mdebug[39m: extractHistoryFromSdkMessages: 3 raw SDK message(s)
2026-05-27 22:55:38 [message-store] [34mdebug[39m: extractHistoryFromSdkMessages: produced 1 ChatMessageIPC(s)

[90mstdout[2m | src/tests/message-store.test.ts[2m > [22m[2mloadHistoryFromDisk[2m > [22m[2mreturns empty array when session not found on disk
[22m[39m2026-05-27 22:55:38 [message-store] [32minfo[39m: loadHistoryFromDisk missing-session cwd=/cwd limit=0

[90mstdout[2m | src/tests/message-store.test.ts[2m > [22m[2mloadHistoryFromDisk[2m > [22m[2mreturns empty array when session not found on disk
[22m[39m2026-05-27 22:55:38 [message-store] [34mdebug[39m: loadHistoryFromDisk missing-session - not found on disk, returning empty

[90mstdout[2m | src/tests/message-store.test.ts[2m > [22m[2mloadHistoryFromDisk[2m > [22m[2mreturns empty array when list returns empty
[22m[39m2026-05-27 22:55:38 [message-store] [32minfo[39m: loadHistoryFromDisk missing-session cwd=/cwd limit=0

[90mstdout[2m | src/tests/message-store.test.ts[2m > [22m[2mloadHistoryFromDisk[2m > [22m[2mreturns empty array when list returns empty
[22m[39m2026-05-27 22:55:38 [message-store] [34mdebug[39m: loadHistoryFromDisk missing-session - not found on disk, returning empty

[90mstdout[2m | src/tests/message-store.test.ts[2m > [22m[2mloadHistoryFromDisk[2m > [22m[2mloads and returns all messages when limit is 0
[22m[39m2026-05-27 22:55:38 [message-store] [32minfo[39m: loadHistoryFromDisk sess-1 cwd=/cwd limit=0

[90mstdout[2m | src/tests/message-store.test.ts[2m > [22m[2mloadHistoryFromDisk[2m > [22m[2mloads and returns all messages when limit is 0
[22m[39m2026-05-27 22:55:38 [message-store] [34mdebug[39m: extractHistoryFromSdkMessages: 3 raw SDK message(s)
2026-05-27 22:55:38 [message-store] [34mdebug[39m: extractHistoryFromSdkMessages: produced 3 ChatMessageIPC(s)
2026-05-27 22:55:38 [message-store] [34mdebug[39m: loadHistoryFromDisk sess-1 - 3/3 message(s) returned

 [32m✓[39m src/tests/updater.test.ts [2m([22m[2m8 tests[22m[2m)[22m[32m 28[2mms[22m[39m
[90mstdout[2m | src/tests/message-store.test.ts[2m > [22m[2mloadHistoryFromDisk[2m > [22m[2mapplies limit to return only the last N messages
[22m[39m2026-05-27 22:55:38 [message-store] [32minfo[39m: loadHistoryFromDisk sess-1 cwd=/cwd limit=2

[90mstdout[2m | src/tests/message-store.test.ts[2m > [22m[2mloadHistoryFromDisk[2m > [22m[2mapplies limit to return only the last N messages
[22m[39m2026-05-27 22:55:38 [message-store] [34mdebug[39m: extractHistoryFromSdkMessages: 3 raw SDK message(s)
2026-05-27 22:55:38 [message-store] [34mdebug[39m: extractHistoryFromSdkMessages: produced 3 ChatMessageIPC(s)
2026-05-27 22:55:38 [message-store] [34mdebug[39m: loadHistoryFromDisk sess-1 - 2/3 message(s) returned

[90mstdout[2m | src/tests/message-store.test.ts[2m > [22m[2mloadHistoryFromDisk[2m > [22m[2mreturns all messages when limit is greater than message count
[22m[39m2026-05-27 22:55:38 [message-store] [32minfo[39m: loadHistoryFromDisk sess-1 cwd=/cwd limit=10

[90mstdout[2m | src/tests/message-store.test.ts[2m > [22m[2mloadHistoryFromDisk[2m > [22m[2mreturns all messages when limit is greater than message count
[22m[39m2026-05-27 22:55:38 [message-store] [34mdebug[39m: extractHistoryFromSdkMessages: 1 raw SDK message(s)
2026-05-27 22:55:38 [message-store] [34mdebug[39m: extractHistoryFromSdkMessages: produced 1 ChatMessageIPC(s)
2026-05-27 22:55:38 [message-store] [34mdebug[39m: loadHistoryFromDisk sess-1 - 1/1 message(s) returned

[90mstdout[2m | src/tests/message-store.test.ts[2m > [22m[2mloadHistoryFromDisk[2m > [22m[2mfilters out non-message entries from session file
[22m[39m2026-05-27 22:55:38 [message-store] [32minfo[39m: loadHistoryFromDisk sess-1 cwd=/cwd limit=0

[90mstdout[2m | src/tests/message-store.test.ts[2m > [22m[2mloadHistoryFromDisk[2m > [22m[2mfilters out non-message entries from session file
[22m[39m2026-05-27 22:55:38 [message-store] [34mdebug[39m: extractHistoryFromSdkMessages: 1 raw SDK message(s)
2026-05-27 22:55:38 [message-store] [34mdebug[39m: extractHistoryFromSdkMessages: produced 1 ChatMessageIPC(s)
2026-05-27 22:55:38 [message-store] [34mdebug[39m: loadHistoryFromDisk sess-1 - 1/1 message(s) returned

[90mstdout[2m | src/tests/message-store.test.ts[2m > [22m[2mtryRefreshFromDisk[2m > [22m[2mreturns null when disk has same number of messages
[22m[39m2026-05-27 22:55:38 [message-store] [34mdebug[39m: extractHistoryFromSdkMessages: 1 raw SDK message(s)
2026-05-27 22:55:38 [message-store] [34mdebug[39m: extractHistoryFromSdkMessages: produced 1 ChatMessageIPC(s)

[90mstdout[2m | src/tests/message-store.test.ts[2m > [22m[2mtryRefreshFromDisk[2m > [22m[2mreturns null when disk has fewer messages
[22m[39m2026-05-27 22:55:38 [message-store] [34mdebug[39m: extractHistoryFromSdkMessages: 0 raw SDK message(s)
2026-05-27 22:55:38 [message-store] [34mdebug[39m: extractHistoryFromSdkMessages: produced 0 ChatMessageIPC(s)

[90mstdout[2m | src/tests/message-store.test.ts[2m > [22m[2mtryRefreshFromDisk[2m > [22m[2mreturns updated messages when disk has more messages
[22m[39m2026-05-27 22:55:38 [message-store] [34mdebug[39m: extractHistoryFromSdkMessages: 2 raw SDK message(s)
2026-05-27 22:55:38 [message-store] [34mdebug[39m: extractHistoryFromSdkMessages: produced 2 ChatMessageIPC(s)
2026-05-27 22:55:38 [message-store] [32minfo[39m: Background refresh sess-1 - updated 1 -> 2 messages

[90mstdout[2m | src/tests/message-store.test.ts[2m > [22m[2mtryRefreshFromDisk[2m > [22m[2mreturns null when list() throws
[22m[39m2026-05-27 22:55:38 [message-store] [34mdebug[39m: Background refresh failed for sess-1: Error: disk error

[90mstdout[2m | src/tests/message-store.test.ts[2m > [22m[2mtryRefreshFromDisk[2m > [22m[2mreturns null when open() throws
[22m[39m2026-05-27 22:55:38 [message-store] [34mdebug[39m: Background refresh failed for sess-1: Error: open failed

[90mstdout[2m | src/tests/message-store.test.ts[2m > [22m[2mextractHistoryFromSdkMessages - usage persistence[2m > [22m[2mextracts usage from assistant message with usage data
[22m[39m2026-05-27 22:55:38 [message-store] [34mdebug[39m: extractHistoryFromSdkMessages: 1 raw SDK message(s)
2026-05-27 22:55:38 [message-store] [34mdebug[39m: extractHistoryFromSdkMessages: produced 1 ChatMessageIPC(s)

[90mstdout[2m | src/tests/message-store.test.ts[2m > [22m[2mextractHistoryFromSdkMessages - usage persistence[2m > [22m[2mhandles assistant message without usage (undefined)
[22m[39m2026-05-27 22:55:38 [message-store] [34mdebug[39m: extractHistoryFromSdkMessages: 1 raw SDK message(s)
2026-05-27 22:55:38 [message-store] [34mdebug[39m: extractHistoryFromSdkMessages: produced 1 ChatMessageIPC(s)

[90mstdout[2m | src/tests/message-store.test.ts[2m > [22m[2mextractHistoryFromSdkMessages - usage persistence[2m > [22m[2mhandles assistant message with null/undefined usage
[22m[39m2026-05-27 22:55:38 [message-store] [34mdebug[39m: extractHistoryFromSdkMessages: 1 raw SDK message(s)
2026-05-27 22:55:38 [message-store] [34mdebug[39m: extractHistoryFromSdkMessages: produced 1 ChatMessageIPC(s)

[90mstdout[2m | src/tests/message-store.test.ts[2m > [22m[2mextractHistoryFromSdkMessages - usage persistence[2m > [22m[2mextracts usage from multiple assistant messages
[22m[39m2026-05-27 22:55:38 [message-store] [34mdebug[39m: extractHistoryFromSdkMessages: 4 raw SDK message(s)
2026-05-27 22:55:38 [message-store] [34mdebug[39m: extractHistoryFromSdkMessages: produced 4 ChatMessageIPC(s)

[90mstdout[2m | src/tests/message-store.test.ts[2m > [22m[2mextractHistoryFromSdkMessages - usage persistence[2m > [22m[2muser messages never have usage field
[22m[39m2026-05-27 22:55:38 [message-store] [34mdebug[39m: extractHistoryFromSdkMessages: 1 raw SDK message(s)
2026-05-27 22:55:38 [message-store] [34mdebug[39m: extractHistoryFromSdkMessages: produced 1 ChatMessageIPC(s)

[90mstdout[2m | src/tests/message-store.test.ts[2m > [22m[2mextractHistoryFromSdkMessages - usage persistence[2m > [22m[2mpreserves usage through round-trip with tool calls
[22m[39m2026-05-27 22:55:38 [message-store] [34mdebug[39m: extractHistoryFromSdkMessages: 2 raw SDK message(s)
2026-05-27 22:55:38 [message-store] [34mdebug[39m: extractHistoryFromSdkMessages: produced 1 ChatMessageIPC(s)

[90mstdout[2m | src/tests/message-store.test.ts[2m > [22m[2mextractHistoryFromSdkMessages - STRESS TESTS[2m > [22m[2mhandles tool call IDs with special characters
[22m[39m2026-05-27 22:55:38 [message-store] [34mdebug[39m: extractHistoryFromSdkMessages: 2 raw SDK message(s)
2026-05-27 22:55:38 [message-store] [34mdebug[39m: extractHistoryFromSdkMessages: produced 1 ChatMessageIPC(s)

[90mstdout[2m | src/tests/message-store.test.ts[2m > [22m[2mextractHistoryFromSdkMessages - STRESS TESTS[2m > [22m[2mhandles empty string tool call IDs
[22m[39m2026-05-27 22:55:38 [message-store] [34mdebug[39m: extractHistoryFromSdkMessages: 2 raw SDK message(s)
2026-05-27 22:55:38 [message-store] [34mdebug[39m: extractHistoryFromSdkMessages: produced 1 ChatMessageIPC(s)

[90mstdout[2m | src/tests/message-store.test.ts[2m > [22m[2mextractHistoryFromSdkMessages - STRESS TESTS[2m > [22m[2mhandles tool call IDs with unicode and emojis
[22m[39m2026-05-27 22:55:38 [message-store] [34mdebug[39m: extractHistoryFromSdkMessages: 2 raw SDK message(s)
2026-05-27 22:55:38 [message-store] [34mdebug[39m: extractHistoryFromSdkMessages: produced 1 ChatMessageIPC(s)

[90mstdout[2m | src/tests/message-store.test.ts[2m > [22m[2mextractHistoryFromSdkMessages - STRESS TESTS[2m > [22m[2mhandles messages with null content
[22m[39m2026-05-27 22:55:38 [message-store] [34mdebug[39m: extractHistoryFromSdkMessages: 1 raw SDK message(s)
2026-05-27 22:55:38 [message-store] [34mdebug[39m: extractHistoryFromSdkMessages: produced 1 ChatMessageIPC(s)

[90mstdout[2m | src/tests/message-store.test.ts[2m > [22m[2mextractHistoryFromSdkMessages - STRESS TESTS[2m > [22m[2mhandles messages with undefined content
[22m[39m2026-05-27 22:55:38 [message-store] [34mdebug[39m: extractHistoryFromSdkMessages: 1 raw SDK message(s)
2026-05-27 22:55:38 [message-store] [34mdebug[39m: extractHistoryFromSdkMessages: produced 1 ChatMessageIPC(s)

[90mstdout[2m | src/tests/message-store.test.ts[2m > [22m[2mextractHistoryFromSdkMessages - STRESS TESTS[2m > [22m[2mhandles very large tool call result (1MB)
[22m[39m2026-05-27 22:55:38 [message-store] [34mdebug[39m: extractHistoryFromSdkMessages: 2 raw SDK message(s)
2026-05-27 22:55:38 [message-store] [34mdebug[39m: extractHistoryFromSdkMessages: produced 1 ChatMessageIPC(s)

[90mstdout[2m | src/tests/message-store.test.ts[2m > [22m[2mextractHistoryFromSdkMessages - STRESS TESTS[2m > [22m[2mhandles 1000 messages efficiently
[22m[39m2026-05-27 22:55:38 [message-store] [34mdebug[39m: extractHistoryFromSdkMessages: 1000 raw SDK message(s)
2026-05-27 22:55:38 [message-store] [34mdebug[39m: extractHistoryFromSdkMessages: produced 1000 ChatMessageIPC(s)

[90mstdout[2m | src/tests/message-store.test.ts[2m > [22m[2mextractHistoryFromSdkMessages - STRESS TESTS[2m > [22m[2mhandles negative timestamps
[22m[39m2026-05-27 22:55:38 [message-store] [34mdebug[39m: extractHistoryFromSdkMessages: 1 raw SDK message(s)
2026-05-27 22:55:38 [message-store] [34mdebug[39m: extractHistoryFromSdkMessages: produced 1 ChatMessageIPC(s)

[90mstdout[2m | src/tests/message-store.test.ts[2m > [22m[2mextractHistoryFromSdkMessages - STRESS TESTS[2m > [22m[2mhandles duplicate tool results for same tool call
[22m[39m2026-05-27 22:55:38 [message-store] [34mdebug[39m: extractHistoryFromSdkMessages: 3 raw SDK message(s)
2026-05-27 22:55:38 [message-store] [34mdebug[39m: extractHistoryFromSdkMessages: produced 1 ChatMessageIPC(s)

[90mstdout[2m | src/tests/message-store.test.ts[2m > [22m[2mextractHistoryFromSdkMessages - STRESS TESTS[2m > [22m[2mhandles orphaned tool results
[22m[39m2026-05-27 22:55:38 [message-store] [34mdebug[39m: extractHistoryFromSdkMessages: 3 raw SDK message(s)
2026-05-27 22:55:38 [message-store] [34mdebug[39m: extractHistoryFromSdkMessages: produced 2 ChatMessageIPC(s)

[90mstdout[2m | src/tests/message-store.test.ts[2m > [22m[2mextractHistoryFromSdkMessages - STRESS TESTS[2m > [22m[2mhandles usage with zero values
[22m[39m2026-05-27 22:55:38 [message-store] [34mdebug[39m: extractHistoryFromSdkMessages: 1 raw SDK message(s)
2026-05-27 22:55:38 [message-store] [34mdebug[39m: extractHistoryFromSdkMessages: produced 1 ChatMessageIPC(s)

[90mstdout[2m | src/tests/message-store.test.ts[2m > [22m[2mextractHistoryFromSdkMessages - STRESS TESTS[2m > [22m[2mhandles tool call with undefined name
[22m[39m2026-05-27 22:55:38 [message-store] [34mdebug[39m: extractHistoryFromSdkMessages: 1 raw SDK message(s)
2026-05-27 22:55:38 [message-store] [34mdebug[39m: extractHistoryFromSdkMessages: produced 1 ChatMessageIPC(s)

[90mstdout[2m | src/tests/message-store.test.ts[2m > [22m[2mextractHistoryFromSdkMessages - STRESS TESTS[2m > [22m[2mhandles tool call with null arguments
[22m[39m2026-05-27 22:55:38 [message-store] [34mdebug[39m: extractHistoryFromSdkMessages: 1 raw SDK message(s)
2026-05-27 22:55:38 [message-store] [34mdebug[39m: extractHistoryFromSdkMessages: produced 1 ChatMessageIPC(s)

[90mstdout[2m | src/tests/message-store.test.ts[2m > [22m[2mextractHistoryFromSdkMessages - STRESS TESTS[2m > [22m[2mhandles content with nested arrays of text blocks
[22m[39m2026-05-27 22:55:38 [message-store] [34mdebug[39m: extractHistoryFromSdkMessages: 1 raw SDK message(s)
2026-05-27 22:55:38 [message-store] [34mdebug[39m: extractHistoryFromSdkMessages: produced 1 ChatMessageIPC(s)

[90mstdout[2m | src/tests/message-store.test.ts[2m > [22m[2mextractHistoryFromSdkMessages - STRESS TESTS[2m > [22m[2mhandles malformed timestamp (string instead of number)
[22m[39m2026-05-27 22:55:38 [message-store] [34mdebug[39m: extractHistoryFromSdkMessages: 1 raw SDK message(s)
2026-05-27 22:55:38 [message-store] [34mdebug[39m: extractHistoryFromSdkMessages: produced 1 ChatMessageIPC(s)

[90mstdout[2m | src/tests/message-store.test.ts[2m > [22m[2mextractHistoryFromSdkMessages - STRESS TESTS[2m > [22m[2mhandles very long tool call ID (10KB)
[22m[39m2026-05-27 22:55:38 [message-store] [34mdebug[39m: extractHistoryFromSdkMessages: 2 raw SDK message(s)
2026-05-27 22:55:38 [message-store] [34mdebug[39m: extractHistoryFromSdkMessages: produced 1 ChatMessageIPC(s)

[90mstdout[2m | src/tests/message-store.test.ts[2m > [22m[2mextractHistoryFromSdkMessages - STRESS TESTS[2m > [22m[2mhandles tool result with isError as string instead of boolean
[22m[39m2026-05-27 22:55:38 [message-store] [34mdebug[39m: extractHistoryFromSdkMessages: 2 raw SDK message(s)
2026-05-27 22:55:38 [message-store] [34mdebug[39m: extractHistoryFromSdkMessages: produced 1 ChatMessageIPC(s)

[90mstdout[2m | src/tests/message-store.test.ts[2m > [22m[2mextractHistoryFromSdkMessages - STRESS TESTS[2m > [22m[2mhandles concurrent extract calls efficiently
[22m[39m2026-05-27 22:55:38 [message-store] [34mdebug[39m: extractHistoryFromSdkMessages: 100 raw SDK message(s)
2026-05-27 22:55:38 [message-store] [34mdebug[39m: extractHistoryFromSdkMessages: produced 100 ChatMessageIPC(s)
2026-05-27 22:55:38 [message-store] [34mdebug[39m: extractHistoryFromSdkMessages: 100 raw SDK message(s)
2026-05-27 22:55:38 [message-store] [34mdebug[39m: extractHistoryFromSdkMessages: produced 100 ChatMessageIPC(s)
2026-05-27 22:55:38 [message-store] [34mdebug[39m: extractHistoryFromSdkMessages: 100 raw SDK message(s)
2026-05-27 22:55:38 [message-store] [34mdebug[39m: extractHistoryFromSdkMessages: produced 100 ChatMessageIPC(s)
2026-05-27 22:55:38 [message-store] [34mdebug[39m: extractHistoryFromSdkMessages: 100 raw SDK message(s)
2026-05-27 22:55:38 [message-store] [34mdebug[39m: extractHistoryFromSdkMessages: produced 100 ChatMessageIPC(s)
2026-05-27 22:55:38 [message-store] [34mdebug[39m: extractHistoryFromSdkMessages: 100 raw SDK message(s)
2026-05-27 22:55:38 [message-store] [34mdebug[39m: extractHistoryFromSdkMessages: produced 100 ChatMessageIPC(s)
2026-05-27 22:55:38 [message-store] [34mdebug[39m: extractHistoryFromSdkMessages: 100 raw SDK message(s)
2026-05-27 22:55:38 [message-store] [34mdebug[39m: extractHistoryFromSdkMessages: produced 100 ChatMessageIPC(s)
2026-05-27 22:55:38 [message-store] [34mdebug[39m: extractHistoryFromSdkMessages: 100 raw SDK message(s)
2026-05-27 22:55:38 [message-store] [34mdebug[39m: extractHistoryFromSdkMessages: produced 100 ChatMessageIPC(s)
2026-05-27 22:55:38 [message-store] [34mdebug[39m: extractHistoryFromSdkMessages: 100 raw SDK message(s)
2026-05-27 22:55:38 [message-store] [34mdebug[39m: extractHistoryFromSdkMessages: produced 100 ChatMessageIPC(s)
2026-05-27 22:55:38 [message-store] [34mdebug[39m: extractHistoryFromSdkMessages: 100 raw SDK message(s)
2026-05-27 22:55:38 [message-store] [34mdebug[39m: extractHistoryFromSdkMessages: produced 100 ChatMessageIPC(s)
2026-05-27 22:55:38 [message-store] [34mdebug[39m: extractHistoryFromSdkMessages: 100 raw SDK message(s)
2026-05-27 22:55:38 [message-store] [34mdebug[39m: extractHistoryFromSdkMessages: produced 100 ChatMessageIPC(s)

[90mstdout[2m | src/tests/message-store.test.ts[2m > [22m[2mextractHistoryFromSdkMessages - STRESS TESTS[2m > [22m[2mhandles tool call in user message (malformed - should be ignored)
[22m[39m2026-05-27 22:55:38 [message-store] [34mdebug[39m: extractHistoryFromSdkMessages: 1 raw SDK message(s)
2026-05-27 22:55:38 [message-store] [34mdebug[39m: extractHistoryFromSdkMessages: produced 1 ChatMessageIPC(s)

[90mstdout[2m | src/tests/message-store.test.ts[2m > [22m[2mloadHistoryFromDisk - STRESS TESTS[2m > [22m[2mhandles session with corrupted entries (missing type)
[22m[39m2026-05-27 22:55:38 [message-store] [32minfo[39m: loadHistoryFromDisk sess-1 cwd=/cwd limit=0

[90mstdout[2m | src/tests/message-store.test.ts[2m > [22m[2mloadHistoryFromDisk - STRESS TESTS[2m > [22m[2mhandles session with corrupted entries (missing type)
[22m[39m2026-05-27 22:55:38 [message-store] [34mdebug[39m: extractHistoryFromSdkMessages: 1 raw SDK message(s)
2026-05-27 22:55:38 [message-store] [34mdebug[39m: extractHistoryFromSdkMessages: produced 1 ChatMessageIPC(s)
2026-05-27 22:55:38 [message-store] [34mdebug[39m: loadHistoryFromDisk sess-1 - 1/1 message(s) returned

[90mstdout[2m | src/tests/message-store.test.ts[2m > [22m[2mloadHistoryFromDisk - STRESS TESTS[2m > [22m[2mhandles limit = 1 (minimum non-zero)
[22m[39m2026-05-27 22:55:38 [message-store] [32minfo[39m: loadHistoryFromDisk sess-1 cwd=/cwd limit=1

[90mstdout[2m | src/tests/message-store.test.ts[2m > [22m[2mloadHistoryFromDisk - STRESS TESTS[2m > [22m[2mhandles limit = 1 (minimum non-zero)
[22m[39m2026-05-27 22:55:38 [message-store] [34mdebug[39m: extractHistoryFromSdkMessages: 2 raw SDK message(s)
2026-05-27 22:55:38 [message-store] [34mdebug[39m: extractHistoryFromSdkMessages: produced 2 ChatMessageIPC(s)
2026-05-27 22:55:38 [message-store] [34mdebug[39m: loadHistoryFromDisk sess-1 - 1/2 message(s) returned

[90mstdout[2m | src/tests/message-store.test.ts[2m > [22m[2mloadHistoryFromDisk - STRESS TESTS[2m > [22m[2mhandles concurrent calls for same session
[22m[39m2026-05-27 22:55:38 [message-store] [32minfo[39m: loadHistoryFromDisk sess-1 cwd=/cwd limit=0
2026-05-27 22:55:38 [message-store] [32minfo[39m: loadHistoryFromDisk sess-1 cwd=/cwd limit=0
2026-05-27 22:55:38 [message-store] [32minfo[39m: loadHistoryFromDisk sess-1 cwd=/cwd limit=0
2026-05-27 22:55:38 [message-store] [34mdebug[39m: extractHistoryFromSdkMessages: 1 raw SDK message(s)
2026-05-27 22:55:38 [message-store] [34mdebug[39m: extractHistoryFromSdkMessages: produced 1 ChatMessageIPC(s)
2026-05-27 22:55:38 [message-store] [34mdebug[39m: loadHistoryFromDisk sess-1 - 1/1 message(s) returned
2026-05-27 22:55:38 [message-store] [34mdebug[39m: extractHistoryFromSdkMessages: 1 raw SDK message(s)
2026-05-27 22:55:38 [message-store] [34mdebug[39m: extractHistoryFromSdkMessages: produced 1 ChatMessageIPC(s)
2026-05-27 22:55:38 [message-store] [34mdebug[39m: loadHistoryFromDisk sess-1 - 1/1 message(s) returned
2026-05-27 22:55:38 [message-store] [34mdebug[39m: extractHistoryFromSdkMessages: 1 raw SDK message(s)
2026-05-27 22:55:38 [message-store] [34mdebug[39m: extractHistoryFromSdkMessages: produced 1 ChatMessageIPC(s)
2026-05-27 22:55:38 [message-store] [34mdebug[39m: loadHistoryFromDisk sess-1 - 1/1 message(s) returned

[90mstdout[2m | src/tests/message-store.test.ts[2m > [22m[2mloadHistoryFromDisk - STRESS TESTS[2m > [22m[2mhandles session path with unicode characters
[22m[39m2026-05-27 22:55:38 [message-store] [32minfo[39m: loadHistoryFromDisk sess-1 cwd=/cwd/unicode limit=0

[90mstdout[2m | src/tests/message-store.test.ts[2m > [22m[2mloadHistoryFromDisk - STRESS TESTS[2m > [22m[2mhandles session path with unicode characters
[22m[39m2026-05-27 22:55:38 [message-store] [34mdebug[39m: extractHistoryFromSdkMessages: 1 raw SDK message(s)
2026-05-27 22:55:38 [message-store] [34mdebug[39m: extractHistoryFromSdkMessages: produced 1 ChatMessageIPC(s)
2026-05-27 22:55:38 [message-store] [34mdebug[39m: loadHistoryFromDisk sess-1 - 1/1 message(s) returned

[90mstdout[2m | src/tests/message-store.test.ts[2m > [22m[2mtryRefreshFromDisk - STRESS TESTS[2m > [22m[2mhandles disk returning exactly same message count
[22m[39m2026-05-27 22:55:38 [message-store] [34mdebug[39m: extractHistoryFromSdkMessages: 1 raw SDK message(s)
2026-05-27 22:55:38 [message-store] [34mdebug[39m: extractHistoryFromSdkMessages: produced 1 ChatMessageIPC(s)

 [32m✓[39m src/tests/message-store.test.ts [2m([22m[2m60 tests[22m[2m)[22m[32m 71[2mms[22m[39m
[90mstdout[2m | src/tests/main/logger.test.ts
[22m[39mDownloading Electron binary...

[90mstdout[2m | src/tests/main/logger.test.ts[2m > [22m[2mlogger[2m > [22m[2mlog level methods do not throw in test environment
[22m[39m2026-05-27 22:55:40 [test-module] [31merror[39m: test error
2026-05-27 22:55:40 [test-module] [33mwarn[39m: test warn
2026-05-27 22:55:40 [test-module] [32minfo[39m: test info
2026-05-27 22:55:40 [test-module] [32mhttp[39m: test http
2026-05-27 22:55:40 [test-module] [36mverbose[39m: test verbose
2026-05-27 22:55:40 [test-module] [34mdebug[39m: test debug

[90mstdout[2m | src/tests/main/logger.test.ts[2m > [22m[2mlogger[2m > [22m[2mlog level methods accept meta objects without throwing
[22m[39m2026-05-27 22:55:40 [test-module] [32minfo[39m: test {"key":"value"}
2026-05-27 22:55:40 [test-module] [31merror[39m: test {"err":{}}
2026-05-27 22:55:40 [test-module] [33mwarn[39m: test {"count":42}

[90mstdout[2m | src/tests/main/logger.test.ts[2m > [22m[2mlogger[2m > [22m[2mchild() logger methods do not throw
[22m[39m2026-05-27 22:55:40 [child-module] [32minfo[39m: child test
2026-05-27 22:55:40 [child-module] [31merror[39m: child error

[90mstdout[2m | src/tests/main/logger.test.ts[2m > [22m[2mlogger[2m > [22m[2mchild() without label uses parent label
[22m[39m2026-05-27 22:55:40 [test-module] [32minfo[39m: child with no label

[90mstdout[2m | src/tests/main/logger.test.ts[2m > [22m[2mlogger[2m > [22m[2mwinston logger properties[2m > [22m[2mwinston logger is configured for test environment silence
[22m[39m2026-05-27 22:55:40 [test-module] [32minfo[39m: silent test

[90mstdout[2m | src/tests/main/logger.test.ts[2m > [22m[2mlogger[2m > [22m[2mwinston logger output capture[2m > [22m[2minfo log is captured with correct level
[22m[39m2026-05-27 22:55:40 [capture-module] [32minfo[39m: capture-test-info

[90mstdout[2m | src/tests/main/logger.test.ts[2m > [22m[2mlogger[2m > [22m[2mwinston logger output capture[2m > [22m[2merror log is captured with correct level
[22m[39m2026-05-27 22:55:40 [capture-module] [31merror[39m: capture-test-error

[90mstdout[2m | src/tests/main/logger.test.ts[2m > [22m[2mlogger[2m > [22m[2mwinston logger output capture[2m > [22m[2mwarn log is captured with correct level
[22m[39m2026-05-27 22:55:40 [capture-module] [33mwarn[39m: capture-test-warn

[90mstdout[2m | src/tests/main/logger.test.ts[2m > [22m[2mlogger[2m > [22m[2mwinston logger output capture[2m > [22m[2mlog message contains the expected text
[22m[39m2026-05-27 22:55:40 [capture-module] [32minfo[39m: unique-capture-msg-xyz

[90mstdout[2m | src/tests/main/logger.test.ts[2m > [22m[2mlogger[2m > [22m[2mwinston logger output capture[2m > [22m[2mlog contains the label from createLogger
[22m[39m2026-05-27 22:55:40 [capture-module] [32minfo[39m: label-capture-test

[90mstdout[2m | src/tests/main/logger.test.ts[2m > [22m[2mlogger[2m > [22m[2mwinston logger output capture[2m > [22m[2mmeta data is passed through log call
[22m[39m2026-05-27 22:55:40 [capture-module] [32minfo[39m: meta-capture-test {"extra":"data"}

[90mstdout[2m | src/tests/main/logger.test.ts[2m > [22m[2mlogger[2m > [22m[2mwinston logger output capture[2m > [22m[2mchild logger with new label uses the new label
[22m[39m2026-05-27 22:55:40 [child-label] [32minfo[39m: child-with-label

[90mstdout[2m | src/tests/main/logger.test.ts[2m > [22m[2mlogger[2m > [22m[2mcreateLogger with different labels produces independent loggers
[22m[39m2026-05-27 22:55:40 [module-a] [32minfo[39m: from a
2026-05-27 22:55:40 [module-b] [32minfo[39m: from b

[90mstdout[2m | src/tests/main/logger.test.ts[2m > [22m[2mlogger[2m > [22m[2mcreateLogger with empty string label does not throw
[22m[39m2026-05-27 22:55:40 [] [32minfo[39m: test

[90mstdout[2m | src/tests/main/logger.test.ts[2m > [22m[2mlogger[2m > [22m[2mlogger handles undefined meta gracefully
[22m[39m2026-05-27 22:55:40 [test-module] [32minfo[39m: test

[90mstdout[2m | src/tests/main/logger.test.ts[2m > [22m[2mlogger[2m > [22m[2mlogger handles null meta gracefully
[22m[39m2026-05-27 22:55:40 [test-module] [32minfo[39m: test

[90mstdout[2m | src/tests/main/logger.test.ts[2m > [22m[2mlogger[2m > [22m[2mlogger handles empty string message
[22m[39m2026-05-27 22:55:40 [test-module] [32minfo[39m: 

[90mstdout[2m | src/tests/main/logger.test.ts[2m > [22m[2mlogger[2m > [22m[2mlogger handles very long messages
[22m[39m2026-05-27 22:55:40 [test-module] [32minfo[39m: xxxxxxxxxxxxxxxxxxxxxxxxxxxxxxxxxxxxxxxxxxxxxxxxxxxxxxxxxxxxxxxxxxxxxxxxxxxxxxxxxxxxxxxxxxxxxxxxxxxxxxxxxxxxxxxxxxxxxxxxxxxxxxxxxxxxxxxxxxxxxxxxxxxxxxxxxxxxxxxxxxxxxxxxxxxxxxxxxxxxxxxxxxxxxxxxxxxxxxxxxxxxxxxxxxxxxxxxxxxxxxxxxxxxxxxxxxxxxxxxxxxxxxxxxxxxxxxxxxxxxxxxxxxxxxxxxxxxxxxxxxxxxxxxxxxxxxxxxxxxxxxxxxxxxxxxxxxxxxxxxxxxxxxxxxxxxxxxxxxxxxxxxxxxxxxxxxxxxxxxxxxxxxxxxxxxxxxxxxxxxxxxxxxxxxxxxxxxxxxxxxxxxxxxxxxxxxxxxxxxxxxxxxxxxxxxxxxxxxxxxxxxxxxxxxxxxxxxxxxxxxxxxxxxxxxxxxxxxxxxxxxxxxxxxxxxxxxxxxxxxxxxxxxxxxxxxxxxxxxxxxxxxxxxxxxxxxxxxxxxxxxxxxxxxxxxxxxxxxxxxxxxxxxxxxxxxxxxxxxxxxxxxxxxxxxxxxxxxxxxxxxxxxxxxxxxxxxxxxxxxxxxxxxxxxxxxxxxxxxxxxxxxxxxxxxxxxxxxxxxxxxxxxxxxxxxxxxxxxxxxxxxxxxxxxxxxxxxxxxxxxxxxxxxxxxxxxxxxxxxxxxxxxxxxxxxxxxxxxxxxxxxxxxxxxxxxxxxxxxxxxxxxxxxxxxxxxxxxxxxxxxxxxxxxxxxxxxxxxxxxxxxxxxxxxxxxxxxxxxxxxxxxxxxxxxxxxxxxxxxxxxxxxxxxxxxxxxxxxxxxxxxxxxxxxxxxxxxxxxxxxxxxxxxxxxxxxxxxxxxxxxxxxxxxxxxxxxxxxxxxxxxxxxxxxxxxxxxxxxxxxxxxxxxxxxxxxxxxxxxxxxxxxxxxxxxxxxxxxxxxxxxxxxxxxxxxxxxxxxxxxxxxxxxxxxxxxxxxxxxxxxxxxxxxxxxxxxxxxxxxxxxxxxxxxxxxxxxxxxxxxxxxxxxxxxxxxxxxxxxxxxxxxxxxxxxxxxxxxxxxxxxxxxxxxxxxxxxxxxxxxxxxxxxxxxxxxxxxxxxxxxxxxxxxxxxxxxxxxxxxxxxxxxxxxxxxxxxxxxxxxxxxxxxxxxxxxxxxxxxxxxxxxxxxxxxxxxxxxxxxxxxxxxxxxxxxxxxxxxxxxxxxxxxxxxxxxxxxxxxxxxxxxxxxxxxxxxxxxxxxxxxxxxxxxxxxxxxxxxxxxxxxxxxxxxxxxxxxxxxxxxxxxxxxxxxxxxxxxxxxxxxxxxxxxxxxxxxxxxxxxxxxxxxxxxxxxxxxxxxxxxxxxxxxxxxxxxxxxxxxxxxxxxxxxxxxxxxxxxxxxxxxxxxxxxxxxxxxxxxxxxxxxxxxxxxxxxxxxxxxxxxxxxxxxxxxxxxxxxxxxxxxxxxxxxxxxxxxxxxxxxxxxxxxxxxxxxxxxxxxxxxxxxxxxxxxxxxxxxxxxxxxxxxxxxxxxxxxxxxxxxxxxxxxxxxxxxxxxxxxxxxxxxxxxxxxxxxxxxxxxxxxxxxxxxxxxxxxxxxxxxxxxxxxxxxxxxxxxxxxxxxxxxxxxxxxxxxxxxxxxxxxxxxxxxxxxxxxxxxxxxxxxxxxxxxxxxxxxxxxxxxxxxxxxxxxxxxxxxxxxxxxxxxxxxxxxxxxxxxxxxxxxxxxxxxxxxxxxxxxxxxxxxxxxxxxxxxxxxxxxxxxxxxxxxxxxxxxxxxxxxxxxxxxxxxxxxxxxxxxxxxxxxxxxxxxxxxxxxxxxxxxxxxxxxxxxxxxxxxxxxxxxxxxxxxxxxxxxxxxxxxxxxxxxxxxxxxxxxxxxxxxxxxxxxxxxxxxxxxxxxxxxxxxxxxxxxxxxxxxxxxxxxxxxxxxxxxxxxxxxxxxxxxxxxxxxxxxxxxxxxxxxxxxxxxxxxxxxxxxxxxxxxxxxxxxxxxxxxxxxxxxxxxxxxxxxxxxxxxxxxxxxxxxxxxxxxxxxxxxxxxxxxxxxxxxxxxxxxxxxxxxxxxxxxxxxxxxxxxxxxxxxxxxxxxxxxxxxxxxxxxxxxxxxxxxxxxxxxxxxxxxxxxxxxxxxxxxxxxxxxxxxxxxxxxxxxxxxxxxxxxxxxxxxxxxxxxxxxxxxxxxxxxxxxxxxxxxxxxxxxxxxxxxxxxxxxxxxxxxxxxxxxxxxxxxxxxxxxxxxxxxxxxxxxxxxxxxxxxxxxxxxxxxxxxxxxxxxxxxxxxxxxxxxxxxxxxxxxxxxxxxxxxxxxxxxxxxxxxxxxxxxxxxxxxxxxxxxxxxxxxxxxxxxxxxxxxxxxxxxxxxxxxxxxxxxxxxxxxxxxxxxxxxxxxxxxxxxxxxxxxxxxxxxxxxxxxxxxxxxxxxxxxxxxxxxxxxxxxxxxxxxxxxxxxxxxxxxxxxxxxxxxxxxxxxxxxxxxxxxxxxxxxxxxxxxxxxxxxxxxxxxxxxxxxxxxxxxxxxxxxxxxxxxxxxxxxxxxxxxxxxxxxxxxxxxxxxxxxxxxxxxxxxxxxxxxxxxxxxxxxxxxxxxxxxxxxxxxxxxxxxxxxxxxxxxxxxxxxxxxxxxxxxxxxxxxxxxxxxxxxxxxxxxxxxxxxxxxxxxxxxxxxxxxxxxxxxxxxxxxxxxxxxxxxxxxxxxxxxxxxxxxxxxxxxxxxxxxxxxxxxxxxxxxxxxxxxxxxxxxxxxxxxxxxxxxxxxxxxxxxxxxxxxxxxxxxxxxxxxxxxxxxxxxxxxxxxxxxxxxxxxxxxxxxxxxxxxxxxxxxxxxxxxxxxxxxxxxxxxxxxxxxxxxxxxxxxxxxxxxxxxxxxxxxxxxxxxxxxxxxxxxxxxxxxxxxxxxxxxxxxxxxxxxxxxxxxxxxxxxxxxxxxxxxxxxxxxxxxxxxxxxxxxxxxxxxxxxxxxxxxxxxxxxxxxxxxxxxxxxxxxxxxxxxxxxxxxxxxxxxxxxxxxxxxxxxxxxxxxxxxxxxxxxxxxxxxxxxxxxxxxxxxxxxxxxxxxxxxxxxxxxxxxxxxxxxxxxxxxxxxxxxxxxxxxxxxxxxxxxxxxxxxxxxxxxxxxxxxxxxxxxxxxxxxxxxxxxxxxxxxxxxxxxxxxxxxxxxxxxxxxxxxxxxxxxxxxxxxxxxxxxxxxxxxxxxxxxxxxxxxxxxxxxxxxxxxxxxxxxxxxxxxxxxxxxxxxxxxxxxxxxxxxxxxxxxxxxxxxxxxxxxxxxxxxxxxxxxxxxxxxxxxxxxxxxxxxxxxxxxxxxxxxxxxxxxxxxxxxxxxxxxxxxxxxxxxxxxxxxxxxxxxxxxxxxxxxxxxxxxxxxxxxxxxxxxxxxxxxxxxxxxxxxxxxxxxxxxxxxxxxxxxxxxxxxxxxxxxxxxxxxxxxxxxxxxxxxxxxxxxxxxxxxxxxxxxxxxxxxxxxxxxxxxxxxxxxxxxxxxxxxxxxxxxxxxxxxxxxxxxxxxxxxxxxxxxxxxxxxxxxxxxxxxxxxxxxxxxxxxxxxxxxxxxxxxxxxxxxxxxxxxxxxxxxxxxxxxxxxxxxxxxxxxxxxxxxxxxxxxxxxxxxxxxxxxxxxxxxxxxxxxxxxxxxxxxxxxxxxxxxxxxxxxxxxxxxxxxxxxxxxxxxxxxxxxxxxxxxxxxxxxxxxxxxxxxxxxxxxxxxxxxxxxxxxxxxxxxxxxxxxxxxxxxxxxxxxxxxxxxxxxxxxxxxxxxxxxxxxxxxxxxxxxxxxxxxxxxxxxxxxxxxxxxxxxxxxxxxxxxxxxxxxxxxxxxxxxxxxxxxxxxxxxxxxxxxxxxxxxxxxxxxxxxxxxxxxxxxxxxxxxxxxxxxxxxxxxxxxxxxxxxxxxxxxxxxxxxxxxxxxxxxxxxxxxxxxxxxxxxxxxxxxxxxxxxxxxxxxxxxxxxxxxxxxxxxxxxxxxxxxxxxxxxxxxxxxxxxxxxxxxxxxxxxxxxxxxxxxxxxxxxxxxxxxxxxxxxxxxxxxxxxxxxxxxxxxxxxxxxxxxxxxxxxxxxxxxxxxxxxxxxxxxxxxxxxxxxxxxxxxxxxxxxxxxxxxxxxxxxxxxxxxxxxxxxxxxxxxxxxxxxxxxxxxxxxxxxxxxxxxxxxxxxxxxxxxxxxxxxxxxxxxxxxxxxxxxxxxxxxxxxxxxxxxxxxxxxxxxxxxxxxxxxxxxxxxxxxxxxxxxxxxxxxxxxxxxxxxxxxxxxxxxxxxxxxxxxxxxxxxxxxxxxxxxxxxxxxxxxxxxxxxxxxxxxxxxxxxxxxxxxxxxxxxxxxxxxxxxxxxxxxxxxxxxxxxxxxxxxxxxxxxxxxxxxxxxxxxxxxxxxxxxxxxxxxxxxxxxxxxxxxxxxxxxxxxxxxxxxxxxxxxxxxxxxxxxxxxxxxxxxxxxxxxxxxxxxxxxxxxxxxxxxxxxxxxxxxxxxxxxxxxxxxxxxxxxxxxxxxxxxxxxxxxxxxxxxxxxxxxxxxxxxxxxxxxxxxxxxxxxxxxxxxxxxxxxxxxxxxxxxxxxxxxxxxxxxxxxxxxxxxxxxxxxxxxxxxxxxxxxxxxxxxxxxxxxxxxxxxxxxxxxxxxxxxxxxxxxxxxxxxxxxxxxxxxxxxxxxxxxxxxxxxxxxxxxxxxxxxxxxxxxxxxxxxxxxxxxxxxxxxxxxxxxxxxxxxxxxxxxxxxxxxxxxxxxxxxxxxxxxxxxxxxxxxxxxxxxxxxxxxxxxxxxxxxxxxxxxxxxxxxxxxxxxxxxxxxxxxxxxxxxxxxxxxxxxxxxxxxxxxxxxxxxxxxxxxxxxxxxxxxxxxxxxxxxxxxxxxxxxxxxxxxxxxxxxxxxxxxxxxxxxxxxxxxxxxxxxxxxxxxxxxxxxxxxxxxxxxxxxxxxxxxxxxxxxxxxxxxxxxxxxxxxxxxxxxxxxxxxxxxxxxxxxxxxxxxxxxxxxxxxxxxxxxxxxxxxxxxxxxxxxxxxxxxxxxxxxxxxxxxxxxxxxxxxxxxxxxxxxxxxxxxxxxxxxxxxxxxxxxxxxxxxxxxxxxxxxxxxxxxxxxxxxxxxxxxxxxxxxxxxxxxxxxxxxxxxxxxxxxxxxxxxxxxxxxxxxxxxxxxxxxxxxxxxxxxxxxxxxxxxxxxxxxxxxxxxxxxxxxxxxxxxxxxxxxxxxxxxxxxxxxxxxxxxxxxxxxxxxxxxxxxxxxxxxxxxxxxxxxxxxxxxxxxxxxxxxxxxxxxxxxxxxxxxxxxxxxxxxxxxxxxxxxxxxxxxxxxxxxxxxxxxxxxxxxxxxxxxxxxxxxxxxxxxxxxxxxxxxxxxxxxxxxxxxxxxxxxxxxxxxxxxxxxxxxxxxxxxxxxxxxxxxxxxxxxxxxxxxxxxxxxxxxxxxxxxxxxxxxxxxxxxxxxxxxxxxxxxxxxxxxxxxxxxxxxxxxxxxxxxxxxxxxxxxxxxxxxxxxxxxxxxxxxxxxxxxxxxxxxxxxxxxxxxxxxxxxxxxxxxxxxxxxxxxxxxxxxxxxxxxxxxxxxxxxxxxxxxxxxxxxxxxxxxxxxxxxxxxxxxxxxxxxxxxxxxxxxxxxxxxxxxxxxxxxxxxxxxxxxxxxxxxxxxxxxxxxxxxxxxxxxxxxxxxxxxxxxxxxxxxxxxxxxxxxxxxxxxxxxxxxxxxxxxxxxxxxxxxxxxxxxxxxxxxxxxxxxxxxxxxxxxxxxxxxxxxxxxxxxxxxxxxxxxxxxxxxxxxxxxxxxxxxxxxxxxxxxxxxxxxxxxxxxxxxxxxxxxxxxxxxxxxxxxxxxxxxxxxxxxxxxxxxxxxxxxxxxxxxxxxxxxxxxxxxxxxxxxxxxxxxxxxxxxxxxxxxxxxxxxxxxxxxxxxxxxxxxxxxxxxxxxxxxxxxxxxxxxxxxxxxxxxxxxxxxxxxxxxxxxxxxxxxxxxxxxxxxxxxxxxxxxxxxxxxxxxxxxxxxxxxxxxxxxxxxxxxxxxxxxxxxxxxxxxxxxxxxxxxxxxxxxxxxxxxxxxxxxxxxxxxxxxxxxxxxxxxxxxxxxxxxxxxxxxxxxxxxxxxxxxxxxxxxxxxxxxxxxxxxxxxxxxxxxxxxxxxxxxxxxxxxxxxxxxxxxxxxxxxxxxxxxxxxxxxxxxxxxxxxxxxxxxxxxxxxxxxxxxxxxxxxxxxxxxxxxxxxxxxxxxxxxxxxxxxxxxxxxxxxxxxxxxxxxxxxxxxxxxxxxxxxxxxxxxxxxxxxxxxxxxxxxxxxxxxxxxxxxxxxxxxxxxxxxxxxxxxxxxxxxxxxxxxxxxxxxxxxxxxxxxxxxxxxxxxxxxxxxxxxxxxxxxxxxxxxxxxxxxxxxxxxxxxxxxxxxxxxxxxxxxxxxxxxxxxxxxxxxxxxxxxxxxxxxxxxxxxxxxxxxxxxxxxxxxxxxxxxxxxxxxxxxxxxxxxxxxxxxxxxxxxxxxxxxxxxxxxxxxxxxxxxxxxxxxxxxxxxxxxxxxxxxxxxxxxxxxxxxxxxxxxxxxxxxxxxxxxxxxxxxxxxxxxxxxxxxxxxxxxxxxxxxxxxxxxxxxxxxxxxxxxxxxxxxxxxxxxxxxxxxxxxxxxxxxxxxxxxxxxxxxxxxxxxxxxxxxxxxxxxxxxxxxxxxxxxxxxxxxxxxxxxxxxxxxxxxxxxxxxxxxxxxxxxxxxxxxxxxxxxxxxxxxxxxxxxxxxxxxxxxxxxxxxxxxxxxxxxxxxxxxxxxxxxxxxxxxxxxxxxxxxxxxxxxxxxxxxxxxxxxxxxxxxxxxxxxxxxxxxxxxxxxxxxxxxxxxxxxxxxxxxxxxxxxxxxxxxxxxxxxxxxxxxxxxxxxxxxxxxxxxxxxxxxxxxxxxxxxxxxxxxxxxxxxxxxxxxxxxxxxxxxxxxxxxxxxxxxxxxxxxxxxxxxxxxxxxxxxxxxxxxxxxxxxxxxxxxxxxxxxxxxxxxxxxxxxxxxxxxxxxxxxxxxxxxxxxxxxxxxxxxxxxxxxxxxxxxxxxxxxxxxxxxxxxxxxxxxxxxxxxxxxxxxxxxxxxxxxxxxxxxxxxxxxxxxxxxxxxxxxxxxxxxxxxxxxxxxxxxxxxxxxxxxxxxxxxxxxxxxxxxxxxxxxxxxxxxxxxxxxxxxxxxxxxxxxxxxxxxxxxxxxxxxxxxxxxxxxxxxxxxxxxxxxxxxxxxxxxxxxxxxxxxxxxxxxxxxxxxxxxxxxxxxxxxxxxxxxxxxxxxxxxxxxxxxxxxxxxxxxxxxxxxxxxxxxxxxxxxxxxxxxxxxxxxxxxxxxxxxxxxxxxxxxxxxxxxxxxxxxxxxxxxxxxxxxxxxxxxxxxxxxxxxxxxxxxxxxxxxxxxxxxxxxxxxxxxxxxxxxxxxxxxxxxxxxxxxxxxxxxxxxxxxxxxxxxxxxxxxxxxxxxxxxxxxxxxxxxxxxxxxxxxxxxxxxxxxxxxxxxxxxxxxxxxxxxxxxxxxxxxxxxxxxxxxxxxxxxxxxxxxxxxxxxxxxxxxxxxxxxxxxxxxxxxxxxxxxxxxxxxxxxxxxxxxxxxxxxxxxxxxxxxxxxxxxxxxxxxxxxxxxxxxxxxxxxxxxxxxxxxxxxxxxxxxxxxxxxxxxxxxxxxxxxxxxxxxxxxxxxxxxxxxxxxxxxxxxxxxxxxxxxxxxxxxxxxxxxxxxxxxxxxxxxxxxxxxxxxxxxxxxxxxxxxxxxxxxxxxxxxxxxxxxxxxxxxxxxxxxxxxxxxxxxxxxxxxxxxxxxxxxxxxxxxxxxxxxxxxxxxxxxxxxxxxxxxxxxxxxxxxxxxxxxxxxxxxxxxxxxxxxxxxxxxxxxxxxxxxxxxxxxxxxxxxxxxxxxxxxxxxxxxxxxxxxxxxxxxxxxxxxxxxxxxxxxxxxxxxxxxxxxxxxxxxxxxxxxxxxxxxxxxxxxxxxxxxxxxxxxxxxxxxxxxxxxxxxxxxxxxxxxxxxxxxxxxxxxxxxxxxxxxxxxxxxxxxxxxxxxxxxxxxxxxxxxxxxxxxxxxxxxxxxxxxxxxxxxxxxxxxxxxxxxxxxxxxxxxxxxxxxxxxxxxxxxxxxxxxxxxxxxxxxxxxxxxxxxxxxxxxxxxxxxxxxxxxxxxxxxxxxxxxxxxxxxxxxxxxxxxxxxxxxxxxxxxxxxxxxxxxxxxxxxxxxxxxxxxxxxxxxxxxxxxxxxxxxxxxxxxxxxxxxxxxxxxxxxxxxxxxxxxxxxxxxxxxxxxxxxxxxxxxxxxxxxxxxxxxxxxxxxxxxxxxxxxxxxxxxxxxxxxxxxxxxxxxxxxxxxxxxxxxxxxxxxxxxxxxxxxxxxxxxxxxxxxxxxxxxxxxxxxxxxxxxxxxxxxxxxxxxxxxxxxxxxxxxxxxxxxxxxxxxxxxxxxxxxxxxxxxxxxxxxxxxxxxxxxxxxxxxxxxxxxxxxxxxxxxxxxxxxxxxxxxxxxxxxxxxxxxxxxxxxxxxxxxxxxxxxxxxxxxxxxxxxxxxxxxxxxxxxxxxxxxxxxxxxxxxxxxxxxxxxxxxxxxxxxxxxxxxxxxxxxxxxxxxxxxxxxxxxxxxxxxxxxxxxxxxxxxxxxxxxxxxxxxxxxxxxxxxxxxxxxxxxxxxxxxxxxxxxxxxxxxxxxxxxxxxxxxxxxxxxxxxxxxxxxxxxxxxxxxxxxxxxxxxxxxxxxxxxxxxxxxxxxxxxxxxxxxxxxxxxxxxxxxxxxxxxxxxxxxxxxxxxxxxxxxxxxxxxxxxxxxxxxxxxxxxxxxxxxxxxxxxxxxxxxxxxxxxxxxxxxxxxxxxxxxxxxxxxxxxxxxxxxxxxxxxxxxxxxxxxxxxxxxxxxxxxxxxxxxxxxxxxxxxxxxxxxxxxxxxxxxxxxxxxxxxxxxxxxxxxxxxxxxxxxxxxxxxxxxxxxxxxxxxxxxxxxxxxxxxxxxxxxxxxxxxxxxxxxxxxxxxxxxxxxxxxxxxxxxxxxxxxxxxxxxxxxxxxxxxxxxxxxxxxxxxxxxxxxxxxxxxxxxxxxxxxxxxxxxxxxxxxxxxxxxxxxxxxxxxxxxxxxxxxxxxxxxxxxxxxxxxxxxxxxxxxxxxxxxxxxxxxxxxxxxxxxxxxxxxxxxxxxxxxxxxxxxxxxxxxxxxxxxxxxxxxxxxxxxxxxxxxxxxxxxxxxxxxxxxxxxxxxxxxxxxxxxxxxxxxxxxxxxxxxxxxxxxxxxxxxxxxxxxxxxxxxxxxxxxxxxxxxxxxxxxxxxxxxxxxxxxxxxxxxxxxxxxxxxxxxxxxxxxxxxxxxxxxxxxxxxxxxxxxxxxxxxxxxxxxxxxxxxxxxxxxxxxxxxxxxxxxxxxxxxxxxxxxxxxxxxxxxxxxxxxxxxxxxxxxxxxxxxxxxxxxxxxxxxxxxxxxxxxxxxxxxxxxxxxxxxxxxxxxxxxxxxxxxxxxxxxxxxxxxxxxxxxxxxxxxxxxxxxxxxxxxxxxxxxxxxxxxxxxxxxxxxxxxxxxxxxxxxxxxxxxxxxxxxxxxxxxxxxxxxxxxxxxxxxxxxxxxxxxxxxxxxxxxxxxxxxxxxxxxxxxxxxxxxxxxxxxxxxxxxxxxxxxxxxxxxxxxxxxxxxxxxxxxxxxxxxxxxxxxxxxxxxxxxxxxxxxxxxxxxxxxxxxxxxxxxxxxxxxxxxxxxxxxxxxxxxxxxxxxxxxxxxxxxxxxxxxxxxxxxxxxxxxxxxxxxxxxxxxxxxxxxxxxxxxxxxxxxxxxxxxxxxxxxxxxxxxxxxxxxxxxxxxxxxxxxxxxxxxxxxxxxxxxxxxxxxxxxxxxxxxxxxxxxxxxxxxxxxxxxxxxxxxxxxxxxxxxxxxxxxxxxxxxxxxxxxxxxxxxxxxxxxxxxxxxxxxxxxxxxxxxxxxxxxxxxxxxxxxxxxxxxxxxxxxxxxxxxxxxxxxxxxxxxxxxxxxxxxxxxxxxxxxxxxxxxxxxxxxxxxxxxxxxxxxxxxxxxxxxxxxxxxxxxx

[90mstdout[2m | src/tests/main/logger.test.ts[2m > [22m[2mlogger[2m > [22m[2mlogger handles special characters in messages
[22m[39m2026-05-27 22:55:40 [test-module] [32minfo[39m: Special: 
	 
2026-05-27 22:55:40 [test-module] [32minfo[39m: Unicode: éñü
2026-05-27 22:55:40 [test-module] [32minfo[39m: Emoji: 😀

[90mstdout[2m | src/tests/main/logger.test.ts[2m > [22m[2mlogger[2m > [22m[2mdeeply nested child loggers do not throw
[22m[39m2026-05-27 22:55:40 [nested-4] [32minfo[39m: deeply nested

 [32m✓[39m src/tests/main/logger.test.ts [2m([22m[2m25 tests[22m[2m)[22m[32m 37[2mms[22m[39m

[31m⎯⎯⎯⎯⎯⎯⎯[39m[1m[41m Failed Tests 5 [49m[22m[31m⎯⎯⎯⎯⎯⎯⎯[39m

[41m[1m FAIL [22m[49m src/tests/git-operations-critical.test.ts[2m > [22mCategory 1: "Name vs. Reality" Audit[2m > [22mcommit(cwd, message)[2m > [22mname says "commit" but what about a multiline message with special chars? Contract is silent
[31m[1mError[22m: Invalid commit message: must not contain shell metacharacters (backticks, $(), backslashes)[39m
[36m [2m❯[22m validateCommitMessage src/main/git-operations-manager.ts:[2m56:11[22m[39m
    [90m 54|[39m   // Backticks and $(...) allow command substitution; backslashes can …
    [90m 55|[39m   [35mif[39m ([36m/`|\$\(|\\/[39m[33m.[39m[34mtest[39m(message)) {
    [90m 56|[39m     throw new Error('Invalid commit message: must not contain shell me…
    [90m   |[39m           [31m^[39m
    [90m 57|[39m   }
    [90m 58|[39m }
[90m [2m❯[22m GitOperationsManager.commit src/main/git-operations-manager.ts:[2m392:5[22m[39m
[90m [2m❯[22m src/tests/git-operations-critical.test.ts:[2m189:36[22m[39m

[31m[2m⎯⎯⎯⎯⎯⎯⎯⎯⎯⎯⎯⎯⎯⎯⎯⎯⎯⎯⎯⎯⎯⎯⎯⎯[1/5]⎯[22m[39m

[41m[1m FAIL [22m[49m src/tests/renderer/MarkdownContent.test.tsx[2m > [22mMarkdownContent[2m > [22mcopy button calls clipboard.writeText
[41m[1m FAIL [22m[49m src/tests/renderer/MarkdownContent.test.tsx[2m > [22mMarkdownContent[2m > [22mshows Copied label after clicking copy
[41m[1m FAIL [22m[49m src/tests/renderer/MarkdownContent.test.tsx[2m > [22mMarkdownContent: cache behavior via repeated renders[2m > [22mrenders identical code blocks multiple times (cache hit)
[31m[1mError[22m: Rendered more hooks than during the previous render.[39m
[90m [2m❯[22m updateWorkInProgressHook node_modules/react-dom/cjs/react-dom-client.development.js:[2m7848:17[22m[39m
[90m [2m❯[22m updateMemo node_modules/react-dom/cjs/react-dom-client.development.js:[2m8790:18[22m[39m
[90m [2m❯[22m Object.useMemo node_modules/react-dom/cjs/react-dom-client.development.js:[2m26484:18[22m[39m
[90m [2m❯[22m process.env.NODE_ENV.exports.useMemo node_modules/react/cjs/react.development.js:[2m1251:34[22m[39m
[36m [2m❯[22m CodeBlockWithShiki src/renderer/src/components/chat/MarkdownContent.tsx:[2m190:25[22m[39m
    [90m188|[39m   // While Shiki is generally safe (only produces <span> elements), a …
    [90m189|[39m   // Shiki version, a malicious language grammar, or cache poisoning c…
    [90m190|[39m   [35mconst[39m sanitizedHtml [33m=[39m [34museMemo[39m(() [33m=>[39m [33mDOMPurify[39m[33m.[39m[34msanitize[39m(html)[33m,[39m [html])
    [90m   |[39m                         [31m^[39m
    [90m191|[39m
    [90m192|[39m   [35mreturn[39m (
[90m [2m❯[22m Object.react_stack_bottom_frame node_modules/react-dom/cjs/react-dom-client.development.js:[2m25904:20[22m[39m
[90m [2m❯[22m renderWithHooks node_modules/react-dom/cjs/react-dom-client.development.js:[2m7662:22[22m[39m
[90m [2m❯[22m updateFunctionComponent node_modules/react-dom/cjs/react-dom-client.development.js:[2m10166:19[22m[39m
[90m [2m❯[22m beginWork node_modules/react-dom/cjs/react-dom-client.development.js:[2m11778:18[22m[39m
[90m [2m❯[22m runWithFiberInDEV node_modules/react-dom/cjs/react-dom-client.development.js:[2m874:13[22m[39m

[31m[2m⎯⎯⎯⎯⎯⎯⎯⎯⎯⎯⎯⎯⎯⎯⎯⎯⎯⎯⎯⎯⎯⎯⎯⎯[2/5]⎯[22m[39m

[41m[1m FAIL [22m[49m src/tests/renderer/MarkdownContent.test.tsx[2m > [22mMarkdownContent[2m > [22mrenders multiple code blocks independently
[31m[1mTestingLibraryElementError[22m: Unable to find an element with the text: Some text. This could be because the text is broken up by multiple elements. In this case, you can provide a function for your text matcher to make your matcher more flexible.

Ignored nodes: comments, script, style
[36m<body>[31m
  [36m<div />[31m
[36m</body>[31m[39m
[90m [2m❯[22m Object.getElementError node_modules/@testing-library/dom/dist/config.js:[2m37:19[22m[39m
[90m [2m❯[22m node_modules/@testing-library/dom/dist/query-helpers.js:[2m76:38[22m[39m
[90m [2m❯[22m node_modules/@testing-library/dom/dist/query-helpers.js:[2m52:17[22m[39m
[90m [2m❯[22m node_modules/@testing-library/dom/dist/query-helpers.js:[2m95:19[22m[39m
[36m [2m❯[22m src/tests/renderer/MarkdownContent.test.tsx:[2m303:19[22m[39m
    [90m301|[39m     [34mexpect[39m(copyButtons[33m.[39mlength)[33m.[39m[34mtoBe[39m([34m2[39m)
    [90m302|[39m     [90m// Verify the "Some text" paragraph between code blocks[39m
    [90m303|[39m     [34mexpect[39m(screen[33m.[39m[34mgetByText[39m([32m"Some text"[39m))[33m.[39m[34mtoBeTruthy[39m()
    [90m   |[39m                   [31m^[39m
    [90m304|[39m   })
    [90m305|[39m

[31m[2m⎯⎯⎯⎯⎯⎯⎯⎯⎯⎯⎯⎯⎯⎯⎯⎯⎯⎯⎯⎯⎯⎯⎯⎯[3/5]⎯[22m[39m

[31m⎯⎯⎯⎯⎯⎯[39m[1m[41m Unhandled Errors [49m[22m[31m⎯⎯⎯⎯⎯⎯[39m
[31m[1m
Vitest caught 7 unhandled errors during the test run.
This might cause false positive tests. Resolve unhandled errors to make sure your tests are not affected.[22m[39m

[31m⎯⎯⎯⎯⎯[39m[1m[41m Uncaught Exception [49m[22m[31m⎯⎯⎯⎯⎯[39m
[31m[1mError[22m: Rendered more hooks than during the previous render.[39m
[90m [2m❯[22m updateWorkInProgressHook node_modules/react-dom/cjs/react-dom-client.development.js:[2m7848:17[22m[39m
[90m [2m❯[22m updateMemo node_modules/react-dom/cjs/react-dom-client.development.js:[2m8790:18[22m[39m
[90m [2m❯[22m Object.useMemo node_modules/react-dom/cjs/react-dom-client.development.js:[2m26484:18[22m[39m
[90m [2m❯[22m process.env.NODE_ENV.exports.useMemo node_modules/react/cjs/react.development.js:[2m1251:34[22m[39m
[36m [2m❯[22m CodeBlockWithShiki src/renderer/src/components/chat/MarkdownContent.tsx:[2m190:25[22m[39m
    [90m188|[39m   // While Shiki is generally safe (only produces <span> elements), a …
    [90m189|[39m   // Shiki version, a malicious language grammar, or cache poisoning c…
    [90m190|[39m   [35mconst[39m sanitizedHtml [33m=[39m [34museMemo[39m(() [33m=>[39m [33mDOMPurify[39m[33m.[39m[34msanitize[39m(html)[33m,[39m [html])
    [90m   |[39m                         [31m^[39m
    [90m191|[39m
    [90m192|[39m   [35mreturn[39m (
[90m [2m❯[22m Object.react_stack_bottom_frame node_modules/react-dom/cjs/react-dom-client.development.js:[2m25904:20[22m[39m
[90m [2m❯[22m renderWithHooks node_modules/react-dom/cjs/react-dom-client.development.js:[2m7662:22[22m[39m
[90m [2m❯[22m updateFunctionComponent node_modules/react-dom/cjs/react-dom-client.development.js:[2m10166:19[22m[39m
[90m [2m❯[22m beginWork node_modules/react-dom/cjs/react-dom-client.development.js:[2m11778:18[22m[39m
[90m [2m❯[22m runWithFiberInDEV node_modules/react-dom/cjs/react-dom-client.development.js:[2m874:13[22m[39m

[31mThis error originated in "[1msrc/tests/renderer/MarkdownContent.test.tsx[22m" test file. It doesn't mean the error was thrown inside the file itself, but while it was running.[39m
[31mThe latest test that might've caused the error is "[1mrenders code blocks with language[22m". It might mean one of the following:
- The error was thrown, while Vitest was running this test.
- If the error occurred after the test had been completed, this was the last documented test before it was thrown.[39m

[31m⎯⎯⎯⎯⎯[39m[1m[41m Uncaught Exception [49m[22m[31m⎯⎯⎯⎯⎯[39m
[31m[1mError[22m: Rendered more hooks than during the previous render.[39m
[90m [2m❯[22m updateWorkInProgressHook node_modules/react-dom/cjs/react-dom-client.development.js:[2m7848:17[22m[39m
[90m [2m❯[22m updateMemo node_modules/react-dom/cjs/react-dom-client.development.js:[2m8790:18[22m[39m
[90m [2m❯[22m Object.useMemo node_modules/react-dom/cjs/react-dom-client.development.js:[2m26484:18[22m[39m
[90m [2m❯[22m process.env.NODE_ENV.exports.useMemo node_modules/react/cjs/react.development.js:[2m1251:34[22m[39m
[36m [2m❯[22m CodeBlockWithShiki src/renderer/src/components/chat/MarkdownContent.tsx:[2m190:25[22m[39m
    [90m188|[39m   // While Shiki is generally safe (only produces <span> elements), a …
    [90m189|[39m   // Shiki version, a malicious language grammar, or cache poisoning c…
    [90m190|[39m   [35mconst[39m sanitizedHtml [33m=[39m [34museMemo[39m(() [33m=>[39m [33mDOMPurify[39m[33m.[39m[34msanitize[39m(html)[33m,[39m [html])
    [90m   |[39m                         [31m^[39m
    [90m191|[39m
    [90m192|[39m   [35mreturn[39m (
[90m [2m❯[22m Object.react_stack_bottom_frame node_modules/react-dom/cjs/react-dom-client.development.js:[2m25904:20[22m[39m
[90m [2m❯[22m renderWithHooks node_modules/react-dom/cjs/react-dom-client.development.js:[2m7662:22[22m[39m
[90m [2m❯[22m updateFunctionComponent node_modules/react-dom/cjs/react-dom-client.development.js:[2m10166:19[22m[39m
[90m [2m❯[22m beginWork node_modules/react-dom/cjs/react-dom-client.development.js:[2m11778:18[22m[39m
[90m [2m❯[22m runWithFiberInDEV node_modules/react-dom/cjs/react-dom-client.development.js:[2m874:13[22m[39m

[31mThis error originated in "[1msrc/tests/renderer/MarkdownContent.test.tsx[22m" test file. It doesn't mean the error was thrown inside the file itself, but while it was running.[39m
[31mThe latest test that might've caused the error is "[1mrenders copy button on code blocks[22m". It might mean one of the following:
- The error was thrown, while Vitest was running this test.
- If the error occurred after the test had been completed, this was the last documented test before it was thrown.[39m

[31m⎯⎯⎯⎯⎯[39m[1m[41m Uncaught Exception [49m[22m[31m⎯⎯⎯⎯⎯[39m
[31m[1mError[22m: Rendered more hooks than during the previous render.[39m
[90m [2m❯[22m updateWorkInProgressHook node_modules/react-dom/cjs/react-dom-client.development.js:[2m7848:17[22m[39m
[90m [2m❯[22m updateMemo node_modules/react-dom/cjs/react-dom-client.development.js:[2m8790:18[22m[39m
[90m [2m❯[22m Object.useMemo node_modules/react-dom/cjs/react-dom-client.development.js:[2m26484:18[22m[39m
[90m [2m❯[22m process.env.NODE_ENV.exports.useMemo node_modules/react/cjs/react.development.js:[2m1251:34[22m[39m
[36m [2m❯[22m CodeBlockWithShiki src/renderer/src/components/chat/MarkdownContent.tsx:[2m190:25[22m[39m
    [90m188|[39m   // While Shiki is generally safe (only produces <span> elements), a …
    [90m189|[39m   // Shiki version, a malicious language grammar, or cache poisoning c…
    [90m190|[39m   [35mconst[39m sanitizedHtml [33m=[39m [34museMemo[39m(() [33m=>[39m [33mDOMPurify[39m[33m.[39m[34msanitize[39m(html)[33m,[39m [html])
    [90m   |[39m                         [31m^[39m
    [90m191|[39m
    [90m192|[39m   [35mreturn[39m (
[90m [2m❯[22m Object.react_stack_bottom_frame node_modules/react-dom/cjs/react-dom-client.development.js:[2m25904:20[22m[39m
[90m [2m❯[22m renderWithHooks node_modules/react-dom/cjs/react-dom-client.development.js:[2m7662:22[22m[39m
[90m [2m❯[22m updateFunctionComponent node_modules/react-dom/cjs/react-dom-client.development.js:[2m10166:19[22m[39m
[90m [2m❯[22m beginWork node_modules/react-dom/cjs/react-dom-client.development.js:[2m11778:18[22m[39m
[90m [2m❯[22m runWithFiberInDEV node_modules/react-dom/cjs/react-dom-client.development.js:[2m874:13[22m[39m

[31mThis error originated in "[1msrc/tests/renderer/MarkdownContent.test.tsx[22m" test file. It doesn't mean the error was thrown inside the file itself, but while it was running.[39m
[31mThe latest test that might've caused the error is "[1mrenders code blocks with script-like content safely (no script execution)[22m". It might mean one of the following:
- The error was thrown, while Vitest was running this test.
- If the error occurred after the test had been completed, this was the last documented test before it was thrown.[39m

[31m⎯⎯⎯⎯⎯[39m[1m[41m Uncaught Exception [49m[22m[31m⎯⎯⎯⎯⎯[39m
[31m[1mError[22m: Rendered more hooks than during the previous render.[39m
[90m [2m❯[22m updateWorkInProgressHook node_modules/react-dom/cjs/react-dom-client.development.js:[2m7848:17[22m[39m
[90m [2m❯[22m updateMemo node_modules/react-dom/cjs/react-dom-client.development.js:[2m8790:18[22m[39m
[90m [2m❯[22m Object.useMemo node_modules/react-dom/cjs/react-dom-client.development.js:[2m26484:18[22m[39m
[90m [2m❯[22m process.env.NODE_ENV.exports.useMemo node_modules/react/cjs/react.development.js:[2m1251:34[22m[39m
[36m [2m❯[22m CodeBlockWithShiki src/renderer/src/components/chat/MarkdownContent.tsx:[2m190:25[22m[39m
    [90m188|[39m   // While Shiki is generally safe (only produces <span> elements), a …
    [90m189|[39m   // Shiki version, a malicious language grammar, or cache poisoning c…
    [90m190|[39m   [35mconst[39m sanitizedHtml [33m=[39m [34museMemo[39m(() [33m=>[39m [33mDOMPurify[39m[33m.[39m[34msanitize[39m(html)[33m,[39m [html])
    [90m   |[39m                         [31m^[39m
    [90m191|[39m
    [90m192|[39m   [35mreturn[39m (
[90m [2m❯[22m Object.react_stack_bottom_frame node_modules/react-dom/cjs/react-dom-client.development.js:[2m25904:20[22m[39m
[90m [2m❯[22m renderWithHooks node_modules/react-dom/cjs/react-dom-client.development.js:[2m7662:22[22m[39m
[90m [2m❯[22m updateFunctionComponent node_modules/react-dom/cjs/react-dom-client.development.js:[2m10166:19[22m[39m
[90m [2m❯[22m beginWork node_modules/react-dom/cjs/react-dom-client.development.js:[2m11778:18[22m[39m
[90m [2m❯[22m runWithFiberInDEV node_modules/react-dom/cjs/react-dom-client.development.js:[2m874:13[22m[39m

[31mThis error originated in "[1msrc/tests/renderer/MarkdownContent.test.tsx[22m" test file. It doesn't mean the error was thrown inside the file itself, but while it was running.[39m
[31mThe latest test that might've caused the error is "[1mfalls back to text language when shiki does not support the language[22m". It might mean one of the following:
- The error was thrown, while Vitest was running this test.
- If the error occurred after the test had been completed, this was the last documented test before it was thrown.[39m

[31m⎯⎯⎯⎯⎯[39m[1m[41m Uncaught Exception [49m[22m[31m⎯⎯⎯⎯⎯[39m
[31m[1mError[22m: Rendered more hooks than during the previous render.[39m
[90m [2m❯[22m updateWorkInProgressHook node_modules/react-dom/cjs/react-dom-client.development.js:[2m7848:17[22m[39m
[90m [2m❯[22m updateMemo node_modules/react-dom/cjs/react-dom-client.development.js:[2m8790:18[22m[39m
[90m [2m❯[22m Object.useMemo node_modules/react-dom/cjs/react-dom-client.development.js:[2m26484:18[22m[39m
[90m [2m❯[22m process.env.NODE_ENV.exports.useMemo node_modules/react/cjs/react.development.js:[2m1251:34[22m[39m
[36m [2m❯[22m CodeBlockWithShiki src/renderer/src/components/chat/MarkdownContent.tsx:[2m190:25[22m[39m
    [90m188|[39m   // While Shiki is generally safe (only produces <span> elements), a …
    [90m189|[39m   // Shiki version, a malicious language grammar, or cache poisoning c…
    [90m190|[39m   [35mconst[39m sanitizedHtml [33m=[39m [34museMemo[39m(() [33m=>[39m [33mDOMPurify[39m[33m.[39m[34msanitize[39m(html)[33m,[39m [html])
    [90m   |[39m                         [31m^[39m
    [90m191|[39m
    [90m192|[39m   [35mreturn[39m (
[90m [2m❯[22m Object.react_stack_bottom_frame node_modules/react-dom/cjs/react-dom-client.development.js:[2m25904:20[22m[39m
[90m [2m❯[22m renderWithHooks node_modules/react-dom/cjs/react-dom-client.development.js:[2m7662:22[22m[39m
[90m [2m❯[22m updateFunctionComponent node_modules/react-dom/cjs/react-dom-client.development.js:[2m10166:19[22m[39m
[90m [2m❯[22m beginWork node_modules/react-dom/cjs/react-dom-client.development.js:[2m11778:18[22m[39m
[90m [2m❯[22m runWithFiberInDEV node_modules/react-dom/cjs/react-dom-client.development.js:[2m874:13[22m[39m

[31mThis error originated in "[1msrc/tests/renderer/MarkdownContent.test.tsx[22m" test file. It doesn't mean the error was thrown inside the file itself, but while it was running.[39m
[31mThe latest test that might've caused the error is "[1mrenders multiple code blocks independently[22m". It might mean one of the following:
- The error was thrown, while Vitest was running this test.
- If the error occurred after the test had been completed, this was the last documented test before it was thrown.[39m

[31m⎯⎯⎯⎯⎯[39m[1m[41m Uncaught Exception [49m[22m[31m⎯⎯⎯⎯⎯[39m
[31m[1mError[22m: Rendered more hooks than during the previous render.[39m
[90m [2m❯[22m updateWorkInProgressHook node_modules/react-dom/cjs/react-dom-client.development.js:[2m7848:17[22m[39m
[90m [2m❯[22m updateMemo node_modules/react-dom/cjs/react-dom-client.development.js:[2m8790:18[22m[39m
[90m [2m❯[22m Object.useMemo node_modules/react-dom/cjs/react-dom-client.development.js:[2m26484:18[22m[39m
[90m [2m❯[22m process.env.NODE_ENV.exports.useMemo node_modules/react/cjs/react.development.js:[2m1251:34[22m[39m
[36m [2m❯[22m CodeBlockWithShiki src/renderer/src/components/chat/MarkdownContent.tsx:[2m190:25[22m[39m
    [90m188|[39m   // While Shiki is generally safe (only produces <span> elements), a …
    [90m189|[39m   // Shiki version, a malicious language grammar, or cache poisoning c…
    [90m190|[39m   [35mconst[39m sanitizedHtml [33m=[39m [34museMemo[39m(() [33m=>[39m [33mDOMPurify[39m[33m.[39m[34msanitize[39m(html)[33m,[39m [html])
    [90m   |[39m                         [31m^[39m
    [90m191|[39m
    [90m192|[39m   [35mreturn[39m (
[90m [2m❯[22m Object.react_stack_bottom_frame node_modules/react-dom/cjs/react-dom-client.development.js:[2m25904:20[22m[39m
[90m [2m❯[22m renderWithHooks node_modules/react-dom/cjs/react-dom-client.development.js:[2m7662:22[22m[39m
[90m [2m❯[22m updateFunctionComponent node_modules/react-dom/cjs/react-dom-client.development.js:[2m10166:19[22m[39m
[90m [2m❯[22m beginWork node_modules/react-dom/cjs/react-dom-client.development.js:[2m11778:18[22m[39m
[90m [2m❯[22m runWithFiberInDEV node_modules/react-dom/cjs/react-dom-client.development.js:[2m874:13[22m[39m

[31mThis error originated in "[1msrc/tests/renderer/MarkdownContent.test.tsx[22m" test file. It doesn't mean the error was thrown inside the file itself, but while it was running.[39m
[31mThe latest test that might've caused the error is "[1mrenders different code blocks independently (different cache keys)[22m". It might mean one of the following:
- The error was thrown, while Vitest was running this test.
- If the error occurred after the test had been completed, this was the last documented test before it was thrown.[39m

[31m⎯⎯⎯⎯⎯[39m[1m[41m Uncaught Exception [49m[22m[31m⎯⎯⎯⎯⎯[39m
[31m[1mError[22m: Rendered more hooks than during the previous render.[39m
[90m [2m❯[22m updateWorkInProgressHook node_modules/react-dom/cjs/react-dom-client.development.js:[2m7848:17[22m[39m
[90m [2m❯[22m updateMemo node_modules/react-dom/cjs/react-dom-client.development.js:[2m8790:18[22m[39m
[90m [2m❯[22m Object.useMemo node_modules/react-dom/cjs/react-dom-client.development.js:[2m26484:18[22m[39m
[90m [2m❯[22m process.env.NODE_ENV.exports.useMemo node_modules/react/cjs/react.development.js:[2m1251:34[22m[39m
[36m [2m❯[22m CodeBlockWithShiki src/renderer/src/components/chat/MarkdownContent.tsx:[2m190:25[22m[39m
    [90m188|[39m   // While Shiki is generally safe (only produces <span> elements), a …
    [90m189|[39m   // Shiki version, a malicious language grammar, or cache poisoning c…
    [90m190|[39m   [35mconst[39m sanitizedHtml [33m=[39m [34museMemo[39m(() [33m=>[39m [33mDOMPurify[39m[33m.[39m[34msanitize[39m(html)[33m,[39m [html])
    [90m   |[39m                         [31m^[39m
    [90m191|[39m
    [90m192|[39m   [35mreturn[39m (
[90m [2m❯[22m Object.react_stack_bottom_frame node_modules/react-dom/cjs/react-dom-client.development.js:[2m25904:20[22m[39m
[90m [2m❯[22m renderWithHooks node_modules/react-dom/cjs/react-dom-client.development.js:[2m7662:22[22m[39m
[90m [2m❯[22m updateFunctionComponent node_modules/react-dom/cjs/react-dom-client.development.js:[2m10166:19[22m[39m
[90m [2m❯[22m beginWork node_modules/react-dom/cjs/react-dom-client.development.js:[2m11778:18[22m[39m
[90m [2m❯[22m runWithFiberInDEV node_modules/react-dom/cjs/react-dom-client.development.js:[2m874:13[22m[39m

[31mThis error originated in "[1msrc/tests/renderer/MarkdownContent.test.tsx[22m" test file. It doesn't mean the error was thrown inside the file itself, but while it was running.[39m
[31mThe latest test that might've caused the error is "[1mrenders different code blocks independently (different cache keys)[22m". It might mean one of the following:
- The error was thrown, while Vitest was running this test.
- If the error occurred after the test had been completed, this was the last documented test before it was thrown.[39m
[31m⎯⎯⎯⎯⎯⎯⎯⎯⎯⎯⎯⎯⎯⎯⎯⎯⎯⎯⎯⎯⎯⎯⎯⎯⎯⎯⎯⎯⎯⎯[39m


[2m Test Files [22m [1m[31m2 failed[39m[22m[2m | [22m[1m[32m64 passed[39m[22m[90m (66)[39m
[2m      Tests [22m [1m[31m5 failed[39m[22m[2m | [22m[1m[32m1448 passed[39m[22m[90m (1453)[39m
[2m     Errors [22m [1m[31m7 errors[39m[22m
[2m   Start at [22m 22:49:21
[2m   Duration [22m 379.53s[2m (transform 6.28s, setup 24.72s, import 4237.26s, tests 21.72s, environment 158.81s)[22m

error: script "test" exited with code 1
